../Core/Src/main.c:97:5:main	160	static
../Core/Src/main.c:199:6:SystemClock_Config	96	static
../Core/Src/main.c:249:13:MX_I2C1_Init	8	static
../Core/Src/main.c:297:13:MX_I2C3_Init	8	static
../Core/Src/main.c:345:13:MX_SPI1_Init	8	static
../Core/Src/main.c:385:13:MX_GPIO_Init	40	static
../Core/Src/main.c:438:6:BMP180_all	16	static
../Core/Src/main.c:460:6:MPU6050_all	16	static
../Core/Src/main.c:482:6:BUZZER_blink	16	static
../Core/Src/main.c:503:6:LED_blink	16	static
../Core/Src/main.c:526:6:SD_Handle	16	static
../Core/Src/main.c:543:6:Error_Handler	4	static,ignoring_inline_asm
