Archive member included to satisfy reference by file (symbol)

/opt/st/stm32cubeide_1.13.2/plugins/com.st.stm32cube.ide.mcu.externaltools.gnu-tools-for-stm32.11.3.rel1.linux64_1.1.1.202309131626/tools/bin/../lib/gcc/arm-none-eabi/11.3.1/../../../../arm-none-eabi/lib/thumb/v7e-m+fp/hard/libc_nano.a(libc_a-exit.o)
                              /opt/st/stm32cubeide_1.13.2/plugins/com.st.stm32cube.ide.mcu.externaltools.gnu-tools-for-stm32.11.3.rel1.linux64_1.1.1.202309131626/tools/bin/../lib/gcc/arm-none-eabi/11.3.1/../../../../arm-none-eabi/lib/thumb/v7e-m+fp/hard/crt0.o (exit)
/opt/st/stm32cubeide_1.13.2/plugins/com.st.stm32cube.ide.mcu.externaltools.gnu-tools-for-stm32.11.3.rel1.linux64_1.1.1.202309131626/tools/bin/../lib/gcc/arm-none-eabi/11.3.1/../../../../arm-none-eabi/lib/thumb/v7e-m+fp/hard/libc_nano.a(libc_a-findfp.o)
                              /opt/st/stm32cubeide_1.13.2/plugins/com.st.stm32cube.ide.mcu.externaltools.gnu-tools-for-stm32.11.3.rel1.linux64_1.1.1.202309131626/tools/bin/../lib/gcc/arm-none-eabi/11.3.1/../../../../arm-none-eabi/lib/thumb/v7e-m+fp/hard/libc_nano.a(libc_a-exit.o) (__stdio_exit_handler)
/opt/st/stm32cubeide_1.13.2/plugins/com.st.stm32cube.ide.mcu.externaltools.gnu-tools-for-stm32.11.3.rel1.linux64_1.1.1.202309131626/tools/bin/../lib/gcc/arm-none-eabi/11.3.1/../../../../arm-none-eabi/lib/thumb/v7e-m+fp/hard/libc_nano.a(libc_a-fwalk.o)
                              /opt/st/stm32cubeide_1.13.2/plugins/com.st.stm32cube.ide.mcu.externaltools.gnu-tools-for-stm32.11.3.rel1.linux64_1.1.1.202309131626/tools/bin/../lib/gcc/arm-none-eabi/11.3.1/../../../../arm-none-eabi/lib/thumb/v7e-m+fp/hard/libc_nano.a(libc_a-findfp.o) (_fwalk_sglue)
/opt/st/stm32cubeide_1.13.2/plugins/com.st.stm32cube.ide.mcu.externaltools.gnu-tools-for-stm32.11.3.rel1.linux64_1.1.1.202309131626/tools/bin/../lib/gcc/arm-none-eabi/11.3.1/../../../../arm-none-eabi/lib/thumb/v7e-m+fp/hard/libc_nano.a(libc_a-sprintf.o)
                              ./Core/Src/SD_Handler.o (sprintf)
/opt/st/stm32cubeide_1.13.2/plugins/com.st.stm32cube.ide.mcu.externaltools.gnu-tools-for-stm32.11.3.rel1.linux64_1.1.1.202309131626/tools/bin/../lib/gcc/arm-none-eabi/11.3.1/../../../../arm-none-eabi/lib/thumb/v7e-m+fp/hard/libc_nano.a(libc_a-stdio.o)
                              /opt/st/stm32cubeide_1.13.2/plugins/com.st.stm32cube.ide.mcu.externaltools.gnu-tools-for-stm32.11.3.rel1.linux64_1.1.1.202309131626/tools/bin/../lib/gcc/arm-none-eabi/11.3.1/../../../../arm-none-eabi/lib/thumb/v7e-m+fp/hard/libc_nano.a(libc_a-findfp.o) (__sread)
/opt/st/stm32cubeide_1.13.2/plugins/com.st.stm32cube.ide.mcu.externaltools.gnu-tools-for-stm32.11.3.rel1.linux64_1.1.1.202309131626/tools/bin/../lib/gcc/arm-none-eabi/11.3.1/../../../../arm-none-eabi/lib/thumb/v7e-m+fp/hard/libc_nano.a(libc_a-memset.o)
                              /opt/st/stm32cubeide_1.13.2/plugins/com.st.stm32cube.ide.mcu.externaltools.gnu-tools-for-stm32.11.3.rel1.linux64_1.1.1.202309131626/tools/bin/../lib/gcc/arm-none-eabi/11.3.1/../../../../arm-none-eabi/lib/thumb/v7e-m+fp/hard/crt0.o (memset)
/opt/st/stm32cubeide_1.13.2/plugins/com.st.stm32cube.ide.mcu.externaltools.gnu-tools-for-stm32.11.3.rel1.linux64_1.1.1.202309131626/tools/bin/../lib/gcc/arm-none-eabi/11.3.1/../../../../arm-none-eabi/lib/thumb/v7e-m+fp/hard/libc_nano.a(libc_a-closer.o)
                              /opt/st/stm32cubeide_1.13.2/plugins/com.st.stm32cube.ide.mcu.externaltools.gnu-tools-for-stm32.11.3.rel1.linux64_1.1.1.202309131626/tools/bin/../lib/gcc/arm-none-eabi/11.3.1/../../../../arm-none-eabi/lib/thumb/v7e-m+fp/hard/libc_nano.a(libc_a-stdio.o) (_close_r)
/opt/st/stm32cubeide_1.13.2/plugins/com.st.stm32cube.ide.mcu.externaltools.gnu-tools-for-stm32.11.3.rel1.linux64_1.1.1.202309131626/tools/bin/../lib/gcc/arm-none-eabi/11.3.1/../../../../arm-none-eabi/lib/thumb/v7e-m+fp/hard/libc_nano.a(libc_a-reent.o)
                              /opt/st/stm32cubeide_1.13.2/plugins/com.st.stm32cube.ide.mcu.externaltools.gnu-tools-for-stm32.11.3.rel1.linux64_1.1.1.202309131626/tools/bin/../lib/gcc/arm-none-eabi/11.3.1/../../../../arm-none-eabi/lib/thumb/v7e-m+fp/hard/libc_nano.a(libc_a-closer.o) (errno)
/opt/st/stm32cubeide_1.13.2/plugins/com.st.stm32cube.ide.mcu.externaltools.gnu-tools-for-stm32.11.3.rel1.linux64_1.1.1.202309131626/tools/bin/../lib/gcc/arm-none-eabi/11.3.1/../../../../arm-none-eabi/lib/thumb/v7e-m+fp/hard/libc_nano.a(libc_a-impure.o)
                              /opt/st/stm32cubeide_1.13.2/plugins/com.st.stm32cube.ide.mcu.externaltools.gnu-tools-for-stm32.11.3.rel1.linux64_1.1.1.202309131626/tools/bin/../lib/gcc/arm-none-eabi/11.3.1/../../../../arm-none-eabi/lib/thumb/v7e-m+fp/hard/libc_nano.a(libc_a-sprintf.o) (_impure_ptr)
/opt/st/stm32cubeide_1.13.2/plugins/com.st.stm32cube.ide.mcu.externaltools.gnu-tools-for-stm32.11.3.rel1.linux64_1.1.1.202309131626/tools/bin/../lib/gcc/arm-none-eabi/11.3.1/../../../../arm-none-eabi/lib/thumb/v7e-m+fp/hard/libc_nano.a(libc_a-lseekr.o)
[...]
Memory Configuration

Name             Origin             Length             Attributes
RAM              0x0000000020000000 0x0000000000010000 xrw
RAM2             0x0000000010000000 0x0000000000004000 xrw
FLASH            0x0000000008000000 0x0000000000040000 xr
*default*        0x0000000000000000 0xffffffffffffffff

Linker script and memory map

LOAD /opt/st/stm32cubeide_1.13.2/plugins/com.st.stm32cube.ide.mcu.externaltools.gnu-tools-for-stm32.11.3.rel1.linux64_1.1.1.202309131626/tools/bin/../lib/gcc/arm-none-eabi/11.3.1/thumb/v7e-m+fp/hard/crti.o
LOAD /opt/st/stm32cubeide_1.13.2/plugins/com.st.stm32cube.ide.mcu.externaltools.gnu-tools-for-stm32.11.3.rel1.linux64_1.1.1.202309131626/tools/bin/../lib/gcc/arm-none-eabi/11.3.1/thumb/v7e-m+fp/hard/crtbegin.o
LOAD /opt/st/stm32cubeide_1.13.2/plugins/com.st.stm32cube.ide.mcu.externaltools.gnu-tools-for-stm32.11.3.rel1.linux64_1.1.1.202309131626/tools/bin/../lib/gcc/arm-none-eabi/11.3.1/../../../../arm-none-eabi/lib/thumb/v7e-m+fp/hard/crt0.o
LOAD ./Core/Src/BMP180.o
LOAD ./Core/Src/BUZZER.o
LOAD ./Core/Src/File_Handling.o
LOAD ./Core/Src/INA219.o
LOAD ./Core/Src/LED.o
LOAD ./Core/Src/MPU6050.o
LOAD ./Core/Src/SD_Handler.o
LOAD ./Core/Src/fatfs_sd_card.o
LOAD ./Core/Src/main.o
LOAD ./Core/Src/stm32l4xx_hal_msp.o
LOAD ./Core/Src/stm32l4xx_it.o
LOAD ./Core/Src/syscalls.o
LOAD ./Core/Src/sysmem.o
LOAD ./Core/Src/system_stm32l4xx.o
LOAD ./Core/Startup/startup_stm32l432kcux.o
LOAD ./Drivers/STM32L4xx_HAL_Driver/Src/stm32l4xx_hal.o
LOAD ./Drivers/STM32L4xx_HAL_Driver/Src/stm32l4xx_hal_cortex.o
LOAD ./Drivers/STM32L4xx_HAL_Driver/Src/stm32l4xx_hal_dma.o
LOAD ./Drivers/STM32L4xx_HAL_Driver/Src/stm32l4xx_hal_dma_ex.o
LOAD ./Drivers/STM32L4xx_HAL_Driver/Src/stm32l4xx_hal_exti.o
LOAD ./Drivers/STM32L4xx_HAL_Driver/Src/stm32l4xx_hal_flash.o
LOAD ./Drivers/STM32L4xx_HAL_Driver/Src/stm32l4xx_hal_flash_ex.o
LOAD ./Drivers/STM32L4xx_HAL_Driver/Src/stm32l4xx_hal_flash_ramfunc.o
LOAD ./Drivers/STM32L4xx_HAL_Driver/Src/stm32l4xx_hal_gpio.o
LOAD ./Drivers/STM32L4xx_HAL_Driver/Src/stm32l4xx_hal_i2c.o
LOAD ./Drivers/STM32L4xx_HAL_Driver/Src/stm32l4xx_hal_i2c_ex.o
LOAD ./Drivers/STM32L4xx_HAL_Driver/Src/stm32l4xx_hal_pwr.o
LOAD ./Drivers/STM32L4xx_HAL_Driver/Src/stm32l4xx_hal_pwr_ex.o
LOAD ./Drivers/STM32L4xx_HAL_Driver/Src/stm32l4xx_hal_rcc.o
LOAD ./Drivers/STM32L4xx_HAL_Driver/Src/stm32l4xx_hal_rcc_ex.o
LOAD ./Drivers/STM32L4xx_HAL_Driver/Src/stm32l4xx_hal_spi.o
LOAD ./Drivers/STM32L4xx_HAL_Driver/Src/stm32l4xx_hal_spi_ex.o
LOAD ./Drivers/STM32L4xx_HAL_Driver/Src/stm32l4xx_hal_tim.o
LOAD ./Drivers/STM32L4xx_HAL_Driver/Src/stm32l4xx_hal_tim_ex.o
LOAD ./FATFS/App/fatfs.o
LOAD ./FATFS/Target/user_diskio.o
LOAD ./Middlewares/Third_Party/FatFs/src/diskio.o
LOAD ./Middlewares/Third_Party/FatFs/src/ff.o
LOAD ./Middlewares/Third_Party/FatFs/src/ff_gen_drv.o
LOAD ./Middlewares/Third_Party/FatFs/src/option/ccsbcs.o
LOAD ./Middlewares/Third_Party/FatFs/src/option/syscall.o
START GROUP
LOAD /opt/st/stm32cubeide_1.13.2/plugins/com.st.stm32cube.ide.mcu.externaltools.gnu-tools-for-stm32.11.3.rel1.linux64_1.1.1.202309131626/tools/bin/../lib/gcc/arm-none-eabi/11.3.1/../../../../arm-none-eabi/lib/thumb/v7e-m+fp/hard/libc_nano.a
LOAD /opt/st/stm32cubeide_1.13.2/plugins/com.st.stm32cube.ide.mcu.externaltools.gnu-tools-for-stm32.11.3.rel1.linux64_1.1.1.202309131626/tools/bin/../lib/gcc/arm-none-eabi/11.3.1/../../../../arm-none-eabi/lib/thumb/v7e-m+fp/hard/libm.a
END GROUP
START GROUP
LOAD /opt/st/stm32cubeide_1.13.2/plugins/com.st.stm32cube.ide.mcu.externaltools.gnu-tools-for-stm32.11.3.rel1.linux64_1.1.1.202309131626/tools/bin/../lib/gcc/arm-none-eabi/11.3.1/thumb/v7e-m+fp/hard/libgcc.a
LOAD /opt/st/stm32cubeide_1.13.2/plugins/com.st.stm32cube.ide.mcu.externaltools.gnu-tools-for-stm32.11.3.rel1.linux64_1.1.1.202309131626/tools/bin/../lib/gcc/arm-none-eabi/11.3.1/../../../../arm-none-eabi/lib/thumb/v7e-m+fp/hard/libc_nano.a
END GROUP
START GROUP
LOAD /opt/st/stm32cubeide_1.13.2/plugins/com.st.stm32cube.ide.mcu.externaltools.gnu-tools-for-stm32.11.3.rel1.linux64_1.1.1.202309131626/tools/bin/../lib/gcc/arm-none-eabi/11.3.1/thumb/v7e-m+fp/hard/libgcc.a
LOAD /opt/st/stm32cubeide_1.13.2/plugins/com.st.stm32cube.ide.mcu.externaltools.gnu-tools-for-stm32.11.3.rel1.linux64_1.1.1.202309131626/tools/bin/../lib/gcc/arm-none-eabi/11.3.1/../../../../arm-none-eabi/lib/thumb/v7e-m+fp/hard/libc_nano.a
LOAD /opt/st/stm32cubeide_1.13.2/plugins/com.st.stm32cube.ide.mcu.externaltools.gnu-tools-for-stm32.11.3.rel1.linux64_1.1.1.202309131626/tools/bin/../lib/gcc/arm-none-eabi/11.3.1/../../../../arm-none-eabi/lib/thumb/v7e-m+fp/hard/libnosys.a
END GROUP
START GROUP
LOAD /opt/st/stm32cubeide_1.13.2/plugins/com.st.stm32cube.ide.mcu.externaltools.gnu-tools-for-stm32.11.3.rel1.linux64_1.1.1.202309131626/tools/bin/../lib/gcc/arm-none-eabi/11.3.1/thumb/v7e-m+fp/hard/libgcc.a
LOAD /opt/st/stm32cubeide_1.13.2/plugins/com.st.stm32cube.ide.mcu.externaltools.gnu-tools-for-stm32.11.3.rel1.linux64_1.1.1.202309131626/tools/bin/../lib/gcc/arm-none-eabi/11.3.1/../../../../arm-none-eabi/lib/thumb/v7e-m+fp/hard/libc_nano.a
LOAD /opt/st/stm32cubeide_1.13.2/plugins/com.st.stm32cube.ide.mcu.externaltools.gnu-tools-for-stm32.11.3.rel1.linux64_1.1.1.202309131626/tools/bin/../lib/gcc/arm-none-eabi/11.3.1/../../../../arm-none-eabi/lib/thumb/v7e-m+fp/hard/libnosys.a
END GROUP
LOAD /opt/st/stm32cubeide_1.13.2/plugins/com.st.stm32cube.ide.mcu.externaltools.gnu-tools-for-stm32.11.3.rel1.linux64_1.1.1.202309131626/tools/bin/../lib/gcc/arm-none-eabi/11.3.1/thumb/v7e-m+fp/hard/crtend.o
LOAD /opt/st/stm32cubeide_1.13.2/plugins/com.st.stm32cube.ide.mcu.externaltools.gnu-tools-for-stm32.11.3.rel1.linux64_1.1.1.202309131626/tools/bin/../lib/gcc/arm-none-eabi/11.3.1/thumb/v7e-m+fp/hard/crtn.o
                0x0000000020010000                _estack = (ORIGIN (RAM) + LENGTH (RAM))
                0x0000000000000200                _Min_Heap_Size = 0x200
                0x0000000000000400                _Min_Stack_Size = 0x400

.isr_vector     0x0000000008000000      0x18c
                0x0000000008000000                . = ALIGN (0x4)
 *(.isr_vector)
 .isr_vector    0x0000000008000000      0x18c ./Core/Startup/startup_stm32l432kcux.o
                0x0000000008000000                g_pfnVectors
                0x000000000800018c                . = ALIGN (0x4)

.text           0x0000000008000190     0xa384
                0x0000000008000190                . = ALIGN (0x4)
 *(.text)
 .text          0x0000000008000190       0x40 /opt/st/stm32cubeide_1.13.2/plugins/com.st.stm32cube.ide.mcu.externaltools.gnu-tools-for-stm32.11.3.rel1.linux64_1.1.1.202309131626/tools/bin/../lib/gcc/arm-none-eabi/11.3.1/thumb/v7e-m+fp/hard/crtbegin.o
 .text          0x00000000080001d0       0x10 /opt/st/stm32cubeide_1.13.2/plugins/com.st.stm32cube.ide.mcu.externaltools.gnu-tools-for-stm32.11.3.rel1.linux64_1.1.1.202309131626/tools/bin/../lib/gcc/arm-none-eabi/11.3.1/../../../../arm-none-eabi/lib/thumb/v7e-m+fp/hard/libc_nano.a(libc_a-strlen.o)
                0x00000000080001d0                strlen
 .text          0x00000000080001e0       0xa0 /opt/st/stm32cubeide_1.13.2/plugins/com.st.stm32cube.ide.mcu.externaltools.gnu-tools-for-stm32.11.3.rel1.linux64_1.1.1.202309131626/tools/bin/../lib/gcc/arm-none-eabi/11.3.1/../../../../arm-none-eabi/lib/thumb/v7e-m+fp/hard/libc_nano.a(libc_a-memchr.o)
                0x00000000080001e0                memchr
 .text          0x0000000008000280      0x378 /opt/st/stm32cubeide_1.13.2/plugins/com.st.stm32cube.ide.mcu.externaltools.gnu-tools-for-stm32.11.3.rel1.linux64_1.1.1.202309131626/tools/bin/../lib/gcc/arm-none-eabi/11.3.1/thumb/v7e-m+fp/hard/libgcc.a(_arm_addsubdf3.o)
                0x0000000008000280                __aeabi_drsub
                0x0000000008000288                __aeabi_dsub
                0x0000000008000288                __subdf3
                0x000000000800028c                __adddf3
                0x000000000800028c                __aeabi_dadd
                0x0000000008000504                __aeabi_ui2d
                0x0000000008000504                __floatunsidf
                0x0000000008000524                __floatsidf
                0x0000000008000524                __aeabi_i2d
                0x0000000008000548                __extendsfdf2
                0x0000000008000548                __aeabi_f2d
                0x000000000800058c                __aeabi_ul2d
                0x000000000800058c                __floatundidf
                0x000000000800059c                __floatdidf
                0x000000000800059c                __aeabi_l2d
 .text          0x00000000080005f8      0x424 /opt/st/stm32cubeide_1.13.2/plugins/com.st.stm32cube.ide.mcu.externaltools.gnu-tools-for-stm32.11.3.rel1.linux64_1.1.1.202309131626/tools/bin/../lib/gcc/arm-none-eabi/11.3.1/thumb/v7e-m+fp/hard/libgcc.a(_arm_muldivdf3.o)
                0x00000000080005f8                __aeabi_dmul
                0x00000000080005f8                __muldf3
                0x000000000800084c                __aeabi_ddiv
                0x000000000800084c                __divdf3
 .text          0x0000000008000a1c      0x110 /opt/st/stm32cubeide_1.13.2/plugins/com.st.stm32cube.ide.mcu.externaltools.gnu-tools-for-stm32.11.3.rel1.linux64_1.1.1.202309131626/tools/bin/../lib/gcc/arm-none-eabi/11.3.1/thumb/v7e-m+fp/hard/libgcc.a(_arm_cmpdf2.o)
                0x0000000008000a1c                __gtdf2
                0x0000000008000a1c                __gedf2
                0x0000000008000a24                __ltdf2
                0x0000000008000a24                __ledf2
                0x0000000008000a2c                __cmpdf2
                0x0000000008000a2c                __eqdf2
                0x0000000008000a2c                __nedf2
                0x0000000008000aa8                __aeabi_cdrcmple
                0x0000000008000ab8                __aeabi_cdcmple
                0x0000000008000ab8                __aeabi_cdcmpeq
                0x0000000008000ac8                __aeabi_dcmpeq
                0x0000000008000adc                __aeabi_dcmplt
                0x0000000008000af0                __aeabi_dcmple
                0x0000000008000b04                __aeabi_dcmpge
                0x0000000008000b18                __aeabi_dcmpgt
 .text          0x0000000008000b2c       0x2c /opt/st/stm32cubeide_1.13.2/plugins/com.st.stm32cube.ide.mcu.externaltools.gnu-tools-for-stm32.11.3.rel1.linux64_1.1.1.202309131626/tools/bin/../lib/gcc/arm-none-eabi/11.3.1/thumb/v7e-m+fp/hard/libgcc.a(_arm_unorddf2.o)
                0x0000000008000b2c                __aeabi_dcmpun
                0x0000000008000b2c                __unorddf2
 .text          0x0000000008000b58       0x50 /opt/st/stm32cubeide_1.13.2/plugins/com.st.stm32cube.ide.mcu.externaltools.gnu-tools-for-stm32.11.3.rel1.linux64_1.1.1.202309131626/tools/bin/../lib/gcc/arm-none-eabi/11.3.1/thumb/v7e-m+fp/hard/libgcc.a(_arm_fixdfsi.o)
                0x0000000008000b58                __fixdfsi
                0x0000000008000b58                __aeabi_d2iz
 .text          0x0000000008000ba8       0x40 /opt/st/stm32cubeide_1.13.2/plugins/com.st.stm32cube.ide.mcu.externaltools.gnu-tools-for-stm32.11.3.rel1.linux64_1.1.1.202309131626/tools/bin/../lib/gcc/arm-none-eabi/11.3.1/thumb/v7e-m+fp/hard/libgcc.a(_arm_fixunsdfsi.o)
                0x0000000008000ba8                __fixunsdfsi
                0x0000000008000ba8                __aeabi_d2uiz
 .text          0x0000000008000be8       0xa0 /opt/st/stm32cubeide_1.13.2/plugins/com.st.stm32cube.ide.mcu.externaltools.gnu-tools-for-stm32.11.3.rel1.linux64_1.1.1.202309131626/tools/bin/../lib/gcc/arm-none-eabi/11.3.1/thumb/v7e-m+fp/hard/libgcc.a(_arm_truncdfsf2.o)
                0x0000000008000be8                __aeabi_d2f
                0x0000000008000be8                __truncdfsf2
 *(.text*)
 .text.read_callibration_data
                0x0000000008000c88      0x140 ./Core/Src/BMP180.o
                0x0000000008000c88                read_callibration_data
 .text.Get_UTemp
                0x0000000008000dc8       0x78 ./Core/Src/BMP180.o
                0x0000000008000dc8                Get_UTemp
 .text.BMP180_Get_Temp
                0x0000000008000e40      0x13c ./Core/Src/BMP180.o
                0x0000000008000e40                BMP180_Get_Temp
 .text.Get_UPress
                0x0000000008000f7c       0x88 ./Core/Src/BMP180.o
                0x0000000008000f7c                Get_UPress
 *fill*         0x0000000008001004        0x4 
 .text.BMP180_Get_Press
                0x0000000008001008      0x478 ./Core/Src/BMP180.o
                0x0000000008001008                BMP180_Get_Press
 .text.BMP180_Get_Alt
                0x0000000008001480       0x98 ./Core/Src/BMP180.o
                0x0000000008001480                BMP180_Get_Alt
 .text.BMP180_Init
                0x0000000008001518        0xc ./Core/Src/BMP180.o
                0x0000000008001518                BMP180_Init
 .text.BMP180_Read_All
                0x0000000008001524       0x20 ./Core/Src/BMP180.o
                0x0000000008001524                BMP180_Read_All
 .text.BUZZER_TurnOn
                0x0000000008001544       0x16 ./Core/Src/BUZZER.o
                0x0000000008001544                BUZZER_TurnOn
 .text.BUZZER_TurnOff
                0x000000000800155a       0x16 ./Core/Src/BUZZER.o
                0x000000000800155a                BUZZER_TurnOff
 .text.Mount_SD
                0x0000000008001570       0x2c ./Core/Src/File_Handling.o
                0x0000000008001570                Mount_SD
 .text.Unmount_SD
                0x000000000800159c       0x28 ./Core/Src/File_Handling.o
                0x000000000800159c                Unmount_SD
 .text.Create_File
                0x00000000080015c4       0x6c ./Core/Src/File_Handling.o
                0x00000000080015c4                Create_File
 .text.Update_File
                0x0000000008001630       0x8c ./Core/Src/File_Handling.o
                0x0000000008001630                Update_File
 .text.LED_TurnOn
                0x00000000080016bc       0x18 ./Core/Src/LED.o
                0x00000000080016bc                LED_TurnOn
 .text.MPU6050_Init
                0x00000000080016d4       0xa8 ./Core/Src/MPU6050.o
                0x00000000080016d4                MPU6050_Init
 *fill*         0x000000000800177c        0x4 
 .text.MPU6050_Read_Accel
                0x0000000008001780       0xd8 ./Core/Src/MPU6050.o
                0x0000000008001780                MPU6050_Read_Accel
 .text.MPU6050_Read_Temp
                0x0000000008001858       0x68 ./Core/Src/MPU6050.o
                0x0000000008001858                MPU6050_Read_Temp
 .text.init_SD_card
                0x00000000080018c0       0x28 ./Core/Src/SD_Handler.o
                0x00000000080018c0                init_SD_card
 .text.process_SD_card
                0x00000000080018e8      0x1ac ./Core/Src/SD_Handler.o
                0x00000000080018e8                process_SD_card
 .text.SELECT   0x0000000008001a94       0x1c ./Core/Src/fatfs_sd_card.o
 .text.DESELECT
                0x0000000008001ab0       0x1c ./Core/Src/fatfs_sd_card.o
 .text.SPI_TxByte
                0x0000000008001acc       0x34 ./Core/Src/fatfs_sd_card.o
 .text.SPI_TxBuffer
                0x0000000008001b00       0x34 ./Core/Src/fatfs_sd_card.o
 .text.SPI_RxByte
                0x0000000008001b34       0x38 ./Core/Src/fatfs_sd_card.o
 .text.SPI_RxBytePtr
                0x0000000008001b6c       0x1c ./Core/Src/fatfs_sd_card.o
 .text.SD_ReadyWait
                0x0000000008001b88       0x34 ./Core/Src/fatfs_sd_card.o
 .text.SD_PowerOn
                0x0000000008001bbc       0x84 ./Core/Src/fatfs_sd_card.o
 .text.SD_PowerOff
                0x0000000008001c40       0x18 ./Core/Src/fatfs_sd_card.o
 .text.SD_CheckPower
                0x0000000008001c58       0x18 ./Core/Src/fatfs_sd_card.o
 .text.SD_RxDataBlock
                0x0000000008001c70       0x5c ./Core/Src/fatfs_sd_card.o
 .text.SD_TxDataBlock
                0x0000000008001ccc       0x86 ./Core/Src/fatfs_sd_card.o
 .text.SD_SendCmd
                0x0000000008001d52       0xa8 ./Core/Src/fatfs_sd_card.o
 *fill*         0x0000000008001dfa        0x2 
 .text.SD_disk_initialize
                0x0000000008001dfc      0x1cc ./Core/Src/fatfs_sd_card.o
                0x0000000008001dfc                SD_disk_initialize
 .text.SD_disk_status
                0x0000000008001fc8       0x2c ./Core/Src/fatfs_sd_card.o
                0x0000000008001fc8                SD_disk_status
 .text.SD_disk_read
                0x0000000008001ff4       0xd4 ./Core/Src/fatfs_sd_card.o
                0x0000000008001ff4                SD_disk_read
 .text.SD_disk_write
                0x00000000080020c8      0x108 ./Core/Src/fatfs_sd_card.o
                0x00000000080020c8                SD_disk_write
 .text.SD_disk_ioctl
                0x00000000080021d0      0x258 ./Core/Src/fatfs_sd_card.o
                0x00000000080021d0                SD_disk_ioctl
 .text.main     0x0000000008002428       0x90 ./Core/Src/main.o
                0x0000000008002428                main
 .text.SystemClock_Config
                0x00000000080024b8       0xa2 ./Core/Src/main.o
                0x00000000080024b8                SystemClock_Config
 *fill*         0x000000000800255a        0x2 
 .text.MX_I2C1_Init
                0x000000000800255c       0x80 ./Core/Src/main.o
 .text.MX_I2C3_Init
                0x00000000080025dc       0x80 ./Core/Src/main.o
 .text.MX_SPI1_Init
                0x000000000800265c       0x7c ./Core/Src/main.o
 .text.MX_GPIO_Init
                0x00000000080026d8       0xcc ./Core/Src/main.o
 .text.Error_Handler
                0x00000000080027a4        0xa ./Core/Src/main.o
                0x00000000080027a4                Error_Handler
 *fill*         0x00000000080027ae        0x2 
 .text.HAL_MspInit
                0x00000000080027b0       0x48 ./Core/Src/stm32l4xx_hal_msp.o
                0x00000000080027b0                HAL_MspInit
 .text.HAL_I2C_MspInit
                0x00000000080027f8      0x1b4 ./Core/Src/stm32l4xx_hal_msp.o
                0x00000000080027f8                HAL_I2C_MspInit
 .text.HAL_SPI_MspInit
                0x00000000080029ac       0x88 ./Core/Src/stm32l4xx_hal_msp.o
                0x00000000080029ac                HAL_SPI_MspInit
 .text.NMI_Handler
                0x0000000008002a34        0x6 ./Core/Src/stm32l4xx_it.o
                0x0000000008002a34                NMI_Handler
 .text.HardFault_Handler
                0x0000000008002a3a        0x6 ./Core/Src/stm32l4xx_it.o
                0x0000000008002a3a                HardFault_Handler
 .text.MemManage_Handler
                0x0000000008002a40        0x6 ./Core/Src/stm32l4xx_it.o
                0x0000000008002a40                MemManage_Handler
 .text.BusFault_Handler
                0x0000000008002a46        0x6 ./Core/Src/stm32l4xx_it.o
                0x0000000008002a46                BusFault_Handler
 .text.UsageFault_Handler
                0x0000000008002a4c        0x6 ./Core/Src/stm32l4xx_it.o
                0x0000000008002a4c                UsageFault_Handler
 .text.SVC_Handler
                0x0000000008002a52        0xe ./Core/Src/stm32l4xx_it.o
                0x0000000008002a52                SVC_Handler
 .text.DebugMon_Handler
                0x0000000008002a60        0xe ./Core/Src/stm32l4xx_it.o
                0x0000000008002a60                DebugMon_Handler
 .text.PendSV_Handler
                0x0000000008002a6e        0xe ./Core/Src/stm32l4xx_it.o
                0x0000000008002a6e                PendSV_Handler
 .text.SysTick_Handler
                0x0000000008002a7c       0x3c ./Core/Src/stm32l4xx_it.o
                0x0000000008002a7c                SysTick_Handler
 .text._sbrk    0x0000000008002ab8       0x6c ./Core/Src/sysmem.o
                0x0000000008002ab8                _sbrk
 .text.SystemInit
                0x0000000008002b24       0x24 ./Core/Src/system_stm32l4xx.o
                0x0000000008002b24                SystemInit
 .text.Reset_Handler
                0x0000000008002b48       0x50 ./Core/Startup/startup_stm32l432kcux.o
                0x0000000008002b48                Reset_Handler
 .text.Default_Handler
                0x0000000008002b98        0x2 ./Core/Startup/startup_stm32l432kcux.o
                0x0000000008002b98                RTC_Alarm_IRQHandler
                0x0000000008002b98                EXTI2_IRQHandler
                0x0000000008002b98                TIM1_CC_IRQHandler
                0x0000000008002b98                TSC_IRQHandler
                0x0000000008002b98                TAMP_STAMP_IRQHandler
                0x0000000008002b98                EXTI3_IRQHandler
                0x0000000008002b98                LPTIM2_IRQHandler
                0x0000000008002b98                I2C3_ER_IRQHandler
                0x0000000008002b98                EXTI0_IRQHandler
                0x0000000008002b98                CAN1_RX0_IRQHandler
                0x0000000008002b98                FPU_IRQHandler
                0x0000000008002b98                TIM1_UP_TIM16_IRQHandler
                0x0000000008002b98                SPI1_IRQHandler
                0x0000000008002b98                TIM6_DAC_IRQHandler
                0x0000000008002b98                DMA2_Channel2_IRQHandler
                0x0000000008002b98                DMA1_Channel4_IRQHandler
                0x0000000008002b98                ADC1_IRQHandler
                0x0000000008002b98                DMA1_Channel7_IRQHandler
                0x0000000008002b98                CAN1_RX1_IRQHandler
                0x0000000008002b98                DMA2_Channel1_IRQHandler
                0x0000000008002b98                QUADSPI_IRQHandler
                0x0000000008002b98                I2C1_EV_IRQHandler
                0x0000000008002b98                DMA1_Channel6_IRQHandler
                0x0000000008002b98                DMA2_Channel4_IRQHandler
                0x0000000008002b98                RCC_IRQHandler
                0x0000000008002b98                TIM1_TRG_COM_IRQHandler
                0x0000000008002b98                DMA1_Channel1_IRQHandler
                0x0000000008002b98                Default_Handler
                0x0000000008002b98                DMA2_Channel7_IRQHandler
                0x0000000008002b98                EXTI15_10_IRQHandler
                0x0000000008002b98                TIM7_IRQHandler
                0x0000000008002b98                I2C3_EV_IRQHandler
                0x0000000008002b98                USB_IRQHandler
                0x0000000008002b98                EXTI9_5_IRQHandler
                0x0000000008002b98                RTC_WKUP_IRQHandler
                0x0000000008002b98                PVD_PVM_IRQHandler
                0x0000000008002b98                CAN1_TX_IRQHandler
                0x0000000008002b98                DMA2_Channel5_IRQHandler
                0x0000000008002b98                CRS_IRQHandler
                0x0000000008002b98                DMA1_Channel5_IRQHandler
                0x0000000008002b98                EXTI4_IRQHandler
                0x0000000008002b98                RNG_IRQHandler
                0x0000000008002b98                DMA1_Channel3_IRQHandler
                0x0000000008002b98                COMP_IRQHandler
                0x0000000008002b98                WWDG_IRQHandler
                0x0000000008002b98                LPUART1_IRQHandler
                0x0000000008002b98                DMA2_Channel6_IRQHandler
                0x0000000008002b98                TIM2_IRQHandler
                0x0000000008002b98                EXTI1_IRQHandler
                0x0000000008002b98                USART2_IRQHandler
                0x0000000008002b98                DMA1_Channel2_IRQHandler
                0x0000000008002b98                CAN1_SCE_IRQHandler
                0x0000000008002b98                FLASH_IRQHandler
                0x0000000008002b98                USART1_IRQHandler
                0x0000000008002b98                SPI3_IRQHandler
                0x0000000008002b98                I2C1_ER_IRQHandler
                0x0000000008002b98                SWPMI1_IRQHandler
                0x0000000008002b98                LPTIM1_IRQHandler
                0x0000000008002b98                SAI1_IRQHandler
                0x0000000008002b98                DMA2_Channel3_IRQHandler
                0x0000000008002b98                TIM1_BRK_TIM15_IRQHandler
 .text.HAL_Init
                0x0000000008002b9a       0x30 ./Drivers/STM32L4xx_HAL_Driver/Src/stm32l4xx_hal.o
                0x0000000008002b9a                HAL_Init
 *fill*         0x0000000008002bca        0x2 
 .text.HAL_InitTick
                0x0000000008002bcc       0x78 ./Drivers/STM32L4xx_HAL_Driver/Src/stm32l4xx_hal.o
                0x0000000008002bcc                HAL_InitTick
 .text.HAL_IncTick
                0x0000000008002c44       0x28 ./Drivers/STM32L4xx_HAL_Driver/Src/stm32l4xx_hal.o
                0x0000000008002c44                HAL_IncTick
 .text.HAL_GetTick
                0x0000000008002c6c       0x18 ./Drivers/STM32L4xx_HAL_Driver/Src/stm32l4xx_hal.o
                0x0000000008002c6c                HAL_GetTick
 .text.HAL_Delay
                0x0000000008002c84       0x48 ./Drivers/STM32L4xx_HAL_Driver/Src/stm32l4xx_hal.o
                0x0000000008002c84                HAL_Delay
 .text.__NVIC_SetPriorityGrouping
                0x0000000008002ccc       0x48 ./Drivers/STM32L4xx_HAL_Driver/Src/stm32l4xx_hal_cortex.o
 .text.__NVIC_GetPriorityGrouping
                0x0000000008002d14       0x1c ./Drivers/STM32L4xx_HAL_Driver/Src/stm32l4xx_hal_cortex.o
 .text.__NVIC_SetPriority
                0x0000000008002d30       0x54 ./Drivers/STM32L4xx_HAL_Driver/Src/stm32l4xx_hal_cortex.o
 .text.NVIC_EncodePriority
                0x0000000008002d84       0x66 ./Drivers/STM32L4xx_HAL_Driver/Src/stm32l4xx_hal_cortex.o
 *fill*         0x0000000008002dea        0x2 
 .text.SysTick_Config
                0x0000000008002dec       0x44 ./Drivers/STM32L4xx_HAL_Driver/Src/stm32l4xx_hal_cortex.o
 .text.HAL_NVIC_SetPriorityGrouping
                0x0000000008002e30       0x16 ./Drivers/STM32L4xx_HAL_Driver/Src/stm32l4xx_hal_cortex.o
                0x0000000008002e30                HAL_NVIC_SetPriorityGrouping
 .text.HAL_NVIC_SetPriority
                0x0000000008002e46       0x38 ./Drivers/STM32L4xx_HAL_Driver/Src/stm32l4xx_hal_cortex.o
                0x0000000008002e46                HAL_NVIC_SetPriority
 .text.HAL_SYSTICK_Config
                0x0000000008002e7e       0x18 ./Drivers/STM32L4xx_HAL_Driver/Src/stm32l4xx_hal_cortex.o
                0x0000000008002e7e                HAL_SYSTICK_Config
 *fill*         0x0000000008002e96        0x2 
 .text.HAL_GPIO_Init
                0x0000000008002e98      0x2d4 ./Drivers/STM32L4xx_HAL_Driver/Src/stm32l4xx_hal_gpio.o
                0x0000000008002e98                HAL_GPIO_Init
 .text.HAL_GPIO_WritePin
                0x000000000800316c       0x30 ./Drivers/STM32L4xx_HAL_Driver/Src/stm32l4xx_hal_gpio.o
                0x000000000800316c                HAL_GPIO_WritePin
 .text.HAL_I2C_Init
                0x000000000800319c      0x136 ./Drivers/STM32L4xx_HAL_Driver/Src/stm32l4xx_hal_i2c.o
                0x000000000800319c                HAL_I2C_Init
 *fill*         0x00000000080032d2        0x2 
 .text.HAL_I2C_Mem_Write
                0x00000000080032d4      0x228 ./Drivers/STM32L4xx_HAL_Driver/Src/stm32l4xx_hal_i2c.o
                0x00000000080032d4                HAL_I2C_Mem_Write
 .text.HAL_I2C_Mem_Read
                0x00000000080034fc      0x234 ./Drivers/STM32L4xx_HAL_Driver/Src/stm32l4xx_hal_i2c.o
                0x00000000080034fc                HAL_I2C_Mem_Read
 .text.I2C_RequestMemoryWrite
                0x0000000008003730       0xa8 ./Drivers/STM32L4xx_HAL_Driver/Src/stm32l4xx_hal_i2c.o
 .text.I2C_RequestMemoryRead
                0x00000000080037d8       0xa8 ./Drivers/STM32L4xx_HAL_Driver/Src/stm32l4xx_hal_i2c.o
 .text.I2C_Flush_TXDR
                0x0000000008003880       0x48 ./Drivers/STM32L4xx_HAL_Driver/Src/stm32l4xx_hal_i2c.o
 .text.I2C_WaitOnFlagUntilTimeout
                0x00000000080038c8       0x9e ./Drivers/STM32L4xx_HAL_Driver/Src/stm32l4xx_hal_i2c.o
 .text.I2C_WaitOnTXISFlagUntilTimeout
                0x0000000008003966       0x8e ./Drivers/STM32L4xx_HAL_Driver/Src/stm32l4xx_hal_i2c.o
 .text.I2C_WaitOnSTOPFlagUntilTimeout
                0x00000000080039f4       0x86 ./Drivers/STM32L4xx_HAL_Driver/Src/stm32l4xx_hal_i2c.o
 *fill*         0x0000000008003a7a        0x2 
 .text.I2C_IsErrorOccurred
                0x0000000008003a7c      0x1c0 ./Drivers/STM32L4xx_HAL_Driver/Src/stm32l4xx_hal_i2c.o
 .text.I2C_TransferConfig
                0x0000000008003c3c       0x64 ./Drivers/STM32L4xx_HAL_Driver/Src/stm32l4xx_hal_i2c.o
 .text.HAL_I2CEx_ConfigAnalogFilter
                0x0000000008003ca0       0x96 ./Drivers/STM32L4xx_HAL_Driver/Src/stm32l4xx_hal_i2c_ex.o
                0x0000000008003ca0                HAL_I2CEx_ConfigAnalogFilter
 .text.HAL_I2CEx_ConfigDigitalFilter
                0x0000000008003d36       0x98 ./Drivers/STM32L4xx_HAL_Driver/Src/stm32l4xx_hal_i2c_ex.o
                0x0000000008003d36                HAL_I2CEx_ConfigDigitalFilter
 *fill*         0x0000000008003dce        0x2 
 .text.HAL_PWREx_GetVoltageRange
                0x0000000008003dd0       0x1c ./Drivers/STM32L4xx_HAL_Driver/Src/stm32l4xx_hal_pwr_ex.o
                0x0000000008003dd0                HAL_PWREx_GetVoltageRange
 .text.HAL_PWREx_ControlVoltageScaling
                0x0000000008003dec       0xac ./Drivers/STM32L4xx_HAL_Driver/Src/stm32l4xx_hal_pwr_ex.o
                0x0000000008003dec                HAL_PWREx_ControlVoltageScaling
 .text.HAL_RCC_OscConfig
                0x0000000008003e98      0x828 ./Drivers/STM32L4xx_HAL_Driver/Src/stm32l4xx_hal_rcc.o
                0x0000000008003e98                HAL_RCC_OscConfig
 .text.HAL_RCC_ClockConfig
                0x00000000080046c0      0x200 ./Drivers/STM32L4xx_HAL_Driver/Src/stm32l4xx_hal_rcc.o
                0x00000000080046c0                HAL_RCC_ClockConfig
 .text.HAL_RCC_GetSysClockFreq
                0x00000000080048c0      0x118 ./Drivers/STM32L4xx_HAL_Driver/Src/stm32l4xx_hal_rcc.o
                0x00000000080048c0                HAL_RCC_GetSysClockFreq
 .text.RCC_SetFlashLatencyFromMSIRange
                0x00000000080049d8       0xc0 ./Drivers/STM32L4xx_HAL_Driver/Src/stm32l4xx_hal_rcc.o
 .text.HAL_RCCEx_PeriphCLKConfig
                0x0000000008004a98      0x3ec ./Drivers/STM32L4xx_HAL_Driver/Src/stm32l4xx_hal_rcc_ex.o
                0x0000000008004a98                HAL_RCCEx_PeriphCLKConfig
 .text.RCCEx_PLLSAI1_Config
                0x0000000008004e84      0x1e4 ./Drivers/STM32L4xx_HAL_Driver/Src/stm32l4xx_hal_rcc_ex.o
 .text.HAL_SPI_Init
                0x0000000008005068      0x146 ./Drivers/STM32L4xx_HAL_Driver/Src/stm32l4xx_hal_spi.o
                0x0000000008005068                HAL_SPI_Init
 .text.HAL_SPI_Transmit
                0x00000000080051ae      0x2ea ./Drivers/STM32L4xx_HAL_Driver/Src/stm32l4xx_hal_spi.o
                0x00000000080051ae                HAL_SPI_Transmit
 .text.HAL_SPI_TransmitReceive
                0x0000000008005498      0x444 ./Drivers/STM32L4xx_HAL_Driver/Src/stm32l4xx_hal_spi.o
                0x0000000008005498                HAL_SPI_TransmitReceive
 .text.SPI_WaitFlagStateUntilTimeout
                0x00000000080058dc      0x110 ./Drivers/STM32L4xx_HAL_Driver/Src/stm32l4xx_hal_spi.o
 .text.SPI_WaitFifoStateUntilTimeout
                0x00000000080059ec      0x12c ./Drivers/STM32L4xx_HAL_Driver/Src/stm32l4xx_hal_spi.o
 .text.SPI_EndRxTxTransaction
                0x0000000008005b18       0x8c ./Drivers/STM32L4xx_HAL_Driver/Src/stm32l4xx_hal_spi.o
 .text.MX_FATFS_Init
                0x0000000008005ba4       0x24 ./FATFS/App/fatfs.o
                0x0000000008005ba4                MX_FATFS_Init
 .text.get_fattime
                0x0000000008005bc8       0x10 ./FATFS/App/fatfs.o
                0x0000000008005bc8                get_fattime
 .text.USER_initialize
                0x0000000008005bd8       0x1c ./FATFS/Target/user_diskio.o
                0x0000000008005bd8                USER_initialize
 .text.USER_status
                0x0000000008005bf4       0x1c ./FATFS/Target/user_diskio.o
                0x0000000008005bf4                USER_status
 .text.USER_read
                0x0000000008005c10       0x26 ./FATFS/Target/user_diskio.o
                0x0000000008005c10                USER_read
 .text.USER_write
                0x0000000008005c36       0x26 ./FATFS/Target/user_diskio.o
                0x0000000008005c36                USER_write
 .text.USER_ioctl
                0x0000000008005c5c       0x26 ./FATFS/Target/user_diskio.o
                0x0000000008005c5c                USER_ioctl
 *fill*         0x0000000008005c82        0x2 
 .text.disk_status
                0x0000000008005c84       0x34 ./Middlewares/Third_Party/FatFs/src/diskio.o
                0x0000000008005c84                disk_status
 .text.disk_initialize
                0x0000000008005cb8       0x4c ./Middlewares/Third_Party/FatFs/src/diskio.o
                0x0000000008005cb8                disk_initialize
 .text.disk_read
                0x0000000008005d04       0x40 ./Middlewares/Third_Party/FatFs/src/diskio.o
                0x0000000008005d04                disk_read
 .text.disk_write
                0x0000000008005d44       0x40 ./Middlewares/Third_Party/FatFs/src/diskio.o
                0x0000000008005d44                disk_write
 .text.disk_ioctl
                0x0000000008005d84       0x3c ./Middlewares/Third_Party/FatFs/src/diskio.o
                0x0000000008005d84                disk_ioctl
 .text.ld_word  0x0000000008005dc0       0x30 ./Middlewares/Third_Party/FatFs/src/ff.o
 .text.ld_dword
                0x0000000008005df0       0x46 ./Middlewares/Third_Party/FatFs/src/ff.o
 .text.st_word  0x0000000008005e36       0x36 ./Middlewares/Third_Party/FatFs/src/ff.o
 .text.st_dword
                0x0000000008005e6c       0x58 ./Middlewares/Third_Party/FatFs/src/ff.o
 .text.mem_cpy  0x0000000008005ec4       0x42 ./Middlewares/Third_Party/FatFs/src/ff.o
 .text.mem_set  0x0000000008005f06       0x36 ./Middlewares/Third_Party/FatFs/src/ff.o
 .text.mem_cmp  0x0000000008005f3c       0x4e ./Middlewares/Third_Party/FatFs/src/ff.o
 .text.chk_chr  0x0000000008005f8a       0x36 ./Middlewares/Third_Party/FatFs/src/ff.o
 .text.chk_lock
                0x0000000008005fc0       0xb8 ./Middlewares/Third_Party/FatFs/src/ff.o
 .text.enq_lock
                0x0000000008006078       0x44 ./Middlewares/Third_Party/FatFs/src/ff.o
 .text.inc_lock
                0x00000000080060bc      0x11c ./Middlewares/Third_Party/FatFs/src/ff.o
 .text.dec_lock
                0x00000000080061d8       0x78 ./Middlewares/Third_Party/FatFs/src/ff.o
 .text.clear_lock
                0x0000000008006250       0x48 ./Middlewares/Third_Party/FatFs/src/ff.o
 .text.sync_window
                0x0000000008006298       0x88 ./Middlewares/Third_Party/FatFs/src/ff.o
 .text.move_window
                0x0000000008006320       0x5a ./Middlewares/Third_Party/FatFs/src/ff.o
 *fill*         0x000000000800637a        0x2 
 .text.sync_fs  0x000000000800637c       0xe0 ./Middlewares/Third_Party/FatFs/src/ff.o
 .text.clust2sect
                0x000000000800645c       0x3e ./Middlewares/Third_Party/FatFs/src/ff.o
 .text.get_fat  0x000000000800649a      0x1a8 ./Middlewares/Third_Party/FatFs/src/ff.o
 .text.put_fat  0x0000000008006642      0x234 ./Middlewares/Third_Party/FatFs/src/ff.o
 .text.remove_chain
                0x0000000008006876       0xca ./Middlewares/Third_Party/FatFs/src/ff.o
 .text.create_chain
                0x0000000008006940      0x130 ./Middlewares/Third_Party/FatFs/src/ff.o
 .text.clmt_clust
                0x0000000008006a70       0x70 ./Middlewares/Third_Party/FatFs/src/ff.o
 .text.dir_sdi  0x0000000008006ae0      0x112 ./Middlewares/Third_Party/FatFs/src/ff.o
 .text.dir_next
                0x0000000008006bf2      0x1ac ./Middlewares/Third_Party/FatFs/src/ff.o
 .text.dir_alloc
                0x0000000008006d9e       0x8e ./Middlewares/Third_Party/FatFs/src/ff.o
 .text.ld_clust
                0x0000000008006e2c       0x3e ./Middlewares/Third_Party/FatFs/src/ff.o
 .text.st_clust
                0x0000000008006e6a       0x40 ./Middlewares/Third_Party/FatFs/src/ff.o
 *fill*         0x0000000008006eaa        0x2 
 .text.cmp_lfn  0x0000000008006eac       0xe0 ./Middlewares/Third_Party/FatFs/src/ff.o
 .text.put_lfn  0x0000000008006f8c       0xd0 ./Middlewares/Third_Party/FatFs/src/ff.o
 .text.gen_numname
                0x000000000800705c      0x11c ./Middlewares/Third_Party/FatFs/src/ff.o
 .text.sum_sfn  0x0000000008007178       0x42 ./Middlewares/Third_Party/FatFs/src/ff.o
 .text.dir_find
                0x00000000080071ba      0x180 ./Middlewares/Third_Party/FatFs/src/ff.o
 *fill*         0x000000000800733a        0x2 
 .text.dir_register
                0x000000000800733c      0x1f0 ./Middlewares/Third_Party/FatFs/src/ff.o
 .text.get_fileinfo
                0x000000000800752c      0x1ba ./Middlewares/Third_Party/FatFs/src/ff.o
 *fill*         0x00000000080076e6        0x2 
 .text.create_name
                0x00000000080076e8      0x370 ./Middlewares/Third_Party/FatFs/src/ff.o
 .text.follow_path
                0x0000000008007a58       0xec ./Middlewares/Third_Party/FatFs/src/ff.o
 .text.get_ldnumber
                0x0000000008007b44       0x88 ./Middlewares/Third_Party/FatFs/src/ff.o
 .text.check_fs
                0x0000000008007bcc       0xac ./Middlewares/Third_Party/FatFs/src/ff.o
 .text.find_volume
                0x0000000008007c78      0x50c ./Middlewares/Third_Party/FatFs/src/ff.o
 .text.validate
                0x0000000008008184       0x6a ./Middlewares/Third_Party/FatFs/src/ff.o
 *fill*         0x00000000080081ee        0x2 
 .text.f_mount  0x00000000080081f0       0x8c ./Middlewares/Third_Party/FatFs/src/ff.o
                0x00000000080081f0                f_mount
 .text.f_open   0x000000000800827c      0x398 ./Middlewares/Third_Party/FatFs/src/ff.o
                0x000000000800827c                f_open
 .text.f_write  0x0000000008008614      0x328 ./Middlewares/Third_Party/FatFs/src/ff.o
                0x0000000008008614                f_write
 .text.f_sync   0x000000000800893c       0xfc ./Middlewares/Third_Party/FatFs/src/ff.o
                0x000000000800893c                f_sync
 .text.f_close  0x0000000008008a38       0x54 ./Middlewares/Third_Party/FatFs/src/ff.o
                0x0000000008008a38                f_close
 .text.f_stat   0x0000000008008a8c       0x72 ./Middlewares/Third_Party/FatFs/src/ff.o
                0x0000000008008a8c                f_stat
 *fill*         0x0000000008008afe        0x2 
 .text.FATFS_LinkDriverEx
                0x0000000008008b00       0x98 ./Middlewares/Third_Party/FatFs/src/ff_gen_drv.o
                0x0000000008008b00                FATFS_LinkDriverEx
 .text.FATFS_LinkDriver
                0x0000000008008b98       0x1e ./Middlewares/Third_Party/FatFs/src/ff_gen_drv.o
                0x0000000008008b98                FATFS_LinkDriver
 *fill*         0x0000000008008bb6        0x2 
 .text.ff_convert
                0x0000000008008bb8       0x78 ./Middlewares/Third_Party/FatFs/src/option/ccsbcs.o
                0x0000000008008bb8                ff_convert
 .text.ff_wtoupper
                0x0000000008008c30      0x114 ./Middlewares/Third_Party/FatFs/src/option/ccsbcs.o
                0x0000000008008c30                ff_wtoupper
 .text.sprintf  0x0000000008008d44       0x40 /opt/st/stm32cubeide_1.13.2/plugins/com.st.stm32cube.ide.mcu.externaltools.gnu-tools-for-stm32.11.3.rel1.linux64_1.1.1.202309131626/tools/bin/../lib/gcc/arm-none-eabi/11.3.1/../../../../arm-none-eabi/lib/thumb/v7e-m+fp/hard/libc_nano.a(libc_a-sprintf.o)
                0x0000000008008d44                sprintf
                0x0000000008008d44                siprintf
 .text.memset   0x0000000008008d84       0x10 /opt/st/stm32cubeide_1.13.2/plugins/com.st.stm32cube.ide.mcu.externaltools.gnu-tools-for-stm32.11.3.rel1.linux64_1.1.1.202309131626/tools/bin/../lib/gcc/arm-none-eabi/11.3.1/../../../../arm-none-eabi/lib/thumb/v7e-m+fp/hard/libc_nano.a(libc_a-memset.o)
                0x0000000008008d84                memset
 .text.__errno  0x0000000008008d94        0xc /opt/st/stm32cubeide_1.13.2/plugins/com.st.stm32cube.ide.mcu.externaltools.gnu-tools-for-stm32.11.3.rel1.linux64_1.1.1.202309131626/tools/bin/../lib/gcc/arm-none-eabi/11.3.1/../../../../arm-none-eabi/lib/thumb/v7e-m+fp/hard/libc_nano.a(libc_a-errno.o)
                0x0000000008008d94                __errno
 .text.__libc_init_array
                0x0000000008008da0       0x48 /opt/st/stm32cubeide_1.13.2/plugins/com.st.stm32cube.ide.mcu.externaltools.gnu-tools-for-stm32.11.3.rel1.linux64_1.1.1.202309131626/tools/bin/../lib/gcc/arm-none-eabi/11.3.1/../../../../arm-none-eabi/lib/thumb/v7e-m+fp/hard/libc_nano.a(libc_a-init.o)
                0x0000000008008da0                __libc_init_array
 .text.__retarget_lock_acquire_recursive
                0x0000000008008de8        0x2 /opt/st/stm32cubeide_1.13.2/plugins/com.st.stm32cube.ide.mcu.externaltools.gnu-tools-for-stm32.11.3.rel1.linux64_1.1.1.202309131626/tools/bin/../lib/gcc/arm-none-eabi/11.3.1/../../../../arm-none-eabi/lib/thumb/v7e-m+fp/hard/libc_nano.a(libc_a-lock.o)
                0x0000000008008de8                __retarget_lock_acquire_recursive
 .text.__retarget_lock_release_recursive
                0x0000000008008dea        0x2 /opt/st/stm32cubeide_1.13.2/plugins/com.st.stm32cube.ide.mcu.externaltools.gnu-tools-for-stm32.11.3.rel1.linux64_1.1.1.202309131626/tools/bin/../lib/gcc/arm-none-eabi/11.3.1/../../../../arm-none-eabi/lib/thumb/v7e-m+fp/hard/libc_nano.a(libc_a-lock.o)
                0x0000000008008dea                __retarget_lock_release_recursive
 .text._free_r  0x0000000008008dec       0x98 /opt/st/stm32cubeide_1.13.2/plugins/com.st.stm32cube.ide.mcu.externaltools.gnu-tools-for-stm32.11.3.rel1.linux64_1.1.1.202309131626/tools/bin/../lib/gcc/arm-none-eabi/11.3.1/../../../../arm-none-eabi/lib/thumb/v7e-m+fp/hard/libc_nano.a(libc_a-freer.o)
                0x0000000008008dec                _free_r
 .text.sbrk_aligned
                0x0000000008008e84       0x40 /opt/st/stm32cubeide_1.13.2/plugins/com.st.stm32cube.ide.mcu.externaltools.gnu-tools-for-stm32.11.3.rel1.linux64_1.1.1.202309131626/tools/bin/../lib/gcc/arm-none-eabi/11.3.1/../../../../arm-none-eabi/lib/thumb/v7e-m+fp/hard/libc_nano.a(libc_a-mallocr.o)
 .text._malloc_r
                0x0000000008008ec4      0x100 /opt/st/stm32cubeide_1.13.2/plugins/com.st.stm32cube.ide.mcu.externaltools.gnu-tools-for-stm32.11.3.rel1.linux64_1.1.1.202309131626/tools/bin/../lib/gcc/arm-none-eabi/11.3.1/../../../../arm-none-eabi/lib/thumb/v7e-m+fp/hard/libc_nano.a(libc_a-mallocr.o)
                0x0000000008008ec4                _malloc_r
 .text.__malloc_lock
                0x0000000008008fc4        0xc /opt/st/stm32cubeide_1.13.2/plugins/com.st.stm32cube.ide.mcu.externaltools.gnu-tools-for-stm32.11.3.rel1.linux64_1.1.1.202309131626/tools/bin/../lib/gcc/arm-none-eabi/11.3.1/../../../../arm-none-eabi/lib/thumb/v7e-m+fp/hard/libc_nano.a(libc_a-mlock.o)
                0x0000000008008fc4                __malloc_lock
 .text.__malloc_unlock
                0x0000000008008fd0        0xc /opt/st/stm32cubeide_1.13.2/plugins/com.st.stm32cube.ide.mcu.externaltools.gnu-tools-for-stm32.11.3.rel1.linux64_1.1.1.202309131626/tools/bin/../lib/gcc/arm-none-eabi/11.3.1/../../../../arm-none-eabi/lib/thumb/v7e-m+fp/hard/libc_nano.a(libc_a-mlock.o)
                0x0000000008008fd0                __malloc_unlock
 .text.__ssputs_r
                0x0000000008008fdc       0xb4 /opt/st/stm32cubeide_1.13.2/plugins/com.st.stm32cube.ide.mcu.externaltools.gnu-tools-for-stm32.11.3.rel1.linux64_1.1.1.202309131626/tools/bin/../lib/gcc/arm-none-eabi/11.3.1/../../../../arm-none-eabi/lib/thumb/v7e-m+fp/hard/libc_nano.a(libc_a-nano-svfprintf.o)
                0x0000000008008fdc                __ssputs_r
 .text._svfprintf_r
                0x0000000008009090      0x1fc /opt/st/stm32cubeide_1.13.2/plugins/com.st.stm32cube.ide.mcu.externaltools.gnu-tools-for-stm32.11.3.rel1.linux64_1.1.1.202309131626/tools/bin/../lib/gcc/arm-none-eabi/11.3.1/../../../../arm-none-eabi/lib/thumb/v7e-m+fp/hard/libc_nano.a(libc_a-nano-svfprintf.o)
                0x0000000008009090                _svfprintf_r
                0x0000000008009090                _svfiprintf_r
 .text._printf_common
                0x000000000800928c       0xda /opt/st/stm32cubeide_1.13.2/plugins/com.st.stm32cube.ide.mcu.externaltools.gnu-tools-for-stm32.11.3.rel1.linux64_1.1.1.202309131626/tools/bin/../lib/gcc/arm-none-eabi/11.3.1/../../../../arm-none-eabi/lib/thumb/v7e-m+fp/hard/libc_nano.a(libc_a-nano-vfprintf_i.o)
                0x000000000800928c                _printf_common
 *fill*         0x0000000008009366        0x2 
 .text._printf_i
                0x0000000008009368      0x244 /opt/st/stm32cubeide_1.13.2/plugins/com.st.stm32cube.ide.mcu.externaltools.gnu-tools-for-stm32.11.3.rel1.linux64_1.1.1.202309131626/tools/bin/../lib/gcc/arm-none-eabi/11.3.1/../../../../arm-none-eabi/lib/thumb/v7e-m+fp/hard/libc_nano.a(libc_a-nano-vfprintf_i.o)
                0x0000000008009368                _printf_i
 .text.memmove  0x00000000080095ac       0x34 /opt/st/stm32cubeide_1.13.2/plugins/com.st.stm32cube.ide.mcu.externaltools.gnu-tools-for-stm32.11.3.rel1.linux64_1.1.1.202309131626/tools/bin/../lib/gcc/arm-none-eabi/11.3.1/../../../../arm-none-eabi/lib/thumb/v7e-m+fp/hard/libc_nano.a(libc_a-memmove.o)
                0x00000000080095ac                memmove
 .text._sbrk_r  0x00000000080095e0       0x20 /opt/st/stm32cubeide_1.13.2/plugins/com.st.stm32cube.ide.mcu.externaltools.gnu-tools-for-stm32.11.3.rel1.linux64_1.1.1.202309131626/tools/bin/../lib/gcc/arm-none-eabi/11.3.1/../../../../arm-none-eabi/lib/thumb/v7e-m+fp/hard/libc_nano.a(libc_a-sbrkr.o)
                0x00000000080095e0                _sbrk_r
 .text.memcpy   0x0000000008009600       0x1c /opt/st/stm32cubeide_1.13.2/plugins/com.st.stm32cube.ide.mcu.externaltools.gnu-tools-for-stm32.11.3.rel1.linux64_1.1.1.202309131626/tools/bin/../lib/gcc/arm-none-eabi/11.3.1/../../../../arm-none-eabi/lib/thumb/v7e-m+fp/hard/libc_nano.a(libc_a-memcpy-stub.o)
                0x0000000008009600                memcpy
 .text._realloc_r
                0x000000000800961c       0x5e /opt/st/stm32cubeide_1.13.2/plugins/com.st.stm32cube.ide.mcu.externaltools.gnu-tools-for-stm32.11.3.rel1.linux64_1.1.1.202309131626/tools/bin/../lib/gcc/arm-none-eabi/11.3.1/../../../../arm-none-eabi/lib/thumb/v7e-m+fp/hard/libc_nano.a(libc_a-reallocr.o)
                0x000000000800961c                _realloc_r
 .text._malloc_usable_size_r
                0x000000000800967a       0x10 /opt/st/stm32cubeide_1.13.2/plugins/com.st.stm32cube.ide.mcu.externaltools.gnu-tools-for-stm32.11.3.rel1.linux64_1.1.1.202309131626/tools/bin/../lib/gcc/arm-none-eabi/11.3.1/../../../../arm-none-eabi/lib/thumb/v7e-m+fp/hard/libc_nano.a(libc_a-msizer.o)
                0x000000000800967a                _malloc_usable_size_r
 *fill*         0x000000000800968a        0x2 
 .text.pow      0x000000000800968c       0xe0 /opt/st/stm32cubeide_1.13.2/plugins/com.st.stm32cube.ide.mcu.externaltools.gnu-tools-for-stm32.11.3.rel1.linux64_1.1.1.202309131626/tools/bin/../lib/gcc/arm-none-eabi/11.3.1/../../../../arm-none-eabi/lib/thumb/v7e-m+fp/hard/libm.a(libm_a-w_pow.o)
                0x000000000800968c                pow
 .text.fabs     0x000000000800976c       0x12 /opt/st/stm32cubeide_1.13.2/plugins/com.st.stm32cube.ide.mcu.externaltools.gnu-tools-for-stm32.11.3.rel1.linux64_1.1.1.202309131626/tools/bin/../lib/gcc/arm-none-eabi/11.3.1/../../../../arm-none-eabi/lib/thumb/v7e-m+fp/hard/libm.a(libm_a-s_fabs.o)
                0x000000000800976c                fabs
 .text.finite   0x000000000800977e       0x16 /opt/st/stm32cubeide_1.13.2/plugins/com.st.stm32cube.ide.mcu.externaltools.gnu-tools-for-stm32.11.3.rel1.linux64_1.1.1.202309131626/tools/bin/../lib/gcc/arm-none-eabi/11.3.1/../../../../arm-none-eabi/lib/thumb/v7e-m+fp/hard/libm.a(libm_a-s_finite.o)
                0x000000000800977e                finite
 .text.__ieee754_sqrt
                0x0000000008009794      0x1b4 /opt/st/stm32cubeide_1.13.2/plugins/com.st.stm32cube.ide.mcu.externaltools.gnu-tools-for-stm32.11.3.rel1.linux64_1.1.1.202309131626/tools/bin/../lib/gcc/arm-none-eabi/11.3.1/../../../../arm-none-eabi/lib/thumb/v7e-m+fp/hard/libm.a(libm_a-e_sqrt.o)
                0x0000000008009794                __ieee754_sqrt
 .text.__ieee754_pow
                0x0000000008009948      0xa54 /opt/st/stm32cubeide_1.13.2/plugins/com.st.stm32cube.ide.mcu.externaltools.gnu-tools-for-stm32.11.3.rel1.linux64_1.1.1.202309131626/tools/bin/../lib/gcc/arm-none-eabi/11.3.1/../../../../arm-none-eabi/lib/thumb/v7e-m+fp/hard/libm.a(libm_a-e_pow.o)
                0x0000000008009948                __ieee754_pow
 *fill*         0x000000000800a39c        0x4 
 .text.scalbn   0x000000000800a3a0       0xfc /opt/st/stm32cubeide_1.13.2/plugins/com.st.stm32cube.ide.mcu.externaltools.gnu-tools-for-stm32.11.3.rel1.linux64_1.1.1.202309131626/tools/bin/../lib/gcc/arm-none-eabi/11.3.1/../../../../arm-none-eabi/lib/thumb/v7e-m+fp/hard/libm.a(libm_a-s_scalbn.o)
                0x000000000800a3a0                scalbn
 .text.with_errno
                0x000000000800a49c       0x14 /opt/st/stm32cubeide_1.13.2/plugins/com.st.stm32cube.ide.mcu.externaltools.gnu-tools-for-stm32.11.3.rel1.linux64_1.1.1.202309131626/tools/bin/../lib/gcc/arm-none-eabi/11.3.1/../../../../arm-none-eabi/lib/thumb/v7e-m+fp/hard/libm.a(libm_a-math_err.o)
 .text.xflow    0x000000000800a4b0       0x28 /opt/st/stm32cubeide_1.13.2/plugins/com.st.stm32cube.ide.mcu.externaltools.gnu-tools-for-stm32.11.3.rel1.linux64_1.1.1.202309131626/tools/bin/../lib/gcc/arm-none-eabi/11.3.1/../../../../arm-none-eabi/lib/thumb/v7e-m+fp/hard/libm.a(libm_a-math_err.o)
 .text.__math_uflow
                0x000000000800a4d8       0x12 /opt/st/stm32cubeide_1.13.2/plugins/com.st.stm32cube.ide.mcu.externaltools.gnu-tools-for-stm32.11.3.rel1.linux64_1.1.1.202309131626/tools/bin/../lib/gcc/arm-none-eabi/11.3.1/../../../../arm-none-eabi/lib/thumb/v7e-m+fp/hard/libm.a(libm_a-math_err.o)
                0x000000000800a4d8                __math_uflow
 .text.__math_oflow
                0x000000000800a4ea       0x12 /opt/st/stm32cubeide_1.13.2/plugins/com.st.stm32cube.ide.mcu.externaltools.gnu-tools-for-stm32.11.3.rel1.linux64_1.1.1.202309131626/tools/bin/../lib/gcc/arm-none-eabi/11.3.1/../../../../arm-none-eabi/lib/thumb/v7e-m+fp/hard/libm.a(libm_a-math_err.o)
                0x000000000800a4ea                __math_oflow
 *(.glue_7)
 .glue_7        0x000000000800a4fc        0x0 linker stubs
 *(.glue_7t)
 .glue_7t       0x000000000800a4fc        0x0 linker stubs
 *(.eh_frame)
 .eh_frame      0x000000000800a4fc        0x0 /opt/st/stm32cubeide_1.13.2/plugins/com.st.stm32cube.ide.mcu.externaltools.gnu-tools-for-stm32.11.3.rel1.linux64_1.1.1.202309131626/tools/bin/../lib/gcc/arm-none-eabi/11.3.1/thumb/v7e-m+fp/hard/crtbegin.o
 *(.init)
 .init          0x000000000800a4fc        0x4 /opt/st/stm32cubeide_1.13.2/plugins/com.st.stm32cube.ide.mcu.externaltools.gnu-tools-for-stm32.11.3.rel1.linux64_1.1.1.202309131626/tools/bin/../lib/gcc/arm-none-eabi/11.3.1/thumb/v7e-m+fp/hard/crti.o
                0x000000000800a4fc                _init
 .init          0x000000000800a500        0x8 /opt/st/stm32cubeide_1.13.2/plugins/com.st.stm32cube.ide.mcu.externaltools.gnu-tools-for-stm32.11.3.rel1.linux64_1.1.1.202309131626/tools/bin/../lib/gcc/arm-none-eabi/11.3.1/thumb/v7e-m+fp/hard/crtn.o
 *(.fini)
 .fini          0x000000000800a508        0x4 /opt/st/stm32cubeide_1.13.2/plugins/com.st.stm32cube.ide.mcu.externaltools.gnu-tools-for-stm32.11.3.rel1.linux64_1.1.1.202309131626/tools/bin/../lib/gcc/arm-none-eabi/11.3.1/thumb/v7e-m+fp/hard/crti.o
                0x000000000800a508                _fini
 .fini          0x000000000800a50c        0x8 /opt/st/stm32cubeide_1.13.2/plugins/com.st.stm32cube.ide.mcu.externaltools.gnu-tools-for-stm32.11.3.rel1.linux64_1.1.1.202309131626/tools/bin/../lib/gcc/arm-none-eabi/11.3.1/thumb/v7e-m+fp/hard/crtn.o
                0x000000000800a514                . = ALIGN (0x4)
                0x000000000800a514                _etext = .

.vfp11_veneer   0x000000000800a514        0x0
 .vfp11_veneer  0x000000000800a514        0x0 linker stubs

.v4_bx          0x000000000800a514        0x0
 .v4_bx         0x000000000800a514        0x0 linker stubs

.iplt           0x000000000800a514        0x0
 .iplt          0x000000000800a514        0x0 /opt/st/stm32cubeide_1.13.2/plugins/com.st.stm32cube.ide.mcu.externaltools.gnu-tools-for-stm32.11.3.rel1.linux64_1.1.1.202309131626/tools/bin/../lib/gcc/arm-none-eabi/11.3.1/thumb/v7e-m+fp/hard/crtbegin.o

.rodata         0x000000000800a518      0x590
                0x000000000800a518                . = ALIGN (0x4)
 *(.rodata)
 .rodata        0x000000000800a518        0x3 ./Core/Src/BMP180.o
 *fill*         0x000000000800a51b        0x1 
 .rodata        0x000000000800a51c       0x5b ./Core/Src/SD_Handler.o
 *fill*         0x000000000800a577        0x1 
 .rodata        0x000000000800a578       0x48 ./Middlewares/Third_Party/FatFs/src/ff.o
 *(.rodata*)
 .rodata.AHBPrescTable
                0x000000000800a5c0       0x10 ./Core/Src/system_stm32l4xx.o
                0x000000000800a5c0                AHBPrescTable
 .rodata.MSIRangeTable
                0x000000000800a5d0       0x30 ./Core/Src/system_stm32l4xx.o
                0x000000000800a5d0                MSIRangeTable
 .rodata.ExCvt  0x000000000800a600       0x80 ./Middlewares/Third_Party/FatFs/src/ff.o
 .rodata.LfnOfs
                0x000000000800a680        0xd ./Middlewares/Third_Party/FatFs/src/ff.o
 *fill*         0x000000000800a68d        0x3 
 .rodata.Tbl    0x000000000800a690      0x100 ./Middlewares/Third_Party/FatFs/src/option/ccsbcs.o
 .rodata.cvt1.1
                0x000000000800a790      0x1f2 ./Middlewares/Third_Party/FatFs/src/option/ccsbcs.o
 *fill*         0x000000000800a982        0x2 
 .rodata.cvt2.0
                0x000000000800a984       0xbc ./Middlewares/Third_Party/FatFs/src/option/ccsbcs.o
 .rodata._svfprintf_r.str1.1
                0x000000000800aa40       0x11 /opt/st/stm32cubeide_1.13.2/plugins/com.st.stm32cube.ide.mcu.externaltools.gnu-tools-for-stm32.11.3.rel1.linux64_1.1.1.202309131626/tools/bin/../lib/gcc/arm-none-eabi/11.3.1/../../../../arm-none-eabi/lib/thumb/v7e-m+fp/hard/libc_nano.a(libc_a-nano-svfprintf.o)
 .rodata._printf_i.str1.1
                0x000000000800aa51       0x22 /opt/st/stm32cubeide_1.13.2/plugins/com.st.stm32cube.ide.mcu.externaltools.gnu-tools-for-stm32.11.3.rel1.linux64_1.1.1.202309131626/tools/bin/../lib/gcc/arm-none-eabi/11.3.1/../../../../arm-none-eabi/lib/thumb/v7e-m+fp/hard/libc_nano.a(libc_a-nano-vfprintf_i.o)
 *fill*         0x000000000800aa73        0x5 
 .rodata.bp     0x000000000800aa78       0x10 /opt/st/stm32cubeide_1.13.2/plugins/com.st.stm32cube.ide.mcu.externaltools.gnu-tools-for-stm32.11.3.rel1.linux64_1.1.1.202309131626/tools/bin/../lib/gcc/arm-none-eabi/11.3.1/../../../../arm-none-eabi/lib/thumb/v7e-m+fp/hard/libm.a(libm_a-e_pow.o)
 .rodata.dp_h   0x000000000800aa88       0x10 /opt/st/stm32cubeide_1.13.2/plugins/com.st.stm32cube.ide.mcu.externaltools.gnu-tools-for-stm32.11.3.rel1.linux64_1.1.1.202309131626/tools/bin/../lib/gcc/arm-none-eabi/11.3.1/../../../../arm-none-eabi/lib/thumb/v7e-m+fp/hard/libm.a(libm_a-e_pow.o)
 .rodata.dp_l   0x000000000800aa98       0x10 /opt/st/stm32cubeide_1.13.2/plugins/com.st.stm32cube.ide.mcu.externaltools.gnu-tools-for-stm32.11.3.rel1.linux64_1.1.1.202309131626/tools/bin/../lib/gcc/arm-none-eabi/11.3.1/../../../../arm-none-eabi/lib/thumb/v7e-m+fp/hard/libm.a(libm_a-e_pow.o)
                0x000000000800aaa8                . = ALIGN (0x4)

.rel.dyn        0x000000000800aaa8        0x0
 .rel.iplt      0x000000000800aaa8        0x0 /opt/st/stm32cubeide_1.13.2/plugins/com.st.stm32cube.ide.mcu.externaltools.gnu-tools-for-stm32.11.3.rel1.linux64_1.1.1.202309131626/tools/bin/../lib/gcc/arm-none-eabi/11.3.1/thumb/v7e-m+fp/hard/crtbegin.o

.ARM.extab      0x000000000800aaa8        0x0
                0x000000000800aaa8                . = ALIGN (0x4)
 *(.ARM.extab* .gnu.linkonce.armextab.*)
                0x000000000800aaa8                . = ALIGN (0x4)

.ARM            0x000000000800aaa8        0x0
                0x000000000800aaa8                . = ALIGN (0x4)
                0x000000000800aaa8                __exidx_start = .
 *(.ARM.exidx*)
                0x000000000800aaa8                __exidx_end = .
                0x000000000800aaa8                . = ALIGN (0x4)

.preinit_array  0x000000000800aaa8        0x0
                0x000000000800aaa8                . = ALIGN (0x4)
                0x000000000800aaa8                PROVIDE (__preinit_array_start = .)
 *(.preinit_array*)
                0x000000000800aaa8                PROVIDE (__preinit_array_end = .)
                0x000000000800aaa8                . = ALIGN (0x4)

.init_array     0x000000000800aaa8        0x4
                0x000000000800aaa8                . = ALIGN (0x4)
                0x000000000800aaa8                PROVIDE (__init_array_start = .)
 *(SORT_BY_NAME(.init_array.*))
 *(.init_array*)
 .init_array    0x000000000800aaa8        0x4 /opt/st/stm32cubeide_1.13.2/plugins/com.st.stm32cube.ide.mcu.externaltools.gnu-tools-for-stm32.11.3.rel1.linux64_1.1.1.202309131626/tools/bin/../lib/gcc/arm-none-eabi/11.3.1/thumb/v7e-m+fp/hard/crtbegin.o
                0x000000000800aaac                PROVIDE (__init_array_end = .)
                0x000000000800aaac                . = ALIGN (0x4)

.fini_array     0x000000000800aaac        0x4
                0x000000000800aaac                . = ALIGN (0x4)
                [!provide]                        PROVIDE (__fini_array_start = .)
 *(SORT_BY_NAME(.fini_array.*))
 *(.fini_array*)
 .fini_array    0x000000000800aaac        0x4 /opt/st/stm32cubeide_1.13.2/plugins/com.st.stm32cube.ide.mcu.externaltools.gnu-tools-for-stm32.11.3.rel1.linux64_1.1.1.202309131626/tools/bin/../lib/gcc/arm-none-eabi/11.3.1/thumb/v7e-m+fp/hard/crtbegin.o
                [!provide]                        PROVIDE (__fini_array_end = .)
                0x000000000800aab0                . = ALIGN (0x4)
                0x000000000800aab0                _sidata = LOADADDR (.data)

.data           0x0000000020000000       0x88 load address 0x000000000800aab0
                0x0000000020000000                . = ALIGN (0x4)
                0x0000000020000000                _sdata = .
 *(.data)
 *(.data*)
 .data.indx     0x0000000020000000        0x4 ./Core/Src/SD_Handler.o
                0x0000000020000000                indx
 .data.Stat     0x0000000020000004        0x1 ./Core/Src/fatfs_sd_card.o
 *fill*         0x0000000020000005        0x3 
 .data.SystemCoreClock
                0x0000000020000008        0x4 ./Core/Src/system_stm32l4xx.o
                0x0000000020000008                SystemCoreClock
 .data.uwTickPrio
                0x000000002000000c        0x4 ./Drivers/STM32L4xx_HAL_Driver/Src/stm32l4xx_hal.o
                0x000000002000000c                uwTickPrio
 .data.uwTickFreq
                0x0000000020000010        0x1 ./Drivers/STM32L4xx_HAL_Driver/Src/stm32l4xx_hal.o
                0x0000000020000010                uwTickFreq
 *fill*         0x0000000020000011        0x3 
 .data.USER_Driver
                0x0000000020000014       0x14 ./FATFS/Target/user_diskio.o
                0x0000000020000014                USER_Driver
 .data._impure_data
                0x0000000020000028       0x4c /opt/st/stm32cubeide_1.13.2/plugins/com.st.stm32cube.ide.mcu.externaltools.gnu-tools-for-stm32.11.3.rel1.linux64_1.1.1.202309131626/tools/bin/../lib/gcc/arm-none-eabi/11.3.1/../../../../arm-none-eabi/lib/thumb/v7e-m+fp/hard/libc_nano.a(libc_a-impure.o)
                0x0000000020000028                _impure_data
 .data._impure_ptr
                0x0000000020000074        0x4 /opt/st/stm32cubeide_1.13.2/plugins/com.st.stm32cube.ide.mcu.externaltools.gnu-tools-for-stm32.11.3.rel1.linux64_1.1.1.202309131626/tools/bin/../lib/gcc/arm-none-eabi/11.3.1/../../../../arm-none-eabi/lib/thumb/v7e-m+fp/hard/libc_nano.a(libc_a-impure.o)
                0x0000000020000074                _impure_ptr
 .data.one      0x0000000020000078        0x8 /opt/st/stm32cubeide_1.13.2/plugins/com.st.stm32cube.ide.mcu.externaltools.gnu-tools-for-stm32.11.3.rel1.linux64_1.1.1.202309131626/tools/bin/../lib/gcc/arm-none-eabi/11.3.1/../../../../arm-none-eabi/lib/thumb/v7e-m+fp/hard/libm.a(libm_a-e_sqrt.o)
 .data.tiny     0x0000000020000080        0x8 /opt/st/stm32cubeide_1.13.2/plugins/com.st.stm32cube.ide.mcu.externaltools.gnu-tools-for-stm32.11.3.rel1.linux64_1.1.1.202309131626/tools/bin/../lib/gcc/arm-none-eabi/11.3.1/../../../../arm-none-eabi/lib/thumb/v7e-m+fp/hard/libm.a(libm_a-e_sqrt.o)
 *(.RamFunc)
 *(.RamFunc*)
                0x0000000020000088                . = ALIGN (0x4)
                0x0000000020000088                _edata = .

.igot.plt       0x0000000020000088        0x0 load address 0x000000000800ab38
 .igot.plt      0x0000000020000088        0x0 /opt/st/stm32cubeide_1.13.2/plugins/com.st.stm32cube.ide.mcu.externaltools.gnu-tools-for-stm32.11.3.rel1.linux64_1.1.1.202309131626/tools/bin/../lib/gcc/arm-none-eabi/11.3.1/thumb/v7e-m+fp/hard/crtbegin.o
                0x0000000020000088                . = ALIGN (0x4)

.bss            0x0000000020000088     0x2784 load address 0x000000000800ab38
                0x0000000020000088                _sbss = .
                0x0000000020000088                __bss_start__ = _sbss
 *(.bss)
 .bss           0x0000000020000088       0x1c /opt/st/stm32cubeide_1.13.2/plugins/com.st.stm32cube.ide.mcu.externaltools.gnu-tools-for-stm32.11.3.rel1.linux64_1.1.1.202309131626/tools/bin/../lib/gcc/arm-none-eabi/11.3.1/thumb/v7e-m+fp/hard/crtbegin.o
 *(.bss*)
 .bss.AC1       0x00000000200000a4        0x2 ./Core/Src/BMP180.o
                0x00000000200000a4                AC1
 .bss.AC2       0x00000000200000a6        0x2 ./Core/Src/BMP180.o
                0x00000000200000a6                AC2
 .bss.AC3       0x00000000200000a8        0x2 ./Core/Src/BMP180.o
                0x00000000200000a8                AC3
 .bss.AC4       0x00000000200000aa        0x2 ./Core/Src/BMP180.o
                0x00000000200000aa                AC4
 .bss.AC5       0x00000000200000ac        0x2 ./Core/Src/BMP180.o
                0x00000000200000ac                AC5
 .bss.AC6       0x00000000200000ae        0x2 ./Core/Src/BMP180.o
                0x00000000200000ae                AC6
 .bss.B1        0x00000000200000b0        0x2 ./Core/Src/BMP180.o
                0x00000000200000b0                B1
 .bss.B2        0x00000000200000b2        0x2 ./Core/Src/BMP180.o
                0x00000000200000b2                B2
 .bss.MB        0x00000000200000b4        0x2 ./Core/Src/BMP180.o
                0x00000000200000b4                MB
 .bss.MC        0x00000000200000b6        0x2 ./Core/Src/BMP180.o
                0x00000000200000b6                MC
 .bss.MD        0x00000000200000b8        0x2 ./Core/Src/BMP180.o
                0x00000000200000b8                MD
 *fill*         0x00000000200000ba        0x2 
 .bss.UT        0x00000000200000bc        0x4 ./Core/Src/BMP180.o
                0x00000000200000bc                UT
 .bss.UP        0x00000000200000c0        0x4 ./Core/Src/BMP180.o
                0x00000000200000c0                UP
 .bss.X1        0x00000000200000c4        0x4 ./Core/Src/BMP180.o
                0x00000000200000c4                X1
 .bss.X2        0x00000000200000c8        0x4 ./Core/Src/BMP180.o
                0x00000000200000c8                X2
 .bss.X3        0x00000000200000cc        0x4 ./Core/Src/BMP180.o
                0x00000000200000cc                X3
 .bss.B3        0x00000000200000d0        0x4 ./Core/Src/BMP180.o
                0x00000000200000d0                B3
 .bss.B5        0x00000000200000d4        0x4 ./Core/Src/BMP180.o
                0x00000000200000d4                B5
 .bss.B4        0x00000000200000d8        0x4 ./Core/Src/BMP180.o
                0x00000000200000d8                B4
 .bss.B6        0x00000000200000dc        0x4 ./Core/Src/BMP180.o
                0x00000000200000dc                B6
 .bss.B7        0x00000000200000e0        0x4 ./Core/Src/BMP180.o
                0x00000000200000e0                B7
 *fill*         0x00000000200000e4        0x4 
 .bss.Press     0x00000000200000e8        0x8 ./Core/Src/BMP180.o
                0x00000000200000e8                Press
 .bss.Temp      0x00000000200000f0        0x8 ./Core/Src/BMP180.o
                0x00000000200000f0                Temp
 .bss.fs        0x00000000200000f8     0x1038 ./Core/Src/File_Handling.o
                0x00000000200000f8                fs
 .bss.fil       0x0000000020001130     0x1030 ./Core/Src/File_Handling.o
                0x0000000020001130                fil
 .bss.fno       0x0000000020002160      0x118 ./Core/Src/File_Handling.o
                0x0000000020002160                fno
 .bss.fresult   0x0000000020002278        0x1 ./Core/Src/File_Handling.o
                0x0000000020002278                fresult
 *fill*         0x0000000020002279        0x3 
 .bss.bw        0x000000002000227c        0x4 ./Core/Src/File_Handling.o
                0x000000002000227c                bw
 .bss.buf       0x0000000020002280       0x64 ./Core/Src/SD_Handler.o
                0x0000000020002280                buf
 .bss.Timer1    0x00000000200022e4        0x2 ./Core/Src/fatfs_sd_card.o
                0x00000000200022e4                Timer1
 .bss.Timer2    0x00000000200022e6        0x2 ./Core/Src/fatfs_sd_card.o
                0x00000000200022e6                Timer2
 .bss.CardType  0x00000000200022e8        0x1 ./Core/Src/fatfs_sd_card.o
 .bss.PowerFlag
                0x00000000200022e9        0x1 ./Core/Src/fatfs_sd_card.o
 *fill*         0x00000000200022ea        0x2 
 .bss.hi2c1     0x00000000200022ec       0x54 ./Core/Src/main.o
                0x00000000200022ec                hi2c1
 .bss.hi2c3     0x0000000020002340       0x54 ./Core/Src/main.o
                0x0000000020002340                hi2c3
 .bss.hspi1     0x0000000020002394       0x64 ./Core/Src/main.o
                0x0000000020002394                hspi1
 .bss.BMP180    0x00000000200023f8       0x14 ./Core/Src/main.o
                0x00000000200023f8                BMP180
 *fill*         0x000000002000240c        0x4 
 .bss.MPU6050   0x0000000020002410       0x58 ./Core/Src/main.o
                0x0000000020002410                MPU6050
 .bss.INA219    0x0000000020002468       0x14 ./Core/Src/main.o
                0x0000000020002468                INA219
 .bss.current_state
                0x000000002000247c        0x1 ./Core/Src/main.o
                0x000000002000247c                current_state
 *fill*         0x000000002000247d        0x3 
 .bss.__sbrk_heap_end
                0x0000000020002480        0x4 ./Core/Src/sysmem.o
 .bss.uwTick    0x0000000020002484        0x4 ./Drivers/STM32L4xx_HAL_Driver/Src/stm32l4xx_hal.o
                0x0000000020002484                uwTick
 .bss.retUSER   0x0000000020002488        0x1 ./FATFS/App/fatfs.o
                0x0000000020002488                retUSER
 *fill*         0x0000000020002489        0x3 
 .bss.USERPath  0x000000002000248c        0x4 ./FATFS/App/fatfs.o
                0x000000002000248c                USERPath
 .bss.FatFs     0x0000000020002490        0x4 ./Middlewares/Third_Party/FatFs/src/ff.o
 .bss.Fsid      0x0000000020002494        0x2 ./Middlewares/Third_Party/FatFs/src/ff.o
 *fill*         0x0000000020002496        0x2 
 .bss.Files     0x0000000020002498       0x20 ./Middlewares/Third_Party/FatFs/src/ff.o
 .bss.LfnBuf    0x00000000200024b8      0x200 ./Middlewares/Third_Party/FatFs/src/ff.o
 .bss.disk      0x00000000200026b8        0xc ./Middlewares/Third_Party/FatFs/src/ff_gen_drv.o
                0x00000000200026b8                disk
 .bss.__sf      0x00000000200026c4      0x138 /opt/st/stm32cubeide_1.13.2/plugins/com.st.stm32cube.ide.mcu.externaltools.gnu-tools-for-stm32.11.3.rel1.linux64_1.1.1.202309131626/tools/bin/../lib/gcc/arm-none-eabi/11.3.1/../../../../arm-none-eabi/lib/thumb/v7e-m+fp/hard/libc_nano.a(libc_a-findfp.o)
                0x00000000200026c4                __sf
 .bss.errno     0x00000000200027fc        0x4 /opt/st/stm32cubeide_1.13.2/plugins/com.st.stm32cube.ide.mcu.externaltools.gnu-tools-for-stm32.11.3.rel1.linux64_1.1.1.202309131626/tools/bin/../lib/gcc/arm-none-eabi/11.3.1/../../../../arm-none-eabi/lib/thumb/v7e-m+fp/hard/libc_nano.a(libc_a-reent.o)
                0x00000000200027fc                errno
 .bss.__lock___malloc_recursive_mutex
                0x0000000020002800        0x1 /opt/st/stm32cubeide_1.13.2/plugins/com.st.stm32cube.ide.mcu.externaltools.gnu-tools-for-stm32.11.3.rel1.linux64_1.1.1.202309131626/tools/bin/../lib/gcc/arm-none-eabi/11.3.1/../../../../arm-none-eabi/lib/thumb/v7e-m+fp/hard/libc_nano.a(libc_a-lock.o)
                0x0000000020002800                __lock___malloc_recursive_mutex
 *fill*         0x0000000020002801        0x3 
 .bss.__malloc_free_list
                0x0000000020002804        0x4 /opt/st/stm32cubeide_1.13.2/plugins/com.st.stm32cube.ide.mcu.externaltools.gnu-tools-for-stm32.11.3.rel1.linux64_1.1.1.202309131626/tools/bin/../lib/gcc/arm-none-eabi/11.3.1/../../../../arm-none-eabi/lib/thumb/v7e-m+fp/hard/libc_nano.a(libc_a-mallocr.o)
                0x0000000020002804                __malloc_free_list
 .bss.__malloc_sbrk_start
                0x0000000020002808        0x4 /opt/st/stm32cubeide_1.13.2/plugins/com.st.stm32cube.ide.mcu.externaltools.gnu-tools-for-stm32.11.3.rel1.linux64_1.1.1.202309131626/tools/bin/../lib/gcc/arm-none-eabi/11.3.1/../../../../arm-none-eabi/lib/thumb/v7e-m+fp/hard/libc_nano.a(libc_a-mallocr.o)
                0x0000000020002808                __malloc_sbrk_start
 *(COMMON)
                0x000000002000280c                . = ALIGN (0x4)
                0x000000002000280c                _ebss = .
                0x000000002000280c                __bss_end__ = _ebss

._user_heap_stack
                0x000000002000280c      0x604 load address 0x000000000800ab38
                0x0000000020002810                . = ALIGN (0x8)
 *fill*         0x000000002000280c        0x4 
                [!provide]                        PROVIDE (end = .)
                0x0000000020002810                PROVIDE (_end = .)
                0x0000000020002a10                . = (. + _Min_Heap_Size)
 *fill*         0x0000000020002810      0x200 
                0x0000000020002e10                . = (. + _Min_Stack_Size)
 *fill*         0x0000000020002a10      0x400 
                0x0000000020002e10                . = ALIGN (0x8)

/DISCARD/
 libc.a(*)
 libm.a(*)
 libgcc.a(*)

.ARM.attributes
                0x0000000000000000       0x30
 *(.ARM.attributes)
 .ARM.attributes
                0x0000000000000000       0x1e /opt/st/stm32cubeide_1.13.2/plugins/com.st.stm32cube.ide.mcu.externaltools.gnu-tools-for-stm32.11.3.rel1.linux64_1.1.1.202309131626/tools/bin/../lib/gcc/arm-none-eabi/11.3.1/thumb/v7e-m+fp/hard/crti.o
 .ARM.attributes
                0x000000000000001e       0x34 /opt/st/stm32cubeide_1.13.2/plugins/com.st.stm32cube.ide.mcu.externaltools.gnu-tools-for-stm32.11.3.rel1.linux64_1.1.1.202309131626/tools/bin/../lib/gcc/arm-none-eabi/11.3.1/thumb/v7e-m+fp/hard/crtbegin.o
 .ARM.attributes
                0x0000000000000052       0x34 ./Core/Src/BMP180.o
 .ARM.attributes
                0x0000000000000086       0x34 ./Core/Src/BUZZER.o
 .ARM.attributes
                0x00000000000000ba       0x34 ./Core/Src/File_Handling.o
 .ARM.attributes
                0x00000000000000ee       0x34 ./Core/Src/LED.o
 .ARM.attributes
                0x0000000000000122       0x34 ./Core/Src/MPU6050.o
 .ARM.attributes
                0x0000000000000156       0x34 ./Core/Src/SD_Handler.o
 .ARM.attributes
                0x000000000000018a       0x34 ./Core/Src/fatfs_sd_card.o
 .ARM.attributes
                0x00000000000001be       0x34 ./Core/Src/main.o
 .ARM.attributes
                0x00000000000001f2       0x34 ./Core/Src/stm32l4xx_hal_msp.o
 .ARM.attributes
                0x0000000000000226       0x34 ./Core/Src/stm32l4xx_it.o
 .ARM.attributes
                0x000000000000025a       0x34 ./Core/Src/sysmem.o
 .ARM.attributes
                0x000000000000028e       0x34 ./Core/Src/system_stm32l4xx.o
 .ARM.attributes
                0x00000000000002c2       0x21 ./Core/Startup/startup_stm32l432kcux.o
 .ARM.attributes
                0x00000000000002e3       0x34 ./Drivers/STM32L4xx_HAL_Driver/Src/stm32l4xx_hal.o
 .ARM.attributes
                0x0000000000000317       0x34 ./Drivers/STM32L4xx_HAL_Driver/Src/stm32l4xx_hal_cortex.o
 .ARM.attributes
                0x000000000000034b       0x34 ./Drivers/STM32L4xx_HAL_Driver/Src/stm32l4xx_hal_gpio.o
 .ARM.attributes
                0x000000000000037f       0x34 ./Drivers/STM32L4xx_HAL_Driver/Src/stm32l4xx_hal_i2c.o
 .ARM.attributes
                0x00000000000003b3       0x34 ./Drivers/STM32L4xx_HAL_Driver/Src/stm32l4xx_hal_i2c_ex.o
 .ARM.attributes
                0x00000000000003e7       0x34 ./Drivers/STM32L4xx_HAL_Driver/Src/stm32l4xx_hal_pwr_ex.o
 .ARM.attributes
                0x000000000000041b       0x34 ./Drivers/STM32L4xx_HAL_Driver/Src/stm32l4xx_hal_rcc.o
 .ARM.attributes
                0x000000000000044f       0x34 ./Drivers/STM32L4xx_HAL_Driver/Src/stm32l4xx_hal_rcc_ex.o
 .ARM.attributes
                0x0000000000000483       0x34 ./Drivers/STM32L4xx_HAL_Driver/Src/stm32l4xx_hal_spi.o
 .ARM.attributes
                0x00000000000004b7       0x34 ./FATFS/App/fatfs.o
 .ARM.attributes
                0x00000000000004eb       0x34 ./FATFS/Target/user_diskio.o
 .ARM.attributes
                0x000000000000051f       0x34 ./Middlewares/Third_Party/FatFs/src/diskio.o
 .ARM.attributes
                0x0000000000000553       0x34 ./Middlewares/Third_Party/FatFs/src/ff.o
 .ARM.attributes
                0x0000000000000587       0x34 ./Middlewares/Third_Party/FatFs/src/ff_gen_drv.o
 .ARM.attributes
                0x00000000000005bb       0x34 ./Middlewares/Third_Party/FatFs/src/option/ccsbcs.o
 .ARM.attributes
                0x00000000000005ef       0x34 /opt/st/stm32cubeide_1.13.2/plugins/com.st.stm32cube.ide.mcu.externaltools.gnu-tools-for-stm32.11.3.rel1.linux64_1.1.1.202309131626/tools/bin/../lib/gcc/arm-none-eabi/11.3.1/../../../../arm-none-eabi/lib/thumb/v7e-m+fp/hard/libc_nano.a(libc_a-findfp.o)
 .ARM.attributes
                0x0000000000000623       0x34 /opt/st/stm32cubeide_1.13.2/plugins/com.st.stm32cube.ide.mcu.externaltools.gnu-tools-for-stm32.11.3.rel1.linux64_1.1.1.202309131626/tools/bin/../lib/gcc/arm-none-eabi/11.3.1/../../../../arm-none-eabi/lib/thumb/v7e-m+fp/hard/libc_nano.a(libc_a-sprintf.o)
 .ARM.attributes
                0x0000000000000657       0x34 /opt/st/stm32cubeide_1.13.2/plugins/com.st.stm32cube.ide.mcu.externaltools.gnu-tools-for-stm32.11.3.rel1.linux64_1.1.1.202309131626/tools/bin/../lib/gcc/arm-none-eabi/11.3.1/../../../../arm-none-eabi/lib/thumb/v7e-m+fp/hard/libc_nano.a(libc_a-memset.o)
 .ARM.attributes
                0x000000000000068b       0x34 /opt/st/stm32cubeide_1.13.2/plugins/com.st.stm32cube.ide.mcu.externaltools.gnu-tools-for-stm32.11.3.rel1.linux64_1.1.1.202309131626/tools/bin/../lib/gcc/arm-none-eabi/11.3.1/../../../../arm-none-eabi/lib/thumb/v7e-m+fp/hard/libc_nano.a(libc_a-reent.o)
 .ARM.attributes
                0x00000000000006bf       0x34 /opt/st/stm32cubeide_1.13.2/plugins/com.st.stm32cube.ide.mcu.externaltools.gnu-tools-for-stm32.11.3.rel1.linux64_1.1.1.202309131626/tools/bin/../lib/gcc/arm-none-eabi/11.3.1/../../../../arm-none-eabi/lib/thumb/v7e-m+fp/hard/libc_nano.a(libc_a-impure.o)
 .ARM.attributes
                0x00000000000006f3       0x34 /opt/st/stm32cubeide_1.13.2/plugins/com.st.stm32cube.ide.mcu.externaltools.gnu-tools-for-stm32.11.3.rel1.linux64_1.1.1.202309131626/tools/bin/../lib/gcc/arm-none-eabi/11.3.1/../../../../arm-none-eabi/lib/thumb/v7e-m+fp/hard/libc_nano.a(libc_a-errno.o)
 .ARM.attributes
                0x0000000000000727       0x34 /opt/st/stm32cubeide_1.13.2/plugins/com.st.stm32cube.ide.mcu.externaltools.gnu-tools-for-stm32.11.3.rel1.linux64_1.1.1.202309131626/tools/bin/../lib/gcc/arm-none-eabi/11.3.1/../../../../arm-none-eabi/lib/thumb/v7e-m+fp/hard/libc_nano.a(libc_a-init.o)
 .ARM.attributes
                0x000000000000075b       0x34 /opt/st/stm32cubeide_1.13.2/plugins/com.st.stm32cube.ide.mcu.externaltools.gnu-tools-for-stm32.11.3.rel1.linux64_1.1.1.202309131626/tools/bin/../lib/gcc/arm-none-eabi/11.3.1/../../../../arm-none-eabi/lib/thumb/v7e-m+fp/hard/libc_nano.a(libc_a-lock.o)
 .ARM.attributes
                0x000000000000078f       0x17 /opt/st/stm32cubeide_1.13.2/plugins/com.st.stm32cube.ide.mcu.externaltools.gnu-tools-for-stm32.11.3.rel1.linux64_1.1.1.202309131626/tools/bin/../lib/gcc/arm-none-eabi/11.3.1/../../../../arm-none-eabi/lib/thumb/v7e-m+fp/hard/libc_nano.a(libc_a-strlen.o)
 .ARM.attributes
                0x00000000000007a6       0x34 /opt/st/stm32cubeide_1.13.2/plugins/com.st.stm32cube.ide.mcu.externaltools.gnu-tools-for-stm32.11.3.rel1.linux64_1.1.1.202309131626/tools/bin/../lib/gcc/arm-none-eabi/11.3.1/../../../../arm-none-eabi/lib/thumb/v7e-m+fp/hard/libc_nano.a(libc_a-freer.o)
 .ARM.attributes
                0x00000000000007da       0x34 /opt/st/stm32cubeide_1.13.2/plugins/com.st.stm32cube.ide.mcu.externaltools.gnu-tools-for-stm32.11.3.rel1.linux64_1.1.1.202309131626/tools/bin/../lib/gcc/arm-none-eabi/11.3.1/../../../../arm-none-eabi/lib/thumb/v7e-m+fp/hard/libc_nano.a(libc_a-mallocr.o)
 .ARM.attributes
                0x000000000000080e       0x34 /opt/st/stm32cubeide_1.13.2/plugins/com.st.stm32cube.ide.mcu.externaltools.gnu-tools-for-stm32.11.3.rel1.linux64_1.1.1.202309131626/tools/bin/../lib/gcc/arm-none-eabi/11.3.1/../../../../arm-none-eabi/lib/thumb/v7e-m+fp/hard/libc_nano.a(libc_a-mlock.o)
 .ARM.attributes
                0x0000000000000842       0x34 /opt/st/stm32cubeide_1.13.2/plugins/com.st.stm32cube.ide.mcu.externaltools.gnu-tools-for-stm32.11.3.rel1.linux64_1.1.1.202309131626/tools/bin/../lib/gcc/arm-none-eabi/11.3.1/../../../../arm-none-eabi/lib/thumb/v7e-m+fp/hard/libc_nano.a(libc_a-nano-svfprintf.o)
 .ARM.attributes
                0x0000000000000876       0x34 /opt/st/stm32cubeide_1.13.2/plugins/com.st.stm32cube.ide.mcu.externaltools.gnu-tools-for-stm32.11.3.rel1.linux64_1.1.1.202309131626/tools/bin/../lib/gcc/arm-none-eabi/11.3.1/../../../../arm-none-eabi/lib/thumb/v7e-m+fp/hard/libc_nano.a(libc_a-nano-vfprintf_i.o)
 .ARM.attributes
                0x00000000000008aa       0x34 /opt/st/stm32cubeide_1.13.2/plugins/com.st.stm32cube.ide.mcu.externaltools.gnu-tools-for-stm32.11.3.rel1.linux64_1.1.1.202309131626/tools/bin/../lib/gcc/arm-none-eabi/11.3.1/../../../../arm-none-eabi/lib/thumb/v7e-m+fp/hard/libc_nano.a(libc_a-memmove.o)
 .ARM.attributes
                0x00000000000008de       0x34 /opt/st/stm32cubeide_1.13.2/plugins/com.st.stm32cube.ide.mcu.externaltools.gnu-tools-for-stm32.11.3.rel1.linux64_1.1.1.202309131626/tools/bin/../lib/gcc/arm-none-eabi/11.3.1/../../../../arm-none-eabi/lib/thumb/v7e-m+fp/hard/libc_nano.a(libc_a-sbrkr.o)
 .ARM.attributes
                0x0000000000000912       0x1c /opt/st/stm32cubeide_1.13.2/plugins/com.st.stm32cube.ide.mcu.externaltools.gnu-tools-for-stm32.11.3.rel1.linux64_1.1.1.202309131626/tools/bin/../lib/gcc/arm-none-eabi/11.3.1/../../../../arm-none-eabi/lib/thumb/v7e-m+fp/hard/libc_nano.a(libc_a-memchr.o)
 .ARM.attributes
                0x000000000000092e       0x34 /opt/st/stm32cubeide_1.13.2/plugins/com.st.stm32cube.ide.mcu.externaltools.gnu-tools-for-stm32.11.3.rel1.linux64_1.1.1.202309131626/tools/bin/../lib/gcc/arm-none-eabi/11.3.1/../../../../arm-none-eabi/lib/thumb/v7e-m+fp/hard/libc_nano.a(libc_a-memcpy-stub.o)
 .ARM.attributes
                0x0000000000000962       0x34 /opt/st/stm32cubeide_1.13.2/plugins/com.st.stm32cube.ide.mcu.externaltools.gnu-tools-for-stm32.11.3.rel1.linux64_1.1.1.202309131626/tools/bin/../lib/gcc/arm-none-eabi/11.3.1/../../../../arm-none-eabi/lib/thumb/v7e-m+fp/hard/libc_nano.a(libc_a-reallocr.o)
 .ARM.attributes
                0x0000000000000996       0x34 /opt/st/stm32cubeide_1.13.2/plugins/com.st.stm32cube.ide.mcu.externaltools.gnu-tools-for-stm32.11.3.rel1.linux64_1.1.1.202309131626/tools/bin/../lib/gcc/arm-none-eabi/11.3.1/../../../../arm-none-eabi/lib/thumb/v7e-m+fp/hard/libc_nano.a(libc_a-msizer.o)
 .ARM.attributes
                0x00000000000009ca       0x34 /opt/st/stm32cubeide_1.13.2/plugins/com.st.stm32cube.ide.mcu.externaltools.gnu-tools-for-stm32.11.3.rel1.linux64_1.1.1.202309131626/tools/bin/../lib/gcc/arm-none-eabi/11.3.1/../../../../arm-none-eabi/lib/thumb/v7e-m+fp/hard/libm.a(libm_a-w_pow.o)
 .ARM.attributes
                0x00000000000009fe       0x34 /opt/st/stm32cubeide_1.13.2/plugins/com.st.stm32cube.ide.mcu.externaltools.gnu-tools-for-stm32.11.3.rel1.linux64_1.1.1.202309131626/tools/bin/../lib/gcc/arm-none-eabi/11.3.1/../../../../arm-none-eabi/lib/thumb/v7e-m+fp/hard/libm.a(libm_a-s_fabs.o)
 .ARM.attributes
                0x0000000000000a32       0x34 /opt/st/stm32cubeide_1.13.2/plugins/com.st.stm32cube.ide.mcu.externaltools.gnu-tools-for-stm32.11.3.rel1.linux64_1.1.1.202309131626/tools/bin/../lib/gcc/arm-none-eabi/11.3.1/../../../../arm-none-eabi/lib/thumb/v7e-m+fp/hard/libm.a(libm_a-s_finite.o)
 .ARM.attributes
                0x0000000000000a66       0x34 /opt/st/stm32cubeide_1.13.2/plugins/com.st.stm32cube.ide.mcu.externaltools.gnu-tools-for-stm32.11.3.rel1.linux64_1.1.1.202309131626/tools/bin/../lib/gcc/arm-none-eabi/11.3.1/../../../../arm-none-eabi/lib/thumb/v7e-m+fp/hard/libm.a(libm_a-e_sqrt.o)
 .ARM.attributes
                0x0000000000000a9a       0x34 /opt/st/stm32cubeide_1.13.2/plugins/com.st.stm32cube.ide.mcu.externaltools.gnu-tools-for-stm32.11.3.rel1.linux64_1.1.1.202309131626/tools/bin/../lib/gcc/arm-none-eabi/11.3.1/../../../../arm-none-eabi/lib/thumb/v7e-m+fp/hard/libm.a(libm_a-e_pow.o)
 .ARM.attributes
                0x0000000000000ace       0x34 /opt/st/stm32cubeide_1.13.2/plugins/com.st.stm32cube.ide.mcu.externaltools.gnu-tools-for-stm32.11.3.rel1.linux64_1.1.1.202309131626/tools/bin/../lib/gcc/arm-none-eabi/11.3.1/../../../../arm-none-eabi/lib/thumb/v7e-m+fp/hard/libm.a(libm_a-s_scalbn.o)
 .ARM.attributes
                0x0000000000000b02       0x34 /opt/st/stm32cubeide_1.13.2/plugins/com.st.stm32cube.ide.mcu.externaltools.gnu-tools-for-stm32.11.3.rel1.linux64_1.1.1.202309131626/tools/bin/../lib/gcc/arm-none-eabi/11.3.1/../../../../arm-none-eabi/lib/thumb/v7e-m+fp/hard/libm.a(libm_a-math_err.o)
 .ARM.attributes
                0x0000000000000b36       0x1e /opt/st/stm32cubeide_1.13.2/plugins/com.st.stm32cube.ide.mcu.externaltools.gnu-tools-for-stm32.11.3.rel1.linux64_1.1.1.202309131626/tools/bin/../lib/gcc/arm-none-eabi/11.3.1/thumb/v7e-m+fp/hard/libgcc.a(_arm_addsubdf3.o)
 .ARM.attributes
                0x0000000000000b54       0x1e /opt/st/stm32cubeide_1.13.2/plugins/com.st.stm32cube.ide.mcu.externaltools.gnu-tools-for-stm32.11.3.rel1.linux64_1.1.1.202309131626/tools/bin/../lib/gcc/arm-none-eabi/11.3.1/thumb/v7e-m+fp/hard/libgcc.a(_arm_muldivdf3.o)
 .ARM.attributes
                0x0000000000000b72       0x1e /opt/st/stm32cubeide_1.13.2/plugins/com.st.stm32cube.ide.mcu.externaltools.gnu-tools-for-stm32.11.3.rel1.linux64_1.1.1.202309131626/tools/bin/../lib/gcc/arm-none-eabi/11.3.1/thumb/v7e-m+fp/hard/libgcc.a(_arm_cmpdf2.o)
 .ARM.attributes
                0x0000000000000b90       0x1e /opt/st/stm32cubeide_1.13.2/plugins/com.st.stm32cube.ide.mcu.externaltools.gnu-tools-for-stm32.11.3.rel1.linux64_1.1.1.202309131626/tools/bin/../lib/gcc/arm-none-eabi/11.3.1/thumb/v7e-m+fp/hard/libgcc.a(_arm_unorddf2.o)
 .ARM.attributes
                0x0000000000000bae       0x1e /opt/st/stm32cubeide_1.13.2/plugins/com.st.stm32cube.ide.mcu.externaltools.gnu-tools-for-stm32.11.3.rel1.linux64_1.1.1.202309131626/tools/bin/../lib/gcc/arm-none-eabi/11.3.1/thumb/v7e-m+fp/hard/libgcc.a(_arm_fixdfsi.o)
 .ARM.attributes
                0x0000000000000bcc       0x1e /opt/st/stm32cubeide_1.13.2/plugins/com.st.stm32cube.ide.mcu.externaltools.gnu-tools-for-stm32.11.3.rel1.linux64_1.1.1.202309131626/tools/bin/../lib/gcc/arm-none-eabi/11.3.1/thumb/v7e-m+fp/hard/libgcc.a(_arm_fixunsdfsi.o)
 .ARM.attributes
                0x0000000000000bea       0x1e /opt/st/stm32cubeide_1.13.2/plugins/com.st.stm32cube.ide.mcu.externaltools.gnu-tools-for-stm32.11.3.rel1.linux64_1.1.1.202309131626/tools/bin/../lib/gcc/arm-none-eabi/11.3.1/thumb/v7e-m+fp/hard/libgcc.a(_arm_truncdfsf2.o)
 .ARM.attributes
                0x0000000000000c08       0x1e /opt/st/stm32cubeide_1.13.2/plugins/com.st.stm32cube.ide.mcu.externaltools.gnu-tools-for-stm32.11.3.rel1.linux64_1.1.1.202309131626/tools/bin/../lib/gcc/arm-none-eabi/11.3.1/thumb/v7e-m+fp/hard/crtn.o
OUTPUT(full_project.elf elf32-littlearm)
LOAD linker stubs
LOAD /opt/st/stm32cubeide_1.13.2/plugins/com.st.stm32cube.ide.mcu.externaltools.gnu-tools-for-stm32.11.3.rel1.linux64_1.1.1.202309131626/tools/bin/../lib/gcc/arm-none-eabi/11.3.1/../../../../arm-none-eabi/lib/thumb/v7e-m+fp/hard/libc.a
LOAD /opt/st/stm32cubeide_1.13.2/plugins/com.st.stm32cube.ide.mcu.externaltools.gnu-tools-for-stm32.11.3.rel1.linux64_1.1.1.202309131626/tools/bin/../lib/gcc/arm-none-eabi/11.3.1/../../../../arm-none-eabi/lib/thumb/v7e-m+fp/hard/libm.a
LOAD /opt/st/stm32cubeide_1.13.2/plugins/com.st.stm32cube.ide.mcu.externaltools.gnu-tools-for-stm32.11.3.rel1.linux64_1.1.1.202309131626/tools/bin/../lib/gcc/arm-none-eabi/11.3.1/thumb/v7e-m+fp/hard/libgcc.a

.comment        0x0000000000000000       0x43
 .comment       0x0000000000000000       0x43 /opt/st/stm32cubeide_1.13.2/plugins/com.st.stm32cube.ide.mcu.externaltools.gnu-tools-for-stm32.11.3.rel1.linux64_1.1.1.202309131626/tools/bin/../lib/gcc/arm-none-eabi/11.3.1/thumb/v7e-m+fp/hard/crtbegin.o
                                         0x44 (size before relaxing)
 .comment       0x0000000000000043       0x44 ./Core/Src/BMP180.o
 .comment       0x0000000000000043       0x44 ./Core/Src/BUZZER.o
 .comment       0x0000000000000043       0x44 ./Core/Src/File_Handling.o
 .comment       0x0000000000000043       0x44 ./Core/Src/LED.o
 .comment       0x0000000000000043       0x44 ./Core/Src/MPU6050.o
 .comment       0x0000000000000043       0x44 ./Core/Src/SD_Handler.o
 .comment       0x0000000000000043       0x44 ./Core/Src/fatfs_sd_card.o
 .comment       0x0000000000000043       0x44 ./Core/Src/main.o
 .comment       0x0000000000000043       0x44 ./Core/Src/stm32l4xx_hal_msp.o
 .comment       0x0000000000000043       0x44 ./Core/Src/stm32l4xx_it.o
 .comment       0x0000000000000043       0x44 ./Core/Src/sysmem.o
 .comment       0x0000000000000043       0x44 ./Core/Src/system_stm32l4xx.o
 .comment       0x0000000000000043       0x44 ./Drivers/STM32L4xx_HAL_Driver/Src/stm32l4xx_hal.o
 .comment       0x0000000000000043       0x44 ./Drivers/STM32L4xx_HAL_Driver/Src/stm32l4xx_hal_cortex.o
 .comment       0x0000000000000043       0x44 ./Drivers/STM32L4xx_HAL_Driver/Src/stm32l4xx_hal_gpio.o
 .comment       0x0000000000000043       0x44 ./Drivers/STM32L4xx_HAL_Driver/Src/stm32l4xx_hal_i2c.o
 .comment       0x0000000000000043       0x44 ./Drivers/STM32L4xx_HAL_Driver/Src/stm32l4xx_hal_i2c_ex.o
 .comment       0x0000000000000043       0x44 ./Drivers/STM32L4xx_HAL_Driver/Src/stm32l4xx_hal_pwr_ex.o
 .comment       0x0000000000000043       0x44 ./Drivers/STM32L4xx_HAL_Driver/Src/stm32l4xx_hal_rcc.o
 .comment       0x0000000000000043       0x44 ./Drivers/STM32L4xx_HAL_Driver/Src/stm32l4xx_hal_rcc_ex.o
 .comment       0x0000000000000043       0x44 ./Drivers/STM32L4xx_HAL_Driver/Src/stm32l4xx_hal_spi.o
 .comment       0x0000000000000043       0x44 ./FATFS/App/fatfs.o
 .comment       0x0000000000000043       0x44 ./FATFS/Target/user_diskio.o
 .comment       0x0000000000000043       0x44 ./Middlewares/Third_Party/FatFs/src/diskio.o
 .comment       0x0000000000000043       0x44 ./Middlewares/Third_Party/FatFs/src/ff.o
 .comment       0x0000000000000043       0x44 ./Middlewares/Third_Party/FatFs/src/ff_gen_drv.o
 .comment       0x0000000000000043       0x44 ./Middlewares/Third_Party/FatFs/src/option/ccsbcs.o

.debug_info     0x0000000000000000    0x113b5
 .debug_info    0x0000000000000000      0xa5e ./Core/Src/BMP180.o
 .debug_info    0x0000000000000a5e      0x1f5 ./Core/Src/BUZZER.o
 .debug_info    0x0000000000000c53      0x74a ./Core/Src/File_Handling.o
 .debug_info    0x000000000000139d      0x1f5 ./Core/Src/LED.o
 .debug_info    0x0000000000001592      0xaba ./Core/Src/MPU6050.o
 .debug_info    0x000000000000204c      0x430 ./Core/Src/SD_Handler.o
 .debug_info    0x000000000000247c      0xc12 ./Core/Src/fatfs_sd_card.o
 .debug_info    0x000000000000308e     0x11e1 ./Core/Src/main.o
 .debug_info    0x000000000000426f      0xf45 ./Core/Src/stm32l4xx_hal_msp.o
 .debug_info    0x00000000000051b4      0x13f ./Core/Src/stm32l4xx_it.o
 .debug_info    0x00000000000052f3      0x168 ./Core/Src/sysmem.o
 .debug_info    0x000000000000545b      0x5bf ./Core/Src/system_stm32l4xx.o
 .debug_info    0x0000000000005a1a       0x23 ./Core/Startup/startup_stm32l432kcux.o
 .debug_info    0x0000000000005a3d      0x99e ./Drivers/STM32L4xx_HAL_Driver/Src/stm32l4xx_hal.o
 .debug_info    0x00000000000063db      0xcce ./Drivers/STM32L4xx_HAL_Driver/Src/stm32l4xx_hal_cortex.o
 .debug_info    0x00000000000070a9      0x757 ./Drivers/STM32L4xx_HAL_Driver/Src/stm32l4xx_hal_gpio.o
 .debug_info    0x0000000000007800     0x2093 ./Drivers/STM32L4xx_HAL_Driver/Src/stm32l4xx_hal_i2c.o
 .debug_info    0x0000000000009893      0x98d ./Drivers/STM32L4xx_HAL_Driver/Src/stm32l4xx_hal_i2c_ex.o
 .debug_info    0x000000000000a220      0x920 ./Drivers/STM32L4xx_HAL_Driver/Src/stm32l4xx_hal_pwr_ex.o
 .debug_info    0x000000000000ab40      0xbc3 ./Drivers/STM32L4xx_HAL_Driver/Src/stm32l4xx_hal_rcc.o
 .debug_info    0x000000000000b703      0xee5 ./Drivers/STM32L4xx_HAL_Driver/Src/stm32l4xx_hal_rcc_ex.o
 .debug_info    0x000000000000c5e8     0x161a ./Drivers/STM32L4xx_HAL_Driver/Src/stm32l4xx_hal_spi.o
 .debug_info    0x000000000000dc02      0x508 ./FATFS/App/fatfs.o
 .debug_info    0x000000000000e10a      0x3a5 ./FATFS/Target/user_diskio.o
 .debug_info    0x000000000000e4af      0x3df ./Middlewares/Third_Party/FatFs/src/diskio.o
 .debug_info    0x000000000000e88e     0x25ef ./Middlewares/Third_Party/FatFs/src/ff.o
 .debug_info    0x0000000000010e7d      0x37f ./Middlewares/Third_Party/FatFs/src/ff_gen_drv.o
 .debug_info    0x00000000000111fc      0x1b9 ./Middlewares/Third_Party/FatFs/src/option/ccsbcs.o

.debug_abbrev   0x0000000000000000     0x3261
 .debug_abbrev  0x0000000000000000      0x20e ./Core/Src/BMP180.o
 .debug_abbrev  0x000000000000020e      0x102 ./Core/Src/BUZZER.o
 .debug_abbrev  0x0000000000000310      0x1ef ./Core/Src/File_Handling.o
 .debug_abbrev  0x00000000000004ff      0x102 ./Core/Src/LED.o
 .debug_abbrev  0x0000000000000601      0x23f ./Core/Src/MPU6050.o
 .debug_abbrev  0x0000000000000840      0x177 ./Core/Src/SD_Handler.o
 .debug_abbrev  0x00000000000009b7      0x2ee ./Core/Src/fatfs_sd_card.o
 .debug_abbrev  0x0000000000000ca5      0x306 ./Core/Src/main.o
 .debug_abbrev  0x0000000000000fab      0x203 ./Core/Src/stm32l4xx_hal_msp.o
 .debug_abbrev  0x00000000000011ae       0x97 ./Core/Src/stm32l4xx_it.o
 .debug_abbrev  0x0000000000001245       0xbc ./Core/Src/sysmem.o
 .debug_abbrev  0x0000000000001301      0x11a ./Core/Src/system_stm32l4xx.o
 .debug_abbrev  0x000000000000141b       0x12 ./Core/Startup/startup_stm32l432kcux.o
 .debug_abbrev  0x000000000000142d      0x225 ./Drivers/STM32L4xx_HAL_Driver/Src/stm32l4xx_hal.o
 .debug_abbrev  0x0000000000001652      0x327 ./Drivers/STM32L4xx_HAL_Driver/Src/stm32l4xx_hal_cortex.o
 .debug_abbrev  0x0000000000001979      0x1cb ./Drivers/STM32L4xx_HAL_Driver/Src/stm32l4xx_hal_gpio.o
 .debug_abbrev  0x0000000000001b44      0x261 ./Drivers/STM32L4xx_HAL_Driver/Src/stm32l4xx_hal_i2c.o
 .debug_abbrev  0x0000000000001da5      0x1c3 ./Drivers/STM32L4xx_HAL_Driver/Src/stm32l4xx_hal_i2c_ex.o
 .debug_abbrev  0x0000000000001f68      0x1f9 ./Drivers/STM32L4xx_HAL_Driver/Src/stm32l4xx_hal_pwr_ex.o
 .debug_abbrev  0x0000000000002161      0x2cb ./Drivers/STM32L4xx_HAL_Driver/Src/stm32l4xx_hal_rcc.o
 .debug_abbrev  0x000000000000242c      0x2a1 ./Drivers/STM32L4xx_HAL_Driver/Src/stm32l4xx_hal_rcc_ex.o
 .debug_abbrev  0x00000000000026cd      0x26a ./Drivers/STM32L4xx_HAL_Driver/Src/stm32l4xx_hal_spi.o
 .debug_abbrev  0x0000000000002937      0x15e ./FATFS/App/fatfs.o
 .debug_abbrev  0x0000000000002a95      0x144 ./FATFS/Target/user_diskio.o
 .debug_abbrev  0x0000000000002bd9      0x181 ./Middlewares/Third_Party/FatFs/src/diskio.o
 .debug_abbrev  0x0000000000002d5a      0x28a ./Middlewares/Third_Party/FatFs/src/ff.o
 .debug_abbrev  0x0000000000002fe4      0x19f ./Middlewares/Third_Party/FatFs/src/ff_gen_drv.o
 .debug_abbrev  0x0000000000003183       0xde ./Middlewares/Third_Party/FatFs/src/option/ccsbcs.o

.debug_aranges  0x0000000000000000     0x10a0
 .debug_aranges
                0x0000000000000000       0x58 ./Core/Src/BMP180.o
 .debug_aranges
                0x0000000000000058       0x30 ./Core/Src/BUZZER.o
 .debug_aranges
                0x0000000000000088       0x48 ./Core/Src/File_Handling.o
 .debug_aranges
                0x00000000000000d0       0x30 ./Core/Src/LED.o
 .debug_aranges
                0x0000000000000100       0x48 ./Core/Src/MPU6050.o
 .debug_aranges
                0x0000000000000148       0x28 ./Core/Src/SD_Handler.o
 .debug_aranges
                0x0000000000000170       0xa8 ./Core/Src/fatfs_sd_card.o
 .debug_aranges
                0x0000000000000218       0x50 ./Core/Src/main.o
 .debug_aranges
                0x0000000000000268       0x40 ./Core/Src/stm32l4xx_hal_msp.o
 .debug_aranges
                0x00000000000002a8       0x60 ./Core/Src/stm32l4xx_it.o
 .debug_aranges