Archive member included to satisfy reference by file (symbol)

D:/STM32CubeIDE_1.13.1/STM32CubeIDE/plugins/com.st.stm32cube.ide.mcu.externaltools.gnu-tools-for-stm32.11.3.rel1.win32_1.1.0.202305231506/tools/bin/../lib/gcc/arm-none-eabi/11.3.1/../../../../arm-none-eabi/lib/thumb/v7e-m+fp/hard\libc_nano.a(libc_a-exit.o)
                              D:/STM32CubeIDE_1.13.1/STM32CubeIDE/plugins/com.st.stm32cube.ide.mcu.externaltools.gnu-tools-for-stm32.11.3.rel1.win32_1.1.0.202305231506/tools/bin/../lib/gcc/arm-none-eabi/11.3.1/../../../../arm-none-eabi/lib/thumb/v7e-m+fp/hard/crt0.o (exit)
D:/STM32CubeIDE_1.13.1/STM32CubeIDE/plugins/com.st.stm32cube.ide.mcu.externaltools.gnu-tools-for-stm32.11.3.rel1.win32_1.1.0.202305231506/tools/bin/../lib/gcc/arm-none-eabi/11.3.1/../../../../arm-none-eabi/lib/thumb/v7e-m+fp/hard\libc_nano.a(libc_a-findfp.o)
                              ./Middlewares/Third_Party/FreeRTOS/Source/tasks.o (__sf)
D:/STM32CubeIDE_1.13.1/STM32CubeIDE/plugins/com.st.stm32cube.ide.mcu.externaltools.gnu-tools-for-stm32.11.3.rel1.win32_1.1.0.202305231506/tools/bin/../lib/gcc/arm-none-eabi/11.3.1/../../../../arm-none-eabi/lib/thumb/v7e-m+fp/hard\libc_nano.a(libc_a-fwalk.o)
                              D:/STM32CubeIDE_1.13.1/STM32CubeIDE/plugins/com.st.stm32cube.ide.mcu.externaltools.gnu-tools-for-stm32.11.3.rel1.win32_1.1.0.202305231506/tools/bin/../lib/gcc/arm-none-eabi/11.3.1/../../../../arm-none-eabi/lib/thumb/v7e-m+fp/hard\libc_nano.a(libc_a-findfp.o) (_fwalk_sglue)
D:/STM32CubeIDE_1.13.1/STM32CubeIDE/plugins/com.st.stm32cube.ide.mcu.externaltools.gnu-tools-for-stm32.11.3.rel1.win32_1.1.0.202305231506/tools/bin/../lib/gcc/arm-none-eabi/11.3.1/../../../../arm-none-eabi/lib/thumb/v7e-m+fp/hard\libc_nano.a(libc_a-stdio.o)
                              D:/STM32CubeIDE_1.13.1/STM32CubeIDE/plugins/com.st.stm32cube.ide.mcu.externaltools.gnu-tools-for-stm32.11.3.rel1.win32_1.1.0.202305231506/tools/bin/../lib/gcc/arm-none-eabi/11.3.1/../../../../arm-none-eabi/lib/thumb/v7e-m+fp/hard\libc_nano.a(libc_a-findfp.o) (__sread)
D:/STM32CubeIDE_1.13.1/STM32CubeIDE/plugins/com.st.stm32cube.ide.mcu.externaltools.gnu-tools-for-stm32.11.3.rel1.win32_1.1.0.202305231506/tools/bin/../lib/gcc/arm-none-eabi/11.3.1/../../../../arm-none-eabi/lib/thumb/v7e-m+fp/hard\libc_nano.a(libc_a-memset.o)
                              D:/STM32CubeIDE_1.13.1/STM32CubeIDE/plugins/com.st.stm32cube.ide.mcu.externaltools.gnu-tools-for-stm32.11.3.rel1.win32_1.1.0.202305231506/tools/bin/../lib/gcc/arm-none-eabi/11.3.1/../../../../arm-none-eabi/lib/thumb/v7e-m+fp/hard/crt0.o (memset)
D:/STM32CubeIDE_1.13.1/STM32CubeIDE/plugins/com.st.stm32cube.ide.mcu.externaltools.gnu-tools-for-stm32.11.3.rel1.win32_1.1.0.202305231506/tools/bin/../lib/gcc/arm-none-eabi/11.3.1/../../../../arm-none-eabi/lib/thumb/v7e-m+fp/hard\libc_nano.a(libc_a-closer.o)
                              D:/STM32CubeIDE_1.13.1/STM32CubeIDE/plugins/com.st.stm32cube.ide.mcu.externaltools.gnu-tools-for-stm32.11.3.rel1.win32_1.1.0.202305231506/tools/bin/../lib/gcc/arm-none-eabi/11.3.1/../../../../arm-none-eabi/lib/thumb/v7e-m+fp/hard\libc_nano.a(libc_a-stdio.o) (_close_r)
D:/STM32CubeIDE_1.13.1/STM32CubeIDE/plugins/com.st.stm32cube.ide.mcu.externaltools.gnu-tools-for-stm32.11.3.rel1.win32_1.1.0.202305231506/tools/bin/../lib/gcc/arm-none-eabi/11.3.1/../../../../arm-none-eabi/lib/thumb/v7e-m+fp/hard\libc_nano.a(libc_a-reent.o)
                              ./Middlewares/Third_Party/FreeRTOS/Source/tasks.o (_reclaim_reent)
D:/STM32CubeIDE_1.13.1/STM32CubeIDE/plugins/com.st.stm32cube.ide.mcu.externaltools.gnu-tools-for-stm32.11.3.rel1.win32_1.1.0.202305231506/tools/bin/../lib/gcc/arm-none-eabi/11.3.1/../../../../arm-none-eabi/lib/thumb/v7e-m+fp/hard\libc_nano.a(libc_a-impure.o)
                              ./Middlewares/Third_Party/FreeRTOS/Source/tasks.o (_impure_ptr)
D:/STM32CubeIDE_1.13.1/STM32CubeIDE/plugins/com.st.stm32cube.ide.mcu.externaltools.gnu-tools-for-stm32.11.3.rel1.win32_1.1.0.202305231506/tools/bin/../lib/gcc/arm-none-eabi/11.3.1/../../../../arm-none-eabi/lib/thumb/v7e-m+fp/hard\libc_nano.a(libc_a-lseekr.o)
                              D:/STM32CubeIDE_1.13.1/STM32CubeIDE/plugins/com.st.stm32cube.ide.mcu.externaltools.gnu-tools-for-stm32.11.3.rel1.win32_1.1.0.202305231506/tools/bin/../lib/gcc/arm-none-eabi/11.3.1/../../../../arm-none-eabi/lib/thumb/v7e-m+fp/hard\libc_nano.a(libc_a-stdio.o) (_lseek_r)
D:/STM32CubeIDE_1.13.1/STM32CubeIDE/plugins/com.st.stm32cube.ide.mcu.externaltools.gnu-tools-for-stm32.11.3.rel1.win32_1.1.0.202305231506/tools/bin/../lib/gcc/arm-none-eabi/11.3.1/../../../../arm-none-eabi/lib/thumb/v7e-m+fp/hard\libc_nano.a(libc_a-readr.o)
                              D:/STM32CubeIDE_1.13.1/STM32CubeIDE/plugins/com.st.stm32cube.ide.mcu.externaltools.gnu-tools-for-stm32.11.3.rel1.win32_1.1.0.202305231506/tools/bin/../lib/gcc/arm-none-eabi/11.3.1/../../../../arm-none-eabi/lib/thumb/v7e-m+fp/hard\libc_nano.a(libc_a-stdio.o) (_read_r)
[...]
Memory Configuration

Name             Origin             Length             Attributes
RAM              0x0000000020000000 0x0000000000010000 xrw
RAM2             0x0000000010000000 0x0000000000004000 xrw
FLASH            0x0000000008000000 0x0000000000040000 xr
*default*        0x0000000000000000 0xffffffffffffffff

Linker script and memory map

LOAD D:/STM32CubeIDE_1.13.1/STM32CubeIDE/plugins/com.st.stm32cube.ide.mcu.externaltools.gnu-tools-for-stm32.11.3.rel1.win32_1.1.0.202305231506/tools/bin/../lib/gcc/arm-none-eabi/11.3.1/thumb/v7e-m+fp/hard/crti.o
LOAD D:/STM32CubeIDE_1.13.1/STM32CubeIDE/plugins/com.st.stm32cube.ide.mcu.externaltools.gnu-tools-for-stm32.11.3.rel1.win32_1.1.0.202305231506/tools/bin/../lib/gcc/arm-none-eabi/11.3.1/thumb/v7e-m+fp/hard/crtbegin.o
LOAD D:/STM32CubeIDE_1.13.1/STM32CubeIDE/plugins/com.st.stm32cube.ide.mcu.externaltools.gnu-tools-for-stm32.11.3.rel1.win32_1.1.0.202305231506/tools/bin/../lib/gcc/arm-none-eabi/11.3.1/../../../../arm-none-eabi/lib/thumb/v7e-m+fp/hard/crt0.o
LOAD ./Core/Src/BMP180.o
LOAD ./Core/Src/BUZZER.o
LOAD ./Core/Src/LED.o
LOAD ./Core/Src/MPU6050.o
LOAD ./Core/Src/freertos.o
LOAD ./Core/Src/main.o
LOAD ./Core/Src/stm32l4xx_hal_msp.o
LOAD ./Core/Src/stm32l4xx_it.o
LOAD ./Core/Src/syscalls.o
LOAD ./Core/Src/sysmem.o
LOAD ./Core/Src/system_stm32l4xx.o
LOAD ./Core/Startup/startup_stm32l432kcux.o
LOAD ./Drivers/STM32L4xx_HAL_Driver/Src/stm32l4xx_hal.o
LOAD ./Drivers/STM32L4xx_HAL_Driver/Src/stm32l4xx_hal_cortex.o
LOAD ./Drivers/STM32L4xx_HAL_Driver/Src/stm32l4xx_hal_dma.o
LOAD ./Drivers/STM32L4xx_HAL_Driver/Src/stm32l4xx_hal_dma_ex.o
LOAD ./Drivers/STM32L4xx_HAL_Driver/Src/stm32l4xx_hal_exti.o
LOAD ./Drivers/STM32L4xx_HAL_Driver/Src/stm32l4xx_hal_flash.o
LOAD ./Drivers/STM32L4xx_HAL_Driver/Src/stm32l4xx_hal_flash_ex.o
LOAD ./Drivers/STM32L4xx_HAL_Driver/Src/stm32l4xx_hal_flash_ramfunc.o
LOAD ./Drivers/STM32L4xx_HAL_Driver/Src/stm32l4xx_hal_gpio.o
LOAD ./Drivers/STM32L4xx_HAL_Driver/Src/stm32l4xx_hal_i2c.o
LOAD ./Drivers/STM32L4xx_HAL_Driver/Src/stm32l4xx_hal_i2c_ex.o
LOAD ./Drivers/STM32L4xx_HAL_Driver/Src/stm32l4xx_hal_pwr.o
LOAD ./Drivers/STM32L4xx_HAL_Driver/Src/stm32l4xx_hal_pwr_ex.o
LOAD ./Drivers/STM32L4xx_HAL_Driver/Src/stm32l4xx_hal_rcc.o
LOAD ./Drivers/STM32L4xx_HAL_Driver/Src/stm32l4xx_hal_rcc_ex.o
LOAD ./Drivers/STM32L4xx_HAL_Driver/Src/stm32l4xx_hal_tim.o
LOAD ./Drivers/STM32L4xx_HAL_Driver/Src/stm32l4xx_hal_tim_ex.o
LOAD ./Middlewares/Third_Party/FreeRTOS/Source/CMSIS_RTOS/cmsis_os.o
LOAD ./Middlewares/Third_Party/FreeRTOS/Source/croutine.o
LOAD ./Middlewares/Third_Party/FreeRTOS/Source/event_groups.o
LOAD ./Middlewares/Third_Party/FreeRTOS/Source/list.o
LOAD ./Middlewares/Third_Party/FreeRTOS/Source/queue.o
LOAD ./Middlewares/Third_Party/FreeRTOS/Source/stream_buffer.o
LOAD ./Middlewares/Third_Party/FreeRTOS/Source/tasks.o
LOAD ./Middlewares/Third_Party/FreeRTOS/Source/timers.o
LOAD ./Middlewares/Third_Party/FreeRTOS/Source/portable/GCC/ARM_CM4F/port.o
LOAD ./Middlewares/Third_Party/FreeRTOS/Source/portable/MemMang/heap_4.o
START GROUP
LOAD D:/STM32CubeIDE_1.13.1/STM32CubeIDE/plugins/com.st.stm32cube.ide.mcu.externaltools.gnu-tools-for-stm32.11.3.rel1.win32_1.1.0.202305231506/tools/bin/../lib/gcc/arm-none-eabi/11.3.1/../../../../arm-none-eabi/lib/thumb/v7e-m+fp/hard\libc_nano.a
LOAD D:/STM32CubeIDE_1.13.1/STM32CubeIDE/plugins/com.st.stm32cube.ide.mcu.externaltools.gnu-tools-for-stm32.11.3.rel1.win32_1.1.0.202305231506/tools/bin/../lib/gcc/arm-none-eabi/11.3.1/../../../../arm-none-eabi/lib/thumb/v7e-m+fp/hard\libm.a
END GROUP
START GROUP
LOAD D:/STM32CubeIDE_1.13.1/STM32CubeIDE/plugins/com.st.stm32cube.ide.mcu.externaltools.gnu-tools-for-stm32.11.3.rel1.win32_1.1.0.202305231506/tools/bin/../lib/gcc/arm-none-eabi/11.3.1/thumb/v7e-m+fp/hard\libgcc.a
LOAD D:/STM32CubeIDE_1.13.1/STM32CubeIDE/plugins/com.st.stm32cube.ide.mcu.externaltools.gnu-tools-for-stm32.11.3.rel1.win32_1.1.0.202305231506/tools/bin/../lib/gcc/arm-none-eabi/11.3.1/../../../../arm-none-eabi/lib/thumb/v7e-m+fp/hard\libc_nano.a
END GROUP
START GROUP
LOAD D:/STM32CubeIDE_1.13.1/STM32CubeIDE/plugins/com.st.stm32cube.ide.mcu.externaltools.gnu-tools-for-stm32.11.3.rel1.win32_1.1.0.202305231506/tools/bin/../lib/gcc/arm-none-eabi/11.3.1/thumb/v7e-m+fp/hard\libgcc.a
LOAD D:/STM32CubeIDE_1.13.1/STM32CubeIDE/plugins/com.st.stm32cube.ide.mcu.externaltools.gnu-tools-for-stm32.11.3.rel1.win32_1.1.0.202305231506/tools/bin/../lib/gcc/arm-none-eabi/11.3.1/../../../../arm-none-eabi/lib/thumb/v7e-m+fp/hard\libc_nano.a
LOAD D:/STM32CubeIDE_1.13.1/STM32CubeIDE/plugins/com.st.stm32cube.ide.mcu.externaltools.gnu-tools-for-stm32.11.3.rel1.win32_1.1.0.202305231506/tools/bin/../lib/gcc/arm-none-eabi/11.3.1/../../../../arm-none-eabi/lib/thumb/v7e-m+fp/hard\libnosys.a
END GROUP
START GROUP
LOAD D:/STM32CubeIDE_1.13.1/STM32CubeIDE/plugins/com.st.stm32cube.ide.mcu.externaltools.gnu-tools-for-stm32.11.3.rel1.win32_1.1.0.202305231506/tools/bin/../lib/gcc/arm-none-eabi/11.3.1/thumb/v7e-m+fp/hard\libgcc.a
LOAD D:/STM32CubeIDE_1.13.1/STM32CubeIDE/plugins/com.st.stm32cube.ide.mcu.externaltools.gnu-tools-for-stm32.11.3.rel1.win32_1.1.0.202305231506/tools/bin/../lib/gcc/arm-none-eabi/11.3.1/../../../../arm-none-eabi/lib/thumb/v7e-m+fp/hard\libc_nano.a
LOAD D:/STM32CubeIDE_1.13.1/STM32CubeIDE/plugins/com.st.stm32cube.ide.mcu.externaltools.gnu-tools-for-stm32.11.3.rel1.win32_1.1.0.202305231506/tools/bin/../lib/gcc/arm-none-eabi/11.3.1/../../../../arm-none-eabi/lib/thumb/v7e-m+fp/hard\libnosys.a
END GROUP
LOAD D:/STM32CubeIDE_1.13.1/STM32CubeIDE/plugins/com.st.stm32cube.ide.mcu.externaltools.gnu-tools-for-stm32.11.3.rel1.win32_1.1.0.202305231506/tools/bin/../lib/gcc/arm-none-eabi/11.3.1/thumb/v7e-m+fp/hard/crtend.o
LOAD D:/STM32CubeIDE_1.13.1/STM32CubeIDE/plugins/com.st.stm32cube.ide.mcu.externaltools.gnu-tools-for-stm32.11.3.rel1.win32_1.1.0.202305231506/tools/bin/../lib/gcc/arm-none-eabi/11.3.1/thumb/v7e-m+fp/hard/crtn.o
                0x0000000020010000                _estack = (ORIGIN (RAM) + LENGTH (RAM))
                0x0000000000000200                _Min_Heap_Size = 0x200
                0x0000000000000400                _Min_Stack_Size = 0x400

.isr_vector     0x0000000008000000      0x18c
                0x0000000008000000                . = ALIGN (0x4)
 *(.isr_vector)
 .isr_vector    0x0000000008000000      0x18c ./Core/Startup/startup_stm32l432kcux.o
                0x0000000008000000                g_pfnVectors
                0x000000000800018c                . = ALIGN (0x4)

.text           0x0000000008000190     0x661c
                0x0000000008000190                . = ALIGN (0x4)
 *(.text)
 .text          0x0000000008000190       0x40 D:/STM32CubeIDE_1.13.1/STM32CubeIDE/plugins/com.st.stm32cube.ide.mcu.externaltools.gnu-tools-for-stm32.11.3.rel1.win32_1.1.0.202305231506/tools/bin/../lib/gcc/arm-none-eabi/11.3.1/thumb/v7e-m+fp/hard/crtbegin.o
 .text          0x00000000080001d0      0x378 D:/STM32CubeIDE_1.13.1/STM32CubeIDE/plugins/com.st.stm32cube.ide.mcu.externaltools.gnu-tools-for-stm32.11.3.rel1.win32_1.1.0.202305231506/tools/bin/../lib/gcc/arm-none-eabi/11.3.1/thumb/v7e-m+fp/hard\libgcc.a(_arm_addsubdf3.o)
                0x00000000080001d0                __aeabi_drsub
                0x00000000080001d8                __aeabi_dsub
                0x00000000080001d8                __subdf3
                0x00000000080001dc                __aeabi_dadd
                0x00000000080001dc                __adddf3
                0x0000000008000454                __floatunsidf
                0x0000000008000454                __aeabi_ui2d
                0x0000000008000474                __floatsidf
                0x0000000008000474                __aeabi_i2d
                0x0000000008000498                __aeabi_f2d
                0x0000000008000498                __extendsfdf2
                0x00000000080004dc                __floatundidf
                0x00000000080004dc                __aeabi_ul2d
                0x00000000080004ec                __floatdidf
                0x00000000080004ec                __aeabi_l2d
 .text          0x0000000008000548      0x424 D:/STM32CubeIDE_1.13.1/STM32CubeIDE/plugins/com.st.stm32cube.ide.mcu.externaltools.gnu-tools-for-stm32.11.3.rel1.win32_1.1.0.202305231506/tools/bin/../lib/gcc/arm-none-eabi/11.3.1/thumb/v7e-m+fp/hard\libgcc.a(_arm_muldivdf3.o)
                0x0000000008000548                __aeabi_dmul
                0x0000000008000548                __muldf3
                0x000000000800079c                __divdf3
                0x000000000800079c                __aeabi_ddiv
 .text          0x000000000800096c      0x110 D:/STM32CubeIDE_1.13.1/STM32CubeIDE/plugins/com.st.stm32cube.ide.mcu.externaltools.gnu-tools-for-stm32.11.3.rel1.win32_1.1.0.202305231506/tools/bin/../lib/gcc/arm-none-eabi/11.3.1/thumb/v7e-m+fp/hard\libgcc.a(_arm_cmpdf2.o)
                0x000000000800096c                __gtdf2
                0x000000000800096c                __gedf2
                0x0000000008000974                __ltdf2
                0x0000000008000974                __ledf2
                0x000000000800097c                __nedf2
                0x000000000800097c                __eqdf2
                0x000000000800097c                __cmpdf2
                0x00000000080009f8                __aeabi_cdrcmple
                0x0000000008000a08                __aeabi_cdcmpeq
                0x0000000008000a08                __aeabi_cdcmple
                0x0000000008000a18                __aeabi_dcmpeq
                0x0000000008000a2c                __aeabi_dcmplt
                0x0000000008000a40                __aeabi_dcmple
                0x0000000008000a54                __aeabi_dcmpge
                0x0000000008000a68                __aeabi_dcmpgt
 .text          0x0000000008000a7c       0x2c D:/STM32CubeIDE_1.13.1/STM32CubeIDE/plugins/com.st.stm32cube.ide.mcu.externaltools.gnu-tools-for-stm32.11.3.rel1.win32_1.1.0.202305231506/tools/bin/../lib/gcc/arm-none-eabi/11.3.1/thumb/v7e-m+fp/hard\libgcc.a(_arm_unorddf2.o)
                0x0000000008000a7c                __unorddf2
                0x0000000008000a7c                __aeabi_dcmpun
 .text          0x0000000008000aa8       0x50 D:/STM32CubeIDE_1.13.1/STM32CubeIDE/plugins/com.st.stm32cube.ide.mcu.externaltools.gnu-tools-for-stm32.11.3.rel1.win32_1.1.0.202305231506/tools/bin/../lib/gcc/arm-none-eabi/11.3.1/thumb/v7e-m+fp/hard\libgcc.a(_arm_fixdfsi.o)
                0x0000000008000aa8                __aeabi_d2iz
                0x0000000008000aa8                __fixdfsi
 .text          0x0000000008000af8       0x40 D:/STM32CubeIDE_1.13.1/STM32CubeIDE/plugins/com.st.stm32cube.ide.mcu.externaltools.gnu-tools-for-stm32.11.3.rel1.win32_1.1.0.202305231506/tools/bin/../lib/gcc/arm-none-eabi/11.3.1/thumb/v7e-m+fp/hard\libgcc.a(_arm_fixunsdfsi.o)
                0x0000000008000af8                __aeabi_d2uiz
                0x0000000008000af8                __fixunsdfsi
 .text          0x0000000008000b38       0xa0 D:/STM32CubeIDE_1.13.1/STM32CubeIDE/plugins/com.st.stm32cube.ide.mcu.externaltools.gnu-tools-for-stm32.11.3.rel1.win32_1.1.0.202305231506/tools/bin/../lib/gcc/arm-none-eabi/11.3.1/thumb/v7e-m+fp/hard\libgcc.a(_arm_truncdfsf2.o)
                0x0000000008000b38                __truncdfsf2
                0x0000000008000b38                __aeabi_d2f
 *(.text*)
 .text.read_callibration_data
                0x0000000008000bd8      0x13c ./Core/Src/BMP180.o
                0x0000000008000bd8                read_callibration_data
 .text.Get_UTemp
                0x0000000008000d14       0x70 ./Core/Src/BMP180.o
                0x0000000008000d14                Get_UTemp
 .text.BMP180_Get_Temp
                0x0000000008000d84      0x13c ./Core/Src/BMP180.o
                0x0000000008000d84                BMP180_Get_Temp
 .text.Get_UPress
                0x0000000008000ec0       0x88 ./Core/Src/BMP180.o
                0x0000000008000ec0                Get_UPress
 .text.BMP180_Get_Press
                0x0000000008000f48      0x478 ./Core/Src/BMP180.o
                0x0000000008000f48                BMP180_Get_Press
 .text.BMP180_Get_Alt
                0x00000000080013c0       0x98 ./Core/Src/BMP180.o
                0x00000000080013c0                BMP180_Get_Alt
 .text.BMP180_Init
                0x0000000008001458        0xc ./Core/Src/BMP180.o
                0x0000000008001458                BMP180_Init
 .text.BMP180_Read_All
                0x0000000008001464       0x20 ./Core/Src/BMP180.o
                0x0000000008001464                BMP180_Read_All
 .text.BUZZER_Toggle
                0x0000000008001484       0x14 ./Core/Src/BUZZER.o
                0x0000000008001484                BUZZER_Toggle
 .text.LED_TurnOn
                0x0000000008001498       0x18 ./Core/Src/LED.o
                0x0000000008001498                LED_TurnOn
 .text.LED_Toggle
                0x00000000080014b0       0x14 ./Core/Src/LED.o
                0x00000000080014b0                LED_Toggle
 .text.MPU6050_Init
                0x00000000080014c4       0xa8 ./Core/Src/MPU6050.o
                0x00000000080014c4                MPU6050_Init
 *fill*         0x000000000800156c        0x4 
 .text.MPU6050_Read_Accel
                0x0000000008001570       0xd0 ./Core/Src/MPU6050.o
                0x0000000008001570                MPU6050_Read_Accel
 .text.vApplicationGetIdleTaskMemory
                0x0000000008001640       0x34 ./Core/Src/freertos.o
                0x0000000008001640                vApplicationGetIdleTaskMemory
 .text.main     0x0000000008001674       0xf4 ./Core/Src/main.o
                0x0000000008001674                main
 .text.SystemClock_Config
                0x0000000008001768       0xac ./Core/Src/main.o
                0x0000000008001768                SystemClock_Config
 .text.MX_I2C1_Init
                0x0000000008001814       0x7c ./Core/Src/main.o
 .text.MX_GPIO_Init
                0x0000000008001890       0xc4 ./Core/Src/main.o
 .text.BMP180_all
                0x0000000008001954       0x30 ./Core/Src/main.o
                0x0000000008001954                BMP180_all
 .text.MPU6050_all
                0x0000000008001984       0x2c ./Core/Src/main.o
                0x0000000008001984                MPU6050_all
 .text.BUZZER_blink
                0x00000000080019b0       0x24 ./Core/Src/main.o
                0x00000000080019b0                BUZZER_blink
 .text.LED_blink
                0x00000000080019d4       0x30 ./Core/Src/main.o
                0x00000000080019d4                LED_blink
 .text.Error_Handler
                0x0000000008001a04        0xa ./Core/Src/main.o
                0x0000000008001a04                Error_Handler
 *fill*         0x0000000008001a0e        0x2 
 .text.HAL_MspInit
                0x0000000008001a10       0x50 ./Core/Src/stm32l4xx_hal_msp.o
                0x0000000008001a10                HAL_MspInit
 .text.HAL_I2C_MspInit
                0x0000000008001a60       0xb0 ./Core/Src/stm32l4xx_hal_msp.o
                0x0000000008001a60                HAL_I2C_MspInit
 .text.NMI_Handler
                0x0000000008001b10        0x6 ./Core/Src/stm32l4xx_it.o
                0x0000000008001b10                NMI_Handler
 .text.HardFault_Handler
                0x0000000008001b16        0x6 ./Core/Src/stm32l4xx_it.o
                0x0000000008001b16                HardFault_Handler
 .text.MemManage_Handler
                0x0000000008001b1c        0x6 ./Core/Src/stm32l4xx_it.o
                0x0000000008001b1c                MemManage_Handler
 .text.BusFault_Handler
                0x0000000008001b22        0x6 ./Core/Src/stm32l4xx_it.o
                0x0000000008001b22                BusFault_Handler
 .text.UsageFault_Handler
                0x0000000008001b28        0x6 ./Core/Src/stm32l4xx_it.o
                0x0000000008001b28                UsageFault_Handler
 .text.DebugMon_Handler
                0x0000000008001b2e        0xe ./Core/Src/stm32l4xx_it.o
                0x0000000008001b2e                DebugMon_Handler
 .text.SysTick_Handler
                0x0000000008001b3c       0x1a ./Core/Src/stm32l4xx_it.o
                0x0000000008001b3c                SysTick_Handler
 *fill*         0x0000000008001b56        0x2 
 .text.SystemInit
                0x0000000008001b58       0x24 ./Core/Src/system_stm32l4xx.o
                0x0000000008001b58                SystemInit
 .text.Reset_Handler
                0x0000000008001b7c       0x50 ./Core/Startup/startup_stm32l432kcux.o
                0x0000000008001b7c                Reset_Handler
 .text.Default_Handler
                0x0000000008001bcc        0x2 ./Core/Startup/startup_stm32l432kcux.o
                0x0000000008001bcc                RTC_Alarm_IRQHandler
                0x0000000008001bcc                EXTI2_IRQHandler
                0x0000000008001bcc                TIM1_CC_IRQHandler
                0x0000000008001bcc                TSC_IRQHandler
                0x0000000008001bcc                TAMP_STAMP_IRQHandler
                0x0000000008001bcc                EXTI3_IRQHandler
                0x0000000008001bcc                LPTIM2_IRQHandler
                0x0000000008001bcc                I2C3_ER_IRQHandler
                0x0000000008001bcc                EXTI0_IRQHandler
                0x0000000008001bcc                CAN1_RX0_IRQHandler
                0x0000000008001bcc                FPU_IRQHandler
                0x0000000008001bcc                TIM1_UP_TIM16_IRQHandler
                0x0000000008001bcc                SPI1_IRQHandler
                0x0000000008001bcc                TIM6_DAC_IRQHandler
                0x0000000008001bcc                DMA2_Channel2_IRQHandler
                0x0000000008001bcc                DMA1_Channel4_IRQHandler
                0x0000000008001bcc                ADC1_IRQHandler
                0x0000000008001bcc                DMA1_Channel7_IRQHandler
                0x0000000008001bcc                CAN1_RX1_IRQHandler
                0x0000000008001bcc                DMA2_Channel1_IRQHandler
                0x0000000008001bcc                QUADSPI_IRQHandler
                0x0000000008001bcc                I2C1_EV_IRQHandler
                0x0000000008001bcc                DMA1_Channel6_IRQHandler
                0x0000000008001bcc                DMA2_Channel4_IRQHandler
                0x0000000008001bcc                RCC_IRQHandler
                0x0000000008001bcc                TIM1_TRG_COM_IRQHandler
                0x0000000008001bcc                DMA1_Channel1_IRQHandler
                0x0000000008001bcc                Default_Handler
                0x0000000008001bcc                DMA2_Channel7_IRQHandler
                0x0000000008001bcc                EXTI15_10_IRQHandler
                0x0000000008001bcc                TIM7_IRQHandler
                0x0000000008001bcc                I2C3_EV_IRQHandler
                0x0000000008001bcc                USB_IRQHandler
                0x0000000008001bcc                EXTI9_5_IRQHandler
                0x0000000008001bcc                RTC_WKUP_IRQHandler
                0x0000000008001bcc                PVD_PVM_IRQHandler
                0x0000000008001bcc                CAN1_TX_IRQHandler
                0x0000000008001bcc                DMA2_Channel5_IRQHandler
                0x0000000008001bcc                CRS_IRQHandler
                0x0000000008001bcc                DMA1_Channel5_IRQHandler
                0x0000000008001bcc                EXTI4_IRQHandler
                0x0000000008001bcc                RNG_IRQHandler
                0x0000000008001bcc                DMA1_Channel3_IRQHandler
                0x0000000008001bcc                COMP_IRQHandler
                0x0000000008001bcc                WWDG_IRQHandler
                0x0000000008001bcc                LPUART1_IRQHandler
                0x0000000008001bcc                DMA2_Channel6_IRQHandler
                0x0000000008001bcc                TIM2_IRQHandler
                0x0000000008001bcc                EXTI1_IRQHandler
                0x0000000008001bcc                USART2_IRQHandler
                0x0000000008001bcc                DMA1_Channel2_IRQHandler
                0x0000000008001bcc                CAN1_SCE_IRQHandler
                0x0000000008001bcc                FLASH_IRQHandler
                0x0000000008001bcc                USART1_IRQHandler
                0x0000000008001bcc                SPI3_IRQHandler
                0x0000000008001bcc                I2C1_ER_IRQHandler
                0x0000000008001bcc                SWPMI1_IRQHandler
                0x0000000008001bcc                LPTIM1_IRQHandler
                0x0000000008001bcc                SAI1_IRQHandler
                0x0000000008001bcc                DMA2_Channel3_IRQHandler
                0x0000000008001bcc                TIM1_BRK_TIM15_IRQHandler
 .text.HAL_Init
                0x0000000008001bce       0x30 ./Drivers/STM32L4xx_HAL_Driver/Src/stm32l4xx_hal.o
                0x0000000008001bce                HAL_Init
 *fill*         0x0000000008001bfe        0x2 
 .text.HAL_InitTick
                0x0000000008001c00       0x78 ./Drivers/STM32L4xx_HAL_Driver/Src/stm32l4xx_hal.o
                0x0000000008001c00                HAL_InitTick
 .text.HAL_IncTick
                0x0000000008001c78       0x28 ./Drivers/STM32L4xx_HAL_Driver/Src/stm32l4xx_hal.o
                0x0000000008001c78                HAL_IncTick
 .text.HAL_GetTick
                0x0000000008001ca0       0x18 ./Drivers/STM32L4xx_HAL_Driver/Src/stm32l4xx_hal.o
                0x0000000008001ca0                HAL_GetTick
 .text.HAL_Delay
                0x0000000008001cb8       0x48 ./Drivers/STM32L4xx_HAL_Driver/Src/stm32l4xx_hal.o
                0x0000000008001cb8                HAL_Delay
 .text.__NVIC_SetPriorityGrouping
                0x0000000008001d00       0x48 ./Drivers/STM32L4xx_HAL_Driver/Src/stm32l4xx_hal_cortex.o
 .text.__NVIC_GetPriorityGrouping
                0x0000000008001d48       0x1c ./Drivers/STM32L4xx_HAL_Driver/Src/stm32l4xx_hal_cortex.o
 .text.__NVIC_SetPriority
                0x0000000008001d64       0x54 ./Drivers/STM32L4xx_HAL_Driver/Src/stm32l4xx_hal_cortex.o
 .text.NVIC_EncodePriority
                0x0000000008001db8       0x66 ./Drivers/STM32L4xx_HAL_Driver/Src/stm32l4xx_hal_cortex.o
 *fill*         0x0000000008001e1e        0x2 
 .text.SysTick_Config
                0x0000000008001e20       0x44 ./Drivers/STM32L4xx_HAL_Driver/Src/stm32l4xx_hal_cortex.o
 .text.HAL_NVIC_SetPriorityGrouping
                0x0000000008001e64       0x16 ./Drivers/STM32L4xx_HAL_Driver/Src/stm32l4xx_hal_cortex.o
                0x0000000008001e64                HAL_NVIC_SetPriorityGrouping
 .text.HAL_NVIC_SetPriority
                0x0000000008001e7a       0x38 ./Drivers/STM32L4xx_HAL_Driver/Src/stm32l4xx_hal_cortex.o
                0x0000000008001e7a                HAL_NVIC_SetPriority
 .text.HAL_SYSTICK_Config
                0x0000000008001eb2       0x18 ./Drivers/STM32L4xx_HAL_Driver/Src/stm32l4xx_hal_cortex.o
                0x0000000008001eb2                HAL_SYSTICK_Config
 *fill*         0x0000000008001eca        0x2 
 .text.HAL_GPIO_Init
                0x0000000008001ecc      0x2d4 ./Drivers/STM32L4xx_HAL_Driver/Src/stm32l4xx_hal_gpio.o
                0x0000000008001ecc                HAL_GPIO_Init
 .text.HAL_GPIO_WritePin
                0x00000000080021a0       0x30 ./Drivers/STM32L4xx_HAL_Driver/Src/stm32l4xx_hal_gpio.o
                0x00000000080021a0                HAL_GPIO_WritePin
 .text.HAL_GPIO_TogglePin
                0x00000000080021d0       0x34 ./Drivers/STM32L4xx_HAL_Driver/Src/stm32l4xx_hal_gpio.o
                0x00000000080021d0                HAL_GPIO_TogglePin
 .text.HAL_I2C_Init
                0x0000000008002204      0x136 ./Drivers/STM32L4xx_HAL_Driver/Src/stm32l4xx_hal_i2c.o
                0x0000000008002204                HAL_I2C_Init
 *fill*         0x000000000800233a        0x2 
 .text.HAL_I2C_Mem_Write
                0x000000000800233c      0x228 ./Drivers/STM32L4xx_HAL_Driver/Src/stm32l4xx_hal_i2c.o
                0x000000000800233c                HAL_I2C_Mem_Write
 .text.HAL_I2C_Mem_Read
                0x0000000008002564      0x234 ./Drivers/STM32L4xx_HAL_Driver/Src/stm32l4xx_hal_i2c.o
                0x0000000008002564                HAL_I2C_Mem_Read
 .text.I2C_RequestMemoryWrite
                0x0000000008002798       0xa8 ./Drivers/STM32L4xx_HAL_Driver/Src/stm32l4xx_hal_i2c.o
 .text.I2C_RequestMemoryRead
                0x0000000008002840       0xa8 ./Drivers/STM32L4xx_HAL_Driver/Src/stm32l4xx_hal_i2c.o
 .text.I2C_Flush_TXDR
                0x00000000080028e8       0x48 ./Drivers/STM32L4xx_HAL_Driver/Src/stm32l4xx_hal_i2c.o
 .text.I2C_WaitOnFlagUntilTimeout
                0x0000000008002930       0x9e ./Drivers/STM32L4xx_HAL_Driver/Src/stm32l4xx_hal_i2c.o
 .text.I2C_WaitOnTXISFlagUntilTimeout
                0x00000000080029ce       0x8e ./Drivers/STM32L4xx_HAL_Driver/Src/stm32l4xx_hal_i2c.o
 .text.I2C_WaitOnSTOPFlagUntilTimeout
                0x0000000008002a5c       0x86 ./Drivers/STM32L4xx_HAL_Driver/Src/stm32l4xx_hal_i2c.o
 *fill*         0x0000000008002ae2        0x2 
 .text.I2C_IsErrorOccurred
                0x0000000008002ae4      0x1c0 ./Drivers/STM32L4xx_HAL_Driver/Src/stm32l4xx_hal_i2c.o
 .text.I2C_TransferConfig
                0x0000000008002ca4       0x64 ./Drivers/STM32L4xx_HAL_Driver/Src/stm32l4xx_hal_i2c.o
 .text.HAL_I2CEx_ConfigAnalogFilter
                0x0000000008002d08       0x96 ./Drivers/STM32L4xx_HAL_Driver/Src/stm32l4xx_hal_i2c_ex.o
                0x0000000008002d08                HAL_I2CEx_ConfigAnalogFilter
 .text.HAL_I2CEx_ConfigDigitalFilter
                0x0000000008002d9e       0x98 ./Drivers/STM32L4xx_HAL_Driver/Src/stm32l4xx_hal_i2c_ex.o
                0x0000000008002d9e                HAL_I2CEx_ConfigDigitalFilter
 *fill*         0x0000000008002e36        0x2 
 .text.HAL_PWR_EnableBkUpAccess
                0x0000000008002e38       0x20 ./Drivers/STM32L4xx_HAL_Driver/Src/stm32l4xx_hal_pwr.o
                0x0000000008002e38                HAL_PWR_EnableBkUpAccess
 .text.HAL_PWREx_GetVoltageRange
                0x0000000008002e58       0x1c ./Drivers/STM32L4xx_HAL_Driver/Src/stm32l4xx_hal_pwr_ex.o
                0x0000000008002e58                HAL_PWREx_GetVoltageRange
 .text.HAL_PWREx_ControlVoltageScaling
                0x0000000008002e74       0xac ./Drivers/STM32L4xx_HAL_Driver/Src/stm32l4xx_hal_pwr_ex.o
                0x0000000008002e74                HAL_PWREx_ControlVoltageScaling
 .text.HAL_RCC_OscConfig
                0x0000000008002f20      0x828 ./Drivers/STM32L4xx_HAL_Driver/Src/stm32l4xx_hal_rcc.o
                0x0000000008002f20                HAL_RCC_OscConfig
 .text.HAL_RCC_ClockConfig
                0x0000000008003748      0x200 ./Drivers/STM32L4xx_HAL_Driver/Src/stm32l4xx_hal_rcc.o
                0x0000000008003748                HAL_RCC_ClockConfig
 .text.HAL_RCC_GetSysClockFreq
                0x0000000008003948      0x118 ./Drivers/STM32L4xx_HAL_Driver/Src/stm32l4xx_hal_rcc.o
                0x0000000008003948                HAL_RCC_GetSysClockFreq
 .text.RCC_SetFlashLatencyFromMSIRange
                0x0000000008003a60       0xc0 ./Drivers/STM32L4xx_HAL_Driver/Src/stm32l4xx_hal_rcc.o
 .text.HAL_RCCEx_PeriphCLKConfig
                0x0000000008003b20      0x3ec ./Drivers/STM32L4xx_HAL_Driver/Src/stm32l4xx_hal_rcc_ex.o
                0x0000000008003b20                HAL_RCCEx_PeriphCLKConfig
 .text.HAL_RCCEx_EnableMSIPLLMode
                0x0000000008003f0c       0x20 ./Drivers/STM32L4xx_HAL_Driver/Src/stm32l4xx_hal_rcc_ex.o
                0x0000000008003f0c                HAL_RCCEx_EnableMSIPLLMode
 .text.RCCEx_PLLSAI1_Config
                0x0000000008003f2c      0x1e4 ./Drivers/STM32L4xx_HAL_Driver/Src/stm32l4xx_hal_rcc_ex.o
 .text.makeFreeRtosPriority
                0x0000000008004110       0x30 ./Middlewares/Third_Party/FreeRTOS/Source/CMSIS_RTOS/cmsis_os.o
 .text.osKernelStart
                0x0000000008004140        0xe ./Middlewares/Third_Party/FreeRTOS/Source/CMSIS_RTOS/cmsis_os.o
                0x0000000008004140                osKernelStart
 .text.osThreadCreate
                0x000000000800414e       0x98 ./Middlewares/Third_Party/FreeRTOS/Source/CMSIS_RTOS/cmsis_os.o
                0x000000000800414e                osThreadCreate
 .text.osDelay  0x00000000080041e6       0x28 ./Middlewares/Third_Party/FreeRTOS/Source/CMSIS_RTOS/cmsis_os.o
                0x00000000080041e6                osDelay
 .text.vListInitialise
                0x000000000800420e       0x40 ./Middlewares/Third_Party/FreeRTOS/Source/list.o
                0x000000000800420e                vListInitialise
 .text.vListInitialiseItem
                0x000000000800424e       0x1a ./Middlewares/Third_Party/FreeRTOS/Source/list.o
                0x000000000800424e                vListInitialiseItem
 .text.vListInsertEnd
                0x0000000008004268       0x48 ./Middlewares/Third_Party/FreeRTOS/Source/list.o
                0x0000000008004268                vListInsertEnd
 .text.vListInsert
                0x00000000080042b0       0x72 ./Middlewares/Third_Party/FreeRTOS/Source/list.o
                0x00000000080042b0                vListInsert
 .text.uxListRemove
                0x0000000008004322       0x54 ./Middlewares/Third_Party/FreeRTOS/Source/list.o
                0x0000000008004322                uxListRemove
 .text.xTaskCreateStatic
                0x0000000008004376       0xba ./Middlewares/Third_Party/FreeRTOS/Source/tasks.o
                0x0000000008004376                xTaskCreateStatic
 .text.xTaskCreate
                0x0000000008004430       0x8a ./Middlewares/Third_Party/FreeRTOS/Source/tasks.o
                0x0000000008004430                xTaskCreate
 *fill*         0x00000000080044ba        0x2 
 .text.prvInitialiseNewTask
                0x00000000080044bc      0x13c ./Middlewares/Third_Party/FreeRTOS/Source/tasks.o
 .text.prvAddNewTaskToReadyList
                0x00000000080045f8       0xd4 ./Middlewares/Third_Party/FreeRTOS/Source/tasks.o
 .text.vTaskDelay
                0x00000000080046cc       0x68 ./Middlewares/Third_Party/FreeRTOS/Source/tasks.o
                0x00000000080046cc                vTaskDelay
 .text.vTaskSuspend
                0x0000000008004734      0x124 ./Middlewares/Third_Party/FreeRTOS/Source/tasks.o
                0x0000000008004734                vTaskSuspend
 .text.vTaskStartScheduler
                0x0000000008004858       0xd4 ./Middlewares/Third_Party/FreeRTOS/Source/tasks.o
                0x0000000008004858                vTaskStartScheduler
 .text.vTaskSuspendAll
                0x000000000800492c       0x1c ./Middlewares/Third_Party/FreeRTOS/Source/tasks.o
                0x000000000800492c                vTaskSuspendAll
 .text.xTaskResumeAll
                0x0000000008004948      0x138 ./Middlewares/Third_Party/FreeRTOS/Source/tasks.o
                0x0000000008004948                xTaskResumeAll
 .text.xTaskIncrementTick
                0x0000000008004a80      0x170 ./Middlewares/Third_Party/FreeRTOS/Source/tasks.o
                0x0000000008004a80                xTaskIncrementTick
 .text.vTaskSwitchContext
                0x0000000008004bf0       0xc4 ./Middlewares/Third_Party/FreeRTOS/Source/tasks.o
                0x0000000008004bf0                vTaskSwitchContext
 .text.prvIdleTask
                0x0000000008004cb4       0x30 ./Middlewares/Third_Party/FreeRTOS/Source/tasks.o
 .text.prvInitialiseTaskLists
                0x0000000008004ce4       0x80 ./Middlewares/Third_Party/FreeRTOS/Source/tasks.o
 .text.prvCheckTasksWaitingTermination
                0x0000000008004d64       0x5c ./Middlewares/Third_Party/FreeRTOS/Source/tasks.o
 .text.prvDeleteTCB
                0x0000000008004dc0       0x68 ./Middlewares/Third_Party/FreeRTOS/Source/tasks.o
 .text.prvResetNextTaskUnblockTime
                0x0000000008004e28       0x40 ./Middlewares/Third_Party/FreeRTOS/Source/tasks.o
 .text.xTaskGetSchedulerState
                0x0000000008004e68       0x3c ./Middlewares/Third_Party/FreeRTOS/Source/tasks.o
                0x0000000008004e68                xTaskGetSchedulerState
 .text.prvAddCurrentTaskToDelayedList
                0x0000000008004ea4       0xcc ./Middlewares/Third_Party/FreeRTOS/Source/tasks.o
 .text.pxPortInitialiseStack
                0x0000000008004f70       0x68 ./Middlewares/Third_Party/FreeRTOS/Source/portable/GCC/ARM_CM4F/port.o
                0x0000000008004f70                pxPortInitialiseStack
 .text.prvTaskExitError
                0x0000000008004fd8       0x58 ./Middlewares/Third_Party/FreeRTOS/Source/portable/GCC/ARM_CM4F/port.o
 .text.SVC_Handler
                0x0000000008005030       0x28 ./Middlewares/Third_Party/FreeRTOS/Source/portable/GCC/ARM_CM4F/port.o
                0x0000000008005030                SVC_Handler
 .text.prvPortStartFirstTask
                0x0000000008005058       0x28 ./Middlewares/Third_Party/FreeRTOS/Source/portable/GCC/ARM_CM4F/port.o
 .text.xPortStartScheduler
                0x0000000008005080      0x144 ./Middlewares/Third_Party/FreeRTOS/Source/portable/GCC/ARM_CM4F/port.o
                0x0000000008005080                xPortStartScheduler
 .text.vPortEnterCritical
                0x00000000080051c4       0x60 ./Middlewares/Third_Party/FreeRTOS/Source/portable/GCC/ARM_CM4F/port.o
                0x00000000080051c4                vPortEnterCritical
 .text.vPortExitCritical
                0x0000000008005224       0x54 ./Middlewares/Third_Party/FreeRTOS/Source/portable/GCC/ARM_CM4F/port.o
                0x0000000008005224                vPortExitCritical
 *fill*         0x0000000008005278        0x8 
 .text.PendSV_Handler
                0x0000000008005280       0x68 ./Middlewares/Third_Party/FreeRTOS/Source/portable/GCC/ARM_CM4F/port.o
                0x0000000008005280                PendSV_Handler
 .text.xPortSysTickHandler
                0x00000000080052e8       0x44 ./Middlewares/Third_Party/FreeRTOS/Source/portable/GCC/ARM_CM4F/port.o
                0x00000000080052e8                xPortSysTickHandler
 .text.vPortSetupTimerInterrupt
                0x000000000800532c       0x48 ./Middlewares/Third_Party/FreeRTOS/Source/portable/GCC/ARM_CM4F/port.o
                0x000000000800532c                vPortSetupTimerInterrupt
 .text.vPortEnableVFP
                0x0000000008005374       0x14 ./Middlewares/Third_Party/FreeRTOS/Source/portable/GCC/ARM_CM4F/port.o
 .text.pvPortMalloc
                0x0000000008005388      0x198 ./Middlewares/Third_Party/FreeRTOS/Source/portable/MemMang/heap_4.o
                0x0000000008005388                pvPortMalloc
 .text.vPortFree
                0x0000000008005520       0xc4 ./Middlewares/Third_Party/FreeRTOS/Source/portable/MemMang/heap_4.o
                0x0000000008005520                vPortFree
 .text.prvHeapInit
                0x00000000080055e4       0xc4 ./Middlewares/Third_Party/FreeRTOS/Source/portable/MemMang/heap_4.o
 .text.prvInsertBlockIntoFreeList
                0x00000000080056a8       0xb4 ./Middlewares/Third_Party/FreeRTOS/Source/portable/MemMang/heap_4.o
 .text.memset   0x000000000800575c       0x10 D:/STM32CubeIDE_1.13.1/STM32CubeIDE/plugins/com.st.stm32cube.ide.mcu.externaltools.gnu-tools-for-stm32.11.3.rel1.win32_1.1.0.202305231506/tools/bin/../lib/gcc/arm-none-eabi/11.3.1/../../../../arm-none-eabi/lib/thumb/v7e-m+fp/hard\libc_nano.a(libc_a-memset.o)
                0x000000000800575c                memset
 .text._reclaim_reent
                0x000000000800576c       0xac D:/STM32CubeIDE_1.13.1/STM32CubeIDE/plugins/com.st.stm32cube.ide.mcu.externaltools.gnu-tools-for-stm32.11.3.rel1.win32_1.1.0.202305231506/tools/bin/../lib/gcc/arm-none-eabi/11.3.1/../../../../arm-none-eabi/lib/thumb/v7e-m+fp/hard\libc_nano.a(libc_a-reent.o)
                0x000000000800576c                _reclaim_reent
 .text.__errno  0x0000000008005818        0xc D:/STM32CubeIDE_1.13.1/STM32CubeIDE/plugins/com.st.stm32cube.ide.mcu.externaltools.gnu-tools-for-stm32.11.3.rel1.win32_1.1.0.202305231506/tools/bin/../lib/gcc/arm-none-eabi/11.3.1/../../../../arm-none-eabi/lib/thumb/v7e-m+fp/hard\libc_nano.a(libc_a-errno.o)
                0x0000000008005818                __errno
 .text.__libc_init_array
                0x0000000008005824       0x48 D:/STM32CubeIDE_1.13.1/STM32CubeIDE/plugins/com.st.stm32cube.ide.mcu.externaltools.gnu-tools-for-stm32.11.3.rel1.win32_1.1.0.202305231506/tools/bin/../lib/gcc/arm-none-eabi/11.3.1/../../../../arm-none-eabi/lib/thumb/v7e-m+fp/hard\libc_nano.a(libc_a-init.o)
                0x0000000008005824                __libc_init_array
 .text.__retarget_lock_acquire_recursive
                0x000000000800586c        0x2 D:/STM32CubeIDE_1.13.1/STM32CubeIDE/plugins/com.st.stm32cube.ide.mcu.externaltools.gnu-tools-for-stm32.11.3.rel1.win32_1.1.0.202305231506/tools/bin/../lib/gcc/arm-none-eabi/11.3.1/../../../../arm-none-eabi/lib/thumb/v7e-m+fp/hard\libc_nano.a(libc_a-lock.o)
                0x000000000800586c                __retarget_lock_acquire_recursive
 .text.__retarget_lock_release_recursive
                0x000000000800586e        0x2 D:/STM32CubeIDE_1.13.1/STM32CubeIDE/plugins/com.st.stm32cube.ide.mcu.externaltools.gnu-tools-for-stm32.11.3.rel1.win32_1.1.0.202305231506/tools/bin/../lib/gcc/arm-none-eabi/11.3.1/../../../../arm-none-eabi/lib/thumb/v7e-m+fp/hard\libc_nano.a(libc_a-lock.o)
                0x000000000800586e                __retarget_lock_release_recursive
 .text._free_r  0x0000000008005870       0x98 D:/STM32CubeIDE_1.13.1/STM32CubeIDE/plugins/com.st.stm32cube.ide.mcu.externaltools.gnu-tools-for-stm32.11.3.rel1.win32_1.1.0.202305231506/tools/bin/../lib/gcc/arm-none-eabi/11.3.1/../../../../arm-none-eabi/lib/thumb/v7e-m+fp/hard\libc_nano.a(libc_a-freer.o)
                0x0000000008005870                _free_r
 .text.__malloc_lock
                0x0000000008005908        0xc D:/STM32CubeIDE_1.13.1/STM32CubeIDE/plugins/com.st.stm32cube.ide.mcu.externaltools.gnu-tools-for-stm32.11.3.rel1.win32_1.1.0.202305231506/tools/bin/../lib/gcc/arm-none-eabi/11.3.1/../../../../arm-none-eabi/lib/thumb/v7e-m+fp/hard\libc_nano.a(libc_a-mlock.o)
                0x0000000008005908                __malloc_lock
 .text.__malloc_unlock
                0x0000000008005914        0xc D:/STM32CubeIDE_1.13.1/STM32CubeIDE/plugins/com.st.stm32cube.ide.mcu.externaltools.gnu-tools-for-stm32.11.3.rel1.win32_1.1.0.202305231506/tools/bin/../lib/gcc/arm-none-eabi/11.3.1/../../../../arm-none-eabi/lib/thumb/v7e-m+fp/hard\libc_nano.a(libc_a-mlock.o)
                0x0000000008005914                __malloc_unlock
 .text.pow      0x0000000008005920       0xe0 D:/STM32CubeIDE_1.13.1/STM32CubeIDE/plugins/com.st.stm32cube.ide.mcu.externaltools.gnu-tools-for-stm32.11.3.rel1.win32_1.1.0.202305231506/tools/bin/../lib/gcc/arm-none-eabi/11.3.1/../../../../arm-none-eabi/lib/thumb/v7e-m+fp/hard\libm.a(libm_a-w_pow.o)
                0x0000000008005920                pow
 .text.fabs     0x0000000008005a00       0x12 D:/STM32CubeIDE_1.13.1/STM32CubeIDE/plugins/com.st.stm32cube.ide.mcu.externaltools.gnu-tools-for-stm32.11.3.rel1.win32_1.1.0.202305231506/tools/bin/../lib/gcc/arm-none-eabi/11.3.1/../../../../arm-none-eabi/lib/thumb/v7e-m+fp/hard\libm.a(libm_a-s_fabs.o)
                0x0000000008005a00                fabs
 .text.finite   0x0000000008005a12       0x16 D:/STM32CubeIDE_1.13.1/STM32CubeIDE/plugins/com.st.stm32cube.ide.mcu.externaltools.gnu-tools-for-stm32.11.3.rel1.win32_1.1.0.202305231506/tools/bin/../lib/gcc/arm-none-eabi/11.3.1/../../../../arm-none-eabi/lib/thumb/v7e-m+fp/hard\libm.a(libm_a-s_finite.o)
                0x0000000008005a12                finite
 .text.__ieee754_sqrt
                0x0000000008005a28      0x1b4 D:/STM32CubeIDE_1.13.1/STM32CubeIDE/plugins/com.st.stm32cube.ide.mcu.externaltools.gnu-tools-for-stm32.11.3.rel1.win32_1.1.0.202305231506/tools/bin/../lib/gcc/arm-none-eabi/11.3.1/../../../../arm-none-eabi/lib/thumb/v7e-m+fp/hard\libm.a(libm_a-e_sqrt.o)
                0x0000000008005a28                __ieee754_sqrt
 *fill*         0x0000000008005bdc        0x4 
 .text.__ieee754_pow
                0x0000000008005be0      0xa54 D:/STM32CubeIDE_1.13.1/STM32CubeIDE/plugins/com.st.stm32cube.ide.mcu.externaltools.gnu-tools-for-stm32.11.3.rel1.win32_1.1.0.202305231506/tools/bin/../lib/gcc/arm-none-eabi/11.3.1/../../../../arm-none-eabi/lib/thumb/v7e-m+fp/hard\libm.a(libm_a-e_pow.o)
                0x0000000008005be0                __ieee754_pow
 *fill*         0x0000000008006634        0x4 
 .text.scalbn   0x0000000008006638       0xfc D:/STM32CubeIDE_1.13.1/STM32CubeIDE/plugins/com.st.stm32cube.ide.mcu.externaltools.gnu-tools-for-stm32.11.3.rel1.win32_1.1.0.202305231506/tools/bin/../lib/gcc/arm-none-eabi/11.3.1/../../../../arm-none-eabi/lib/thumb/v7e-m+fp/hard\libm.a(libm_a-s_scalbn.o)
                0x0000000008006638                scalbn
 .text.with_errno
                0x0000000008006734       0x14 D:/STM32CubeIDE_1.13.1/STM32CubeIDE/plugins/com.st.stm32cube.ide.mcu.externaltools.gnu-tools-for-stm32.11.3.rel1.win32_1.1.0.202305231506/tools/bin/../lib/gcc/arm-none-eabi/11.3.1/../../../../arm-none-eabi/lib/thumb/v7e-m+fp/hard\libm.a(libm_a-math_err.o)
 .text.xflow    0x0000000008006748       0x28 D:/STM32CubeIDE_1.13.1/STM32CubeIDE/plugins/com.st.stm32cube.ide.mcu.externaltools.gnu-tools-for-stm32.11.3.rel1.win32_1.1.0.202305231506/tools/bin/../lib/gcc/arm-none-eabi/11.3.1/../../../../arm-none-eabi/lib/thumb/v7e-m+fp/hard\libm.a(libm_a-math_err.o)
 .text.__math_uflow
                0x0000000008006770       0x12 D:/STM32CubeIDE_1.13.1/STM32CubeIDE/plugins/com.st.stm32cube.ide.mcu.externaltools.gnu-tools-for-stm32.11.3.rel1.win32_1.1.0.202305231506/tools/bin/../lib/gcc/arm-none-eabi/11.3.1/../../../../arm-none-eabi/lib/thumb/v7e-m+fp/hard\libm.a(libm_a-math_err.o)
                0x0000000008006770                __math_uflow
 .text.__math_oflow
                0x0000000008006782       0x12 D:/STM32CubeIDE_1.13.1/STM32CubeIDE/plugins/com.st.stm32cube.ide.mcu.externaltools.gnu-tools-for-stm32.11.3.rel1.win32_1.1.0.202305231506/tools/bin/../lib/gcc/arm-none-eabi/11.3.1/../../../../arm-none-eabi/lib/thumb/v7e-m+fp/hard\libm.a(libm_a-math_err.o)
                0x0000000008006782                __math_oflow
 *(.glue_7)
 .glue_7        0x0000000008006794        0x0 linker stubs
 *(.glue_7t)
 .glue_7t       0x0000000008006794        0x0 linker stubs
 *(.eh_frame)
 .eh_frame      0x0000000008006794        0x0 D:/STM32CubeIDE_1.13.1/STM32CubeIDE/plugins/com.st.stm32cube.ide.mcu.externaltools.gnu-tools-for-stm32.11.3.rel1.win32_1.1.0.202305231506/tools/bin/../lib/gcc/arm-none-eabi/11.3.1/thumb/v7e-m+fp/hard/crtbegin.o
 *(.init)
 .init          0x0000000008006794        0x4 D:/STM32CubeIDE_1.13.1/STM32CubeIDE/plugins/com.st.stm32cube.ide.mcu.externaltools.gnu-tools-for-stm32.11.3.rel1.win32_1.1.0.202305231506/tools/bin/../lib/gcc/arm-none-eabi/11.3.1/thumb/v7e-m+fp/hard/crti.o
                0x0000000008006794                _init
 .init          0x0000000008006798        0x8 D:/STM32CubeIDE_1.13.1/STM32CubeIDE/plugins/com.st.stm32cube.ide.mcu.externaltools.gnu-tools-for-stm32.11.3.rel1.win32_1.1.0.202305231506/tools/bin/../lib/gcc/arm-none-eabi/11.3.1/thumb/v7e-m+fp/hard/crtn.o
 *(.fini)
 .fini          0x00000000080067a0        0x4 D:/STM32CubeIDE_1.13.1/STM32CubeIDE/plugins/com.st.stm32cube.ide.mcu.externaltools.gnu-tools-for-stm32.11.3.rel1.win32_1.1.0.202305231506/tools/bin/../lib/gcc/arm-none-eabi/11.3.1/thumb/v7e-m+fp/hard/crti.o
                0x00000000080067a0                _fini
 .fini          0x00000000080067a4        0x8 D:/STM32CubeIDE_1.13.1/STM32CubeIDE/plugins/com.st.stm32cube.ide.mcu.externaltools.gnu-tools-for-stm32.11.3.rel1.win32_1.1.0.202305231506/tools/bin/../lib/gcc/arm-none-eabi/11.3.1/thumb/v7e-m+fp/hard/crtn.o
                0x00000000080067ac                . = ALIGN (0x4)
                0x00000000080067ac                _etext = .

.vfp11_veneer   0x00000000080067ac        0x0
 .vfp11_veneer  0x00000000080067ac        0x0 linker stubs

.v4_bx          0x00000000080067ac        0x0
 .v4_bx         0x00000000080067ac        0x0 linker stubs

.iplt           0x00000000080067ac        0x0
 .iplt          0x00000000080067ac        0x0 D:/STM32CubeIDE_1.13.1/STM32CubeIDE/plugins/com.st.stm32cube.ide.mcu.externaltools.gnu-tools-for-stm32.11.3.rel1.win32_1.1.0.202305231506/tools/bin/../lib/gcc/arm-none-eabi/11.3.1/thumb/v7e-m+fp/hard/crtbegin.o

.rodata         0x00000000080067b0      0x128
                0x00000000080067b0                . = ALIGN (0x4)
 *(.rodata)
 .rodata        0x00000000080067b0        0x3 ./Core/Src/BMP180.o
 *fill*         0x00000000080067b3        0x1 
 .rodata        0x00000000080067b4       0xac ./Core/Src/main.o
 .rodata        0x0000000008006860        0x5 ./Middlewares/Third_Party/FreeRTOS/Source/tasks.o
 *(.rodata*)
 *fill*         0x0000000008006865        0x3 
 .rodata.AHBPrescTable
                0x0000000008006868       0x10 ./Core/Src/system_stm32l4xx.o
                0x0000000008006868                AHBPrescTable
 .rodata.MSIRangeTable
                0x0000000008006878       0x30 ./Core/Src/system_stm32l4xx.o
                0x0000000008006878                MSIRangeTable
 .rodata.bp     0x00000000080068a8       0x10 D:/STM32CubeIDE_1.13.1/STM32CubeIDE/plugins/com.st.stm32cube.ide.mcu.externaltools.gnu-tools-for-stm32.11.3.rel1.win32_1.1.0.202305231506/tools/bin/../lib/gcc/arm-none-eabi/11.3.1/../../../../arm-none-eabi/lib/thumb/v7e-m+fp/hard\libm.a(libm_a-e_pow.o)
 .rodata.dp_h   0x00000000080068b8       0x10 D:/STM32CubeIDE_1.13.1/STM32CubeIDE/plugins/com.st.stm32cube.ide.mcu.externaltools.gnu-tools-for-stm32.11.3.rel1.win32_1.1.0.202305231506/tools/bin/../lib/gcc/arm-none-eabi/11.3.1/../../../../arm-none-eabi/lib/thumb/v7e-m+fp/hard\libm.a(libm_a-e_pow.o)
 .rodata.dp_l   0x00000000080068c8       0x10 D:/STM32CubeIDE_1.13.1/STM32CubeIDE/plugins/com.st.stm32cube.ide.mcu.externaltools.gnu-tools-for-stm32.11.3.rel1.win32_1.1.0.202305231506/tools/bin/../lib/gcc/arm-none-eabi/11.3.1/../../../../arm-none-eabi/lib/thumb/v7e-m+fp/hard\libm.a(libm_a-e_pow.o)
                0x00000000080068d8                . = ALIGN (0x4)

.rel.dyn        0x00000000080068d8        0x0
 .rel.iplt      0x00000000080068d8        0x0 D:/STM32CubeIDE_1.13.1/STM32CubeIDE/plugins/com.st.stm32cube.ide.mcu.externaltools.gnu-tools-for-stm32.11.3.rel1.win32_1.1.0.202305231506/tools/bin/../lib/gcc/arm-none-eabi/11.3.1/thumb/v7e-m+fp/hard/crtbegin.o

.ARM.extab      0x00000000080068d8        0x0
                0x00000000080068d8                . = ALIGN (0x4)
 *(.ARM.extab* .gnu.linkonce.armextab.*)
                0x00000000080068d8                . = ALIGN (0x4)

.ARM            0x00000000080068d8        0x0
                0x00000000080068d8                . = ALIGN (0x4)
                0x00000000080068d8                __exidx_start = .
 *(.ARM.exidx*)
                0x00000000080068d8                __exidx_end = .
                0x00000000080068d8                . = ALIGN (0x4)

.preinit_array  0x00000000080068d8        0x0
                0x00000000080068d8                . = ALIGN (0x4)
                0x00000000080068d8                PROVIDE (__preinit_array_start = .)
 *(.preinit_array*)
                0x00000000080068d8                PROVIDE (__preinit_array_end = .)
                0x00000000080068d8                . = ALIGN (0x4)

.init_array     0x00000000080068d8        0x4
                0x00000000080068d8                . = ALIGN (0x4)
                0x00000000080068d8                PROVIDE (__init_array_start = .)
 *(SORT_BY_NAME(.init_array.*))
 *(.init_array*)
 .init_array    0x00000000080068d8        0x4 D:/STM32CubeIDE_1.13.1/STM32CubeIDE/plugins/com.st.stm32cube.ide.mcu.externaltools.gnu-tools-for-stm32.11.3.rel1.win32_1.1.0.202305231506/tools/bin/../lib/gcc/arm-none-eabi/11.3.1/thumb/v7e-m+fp/hard/crtbegin.o
                0x00000000080068dc                PROVIDE (__init_array_end = .)
                0x00000000080068dc                . = ALIGN (0x4)

.fini_array     0x00000000080068dc        0x4
                0x00000000080068dc                . = ALIGN (0x4)
                [!provide]                        PROVIDE (__fini_array_start = .)
 *(SORT_BY_NAME(.fini_array.*))
 *(.fini_array*)
 .fini_array    0x00000000080068dc        0x4 D:/STM32CubeIDE_1.13.1/STM32CubeIDE/plugins/com.st.stm32cube.ide.mcu.externaltools.gnu-tools-for-stm32.11.3.rel1.win32_1.1.0.202305231506/tools/bin/../lib/gcc/arm-none-eabi/11.3.1/thumb/v7e-m+fp/hard/crtbegin.o
                [!provide]                        PROVIDE (__fini_array_end = .)
                0x00000000080068e0                . = ALIGN (0x4)
                0x00000000080068e0                _sidata = LOADADDR (.data)

.data           0x0000000020000000       0x70 load address 0x00000000080068e0
                0x0000000020000000                . = ALIGN (0x4)
                0x0000000020000000                _sdata = .
 *(.data)
 *(.data*)
 .data.SystemCoreClock
                0x0000000020000000        0x4 ./Core/Src/system_stm32l4xx.o
                0x0000000020000000                SystemCoreClock
 .data.uwTickPrio
                0x0000000020000004        0x4 ./Drivers/STM32L4xx_HAL_Driver/Src/stm32l4xx_hal.o
                0x0000000020000004                uwTickPrio
 .data.uwTickFreq
                0x0000000020000008        0x1 ./Drivers/STM32L4xx_HAL_Driver/Src/stm32l4xx_hal.o
                0x0000000020000008                uwTickFreq
 *fill*         0x0000000020000009        0x3 
 .data.uxCriticalNesting
                0x000000002000000c        0x4 ./Middlewares/Third_Party/FreeRTOS/Source/portable/GCC/ARM_CM4F/port.o
 .data._impure_data
                0x0000000020000010       0x4c D:/STM32CubeIDE_1.13.1/STM32CubeIDE/plugins/com.st.stm32cube.ide.mcu.externaltools.gnu-tools-for-stm32.11.3.rel1.win32_1.1.0.202305231506/tools/bin/../lib/gcc/arm-none-eabi/11.3.1/../../../../arm-none-eabi/lib/thumb/v7e-m+fp/hard\libc_nano.a(libc_a-impure.o)
                0x0000000020000010                _impure_data
 .data._impure_ptr
                0x000000002000005c        0x4 D:/STM32CubeIDE_1.13.1/STM32CubeIDE/plugins/com.st.stm32cube.ide.mcu.externaltools.gnu-tools-for-stm32.11.3.rel1.win32_1.1.0.202305231506/tools/bin/../lib/gcc/arm-none-eabi/11.3.1/../../../../arm-none-eabi/lib/thumb/v7e-m+fp/hard\libc_nano.a(libc_a-impure.o)
                0x000000002000005c                _impure_ptr
 .data.one      0x0000000020000060        0x8 D:/STM32CubeIDE_1.13.1/STM32CubeIDE/plugins/com.st.stm32cube.ide.mcu.externaltools.gnu-tools-for-stm32.11.3.rel1.win32_1.1.0.202305231506/tools/bin/../lib/gcc/arm-none-eabi/11.3.1/../../../../arm-none-eabi/lib/thumb/v7e-m+fp/hard\libm.a(libm_a-e_sqrt.o)
 .data.tiny     0x0000000020000068        0x8 D:/STM32CubeIDE_1.13.1/STM32CubeIDE/plugins/com.st.stm32cube.ide.mcu.externaltools.gnu-tools-for-stm32.11.3.rel1.win32_1.1.0.202305231506/tools/bin/../lib/gcc/arm-none-eabi/11.3.1/../../../../arm-none-eabi/lib/thumb/v7e-m+fp/hard\libm.a(libm_a-e_sqrt.o)
 *(.RamFunc)
 *(.RamFunc*)
                0x0000000020000070                . = ALIGN (0x4)
                0x0000000020000070                _edata = .

.igot.plt       0x0000000020000070        0x0 load address 0x0000000008006950
 .igot.plt      0x0000000020000070        0x0 D:/STM32CubeIDE_1.13.1/STM32CubeIDE/plugins/com.st.stm32cube.ide.mcu.externaltools.gnu-tools-for-stm32.11.3.rel1.win32_1.1.0.202305231506/tools/bin/../lib/gcc/arm-none-eabi/11.3.1/thumb/v7e-m+fp/hard/crtbegin.o
                0x0000000020000070                . = ALIGN (0x4)

.bss            0x0000000020000070     0x1234 load address 0x0000000008006950
                0x0000000020000070                _sbss = .
                0x0000000020000070                __bss_start__ = _sbss
 *(.bss)
 .bss           0x0000000020000070       0x1c D:/STM32CubeIDE_1.13.1/STM32CubeIDE/plugins/com.st.stm32cube.ide.mcu.externaltools.gnu-tools-for-stm32.11.3.rel1.win32_1.1.0.202305231506/tools/bin/../lib/gcc/arm-none-eabi/11.3.1/thumb/v7e-m+fp/hard/crtbegin.o
 *(.bss*)
 .bss.AC1       0x000000002000008c        0x2 ./Core/Src/BMP180.o
                0x000000002000008c                AC1
 .bss.AC2       0x000000002000008e        0x2 ./Core/Src/BMP180.o
                0x000000002000008e                AC2
 .bss.AC3       0x0000000020000090        0x2 ./Core/Src/BMP180.o
                0x0000000020000090                AC3
 .bss.AC4       0x0000000020000092        0x2 ./Core/Src/BMP180.o
                0x0000000020000092                AC4
 .bss.AC5       0x0000000020000094        0x2 ./Core/Src/BMP180.o
                0x0000000020000094                AC5
 .bss.AC6       0x0000000020000096        0x2 ./Core/Src/BMP180.o
                0x0000000020000096                AC6
 .bss.B1        0x0000000020000098        0x2 ./Core/Src/BMP180.o
                0x0000000020000098                B1
 .bss.B2        0x000000002000009a        0x2 ./Core/Src/BMP180.o
                0x000000002000009a                B2
 .bss.MB        0x000000002000009c        0x2 ./Core/Src/BMP180.o
                0x000000002000009c                MB
 .bss.MC        0x000000002000009e        0x2 ./Core/Src/BMP180.o
                0x000000002000009e                MC
 .bss.MD        0x00000000200000a0        0x2 ./Core/Src/BMP180.o
                0x00000000200000a0                MD
 *fill*         0x00000000200000a2        0x2 
 .bss.UT        0x00000000200000a4        0x4 ./Core/Src/BMP180.o
                0x00000000200000a4                UT
 .bss.UP        0x00000000200000a8        0x4 ./Core/Src/BMP180.o
                0x00000000200000a8                UP
 .bss.X1        0x00000000200000ac        0x4 ./Core/Src/BMP180.o
                0x00000000200000ac                X1
 .bss.X2        0x00000000200000b0        0x4 ./Core/Src/BMP180.o
                0x00000000200000b0                X2
 .bss.X3        0x00000000200000b4        0x4 ./Core/Src/BMP180.o
                0x00000000200000b4                X3
 .bss.B3        0x00000000200000b8        0x4 ./Core/Src/BMP180.o
                0x00000000200000b8                B3
 .bss.B5        0x00000000200000bc        0x4 ./Core/Src/BMP180.o
                0x00000000200000bc                B5
 .bss.B4        0x00000000200000c0        0x4 ./Core/Src/BMP180.o
                0x00000000200000c0                B4
 .bss.B6        0x00000000200000c4        0x4 ./Core/Src/BMP180.o
                0x00000000200000c4                B6
 .bss.B7        0x00000000200000c8        0x4 ./Core/Src/BMP180.o
                0x00000000200000c8                B7
 *fill*         0x00000000200000cc        0x4 
 .bss.Press     0x00000000200000d0        0x8 ./Core/Src/BMP180.o
                0x00000000200000d0                Press
 .bss.Temp      0x00000000200000d8        0x8 ./Core/Src/BMP180.o
                0x00000000200000d8                Temp
 .bss.xIdleTaskTCBBuffer
                0x00000000200000e0       0xa0 ./Core/Src/freertos.o
 .bss.xIdleStack
                0x0000000020000180      0x200 ./Core/Src/freertos.o
 .bss.hi2c1     0x0000000020000380       0x54 ./Core/Src/main.o
                0x0000000020000380                hi2c1
 .bss.BMP180_infoHandle
                0x00000000200003d4        0x4 ./Core/Src/main.o
                0x00000000200003d4                BMP180_infoHandle
 .bss.MPU6050_infoHandle
                0x00000000200003d8        0x4 ./Core/Src/main.o
                0x00000000200003d8                MPU6050_infoHandle
 .bss.BUZZER_intermitHandle
                0x00000000200003dc        0x4 ./Core/Src/main.o
                0x00000000200003dc                BUZZER_intermitHandle
 .bss.LED_intermitHandle
                0x00000000200003e0        0x4 ./Core/Src/main.o
                0x00000000200003e0                LED_intermitHandle
 .bss.BMP180    0x00000000200003e4       0x14 ./Core/Src/main.o
                0x00000000200003e4                BMP180
 .bss.MPU6050   0x00000000200003f8       0x58 ./Core/Src/main.o
                0x00000000200003f8                MPU6050
 .bss.current_state
                0x0000000020000450        0x1 ./Core/Src/main.o
                0x0000000020000450                current_state
 *fill*         0x0000000020000451        0x3 
 .bss.uwTick    0x0000000020000454        0x4 ./Drivers/STM32L4xx_HAL_Driver/Src/stm32l4xx_hal.o
                0x0000000020000454                uwTick
 .bss.pxCurrentTCB
                0x0000000020000458        0x4 ./Middlewares/Third_Party/FreeRTOS/Source/tasks.o
                0x0000000020000458                pxCurrentTCB
 .bss.pxReadyTasksLists
                0x000000002000045c       0x8c ./Middlewares/Third_Party/FreeRTOS/Source/tasks.o
 .bss.xDelayedTaskList1
                0x00000000200004e8       0x14 ./Middlewares/Third_Party/FreeRTOS/Source/tasks.o
 .bss.xDelayedTaskList2
                0x00000000200004fc       0x14 ./Middlewares/Third_Party/FreeRTOS/Source/tasks.o
 .bss.pxDelayedTaskList
                0x0000000020000510        0x4 ./Middlewares/Third_Party/FreeRTOS/Source/tasks.o
 .bss.pxOverflowDelayedTaskList
                0x0000000020000514        0x4 ./Middlewares/Third_Party/FreeRTOS/Source/tasks.o
 .bss.xPendingReadyList
                0x0000000020000518       0x14 ./Middlewares/Third_Party/FreeRTOS/Source/tasks.o
 .bss.xTasksWaitingTermination
                0x000000002000052c       0x14 ./Middlewares/Third_Party/FreeRTOS/Source/tasks.o
 .bss.uxDeletedTasksWaitingCleanUp
                0x0000000020000540        0x4 ./Middlewares/Third_Party/FreeRTOS/Source/tasks.o
 .bss.xSuspendedTaskList
                0x0000000020000544       0x14 ./Middlewares/Third_Party/FreeRTOS/Source/tasks.o
 .bss.uxCurrentNumberOfTasks
                0x0000000020000558        0x4 ./Middlewares/Third_Party/FreeRTOS/Source/tasks.o
 .bss.xTickCount
                0x000000002000055c        0x4 ./Middlewares/Third_Party/FreeRTOS/Source/tasks.o
 .bss.uxTopReadyPriority
                0x0000000020000560        0x4 ./Middlewares/Third_Party/FreeRTOS/Source/tasks.o
 .bss.xSchedulerRunning
                0x0000000020000564        0x4 ./Middlewares/Third_Party/FreeRTOS/Source/tasks.o
 .bss.xPendedTicks
                0x0000000020000568        0x4 ./Middlewares/Third_Party/FreeRTOS/Source/tasks.o
 .bss.xYieldPending
                0x000000002000056c        0x4 ./Middlewares/Third_Party/FreeRTOS/Source/tasks.o
 .bss.xNumOfOverflows
                0x0000000020000570        0x4 ./Middlewares/Third_Party/FreeRTOS/Source/tasks.o
 .bss.uxTaskNumber
                0x0000000020000574        0x4 ./Middlewares/Third_Party/FreeRTOS/Source/tasks.o
 .bss.xNextTaskUnblockTime
                0x0000000020000578        0x4 ./Middlewares/Third_Party/FreeRTOS/Source/tasks.o
 .bss.xIdleTaskHandle
                0x000000002000057c        0x4 ./Middlewares/Third_Party/FreeRTOS/Source/tasks.o
 .bss.uxSchedulerSuspended
                0x0000000020000580        0x4 ./Middlewares/Third_Party/FreeRTOS/Source/tasks.o
 .bss.ucMaxSysCallPriority
                0x0000000020000584        0x1 ./Middlewares/Third_Party/FreeRTOS/Source/portable/GCC/ARM_CM4F/port.o
 *fill*         0x0000000020000585        0x3 
 .bss.ulMaxPRIGROUPValue
                0x0000000020000588        0x4 ./Middlewares/Third_Party/FreeRTOS/Source/portable/GCC/ARM_CM4F/port.o
 .bss.ucHeap    0x000000002000058c      0xbb8 ./Middlewares/Third_Party/FreeRTOS/Source/portable/MemMang/heap_4.o
 .bss.xStart    0x0000000020001144        0x8 ./Middlewares/Third_Party/FreeRTOS/Source/portable/MemMang/heap_4.o
 .bss.pxEnd     0x000000002000114c        0x4 ./Middlewares/Third_Party/FreeRTOS/Source/portable/MemMang/heap_4.o
 .bss.xFreeBytesRemaining
                0x0000000020001150        0x4 ./Middlewares/Third_Party/FreeRTOS/Source/portable/MemMang/heap_4.o
 .bss.xMinimumEverFreeBytesRemaining
                0x0000000020001154        0x4 ./Middlewares/Third_Party/FreeRTOS/Source/portable/MemMang/heap_4.o
 .bss.xNumberOfSuccessfulAllocations
                0x0000000020001158        0x4 ./Middlewares/Third_Party/FreeRTOS/Source/portable/MemMang/heap_4.o
 .bss.xNumberOfSuccessfulFrees
                0x000000002000115c        0x4 ./Middlewares/Third_Party/FreeRTOS/Source/portable/MemMang/heap_4.o
 .bss.xBlockAllocatedBit
                0x0000000020001160        0x4 ./Middlewares/Third_Party/FreeRTOS/Source/portable/MemMang/heap_4.o
 .bss.__sf      0x0000000020001164      0x138 D:/STM32CubeIDE_1.13.1/STM32CubeIDE/plugins/com.st.stm32cube.ide.mcu.externaltools.gnu-tools-for-stm32.11.3.rel1.win32_1.1.0.202305231506/tools/bin/../lib/gcc/arm-none-eabi/11.3.1/../../../../arm-none-eabi/lib/thumb/v7e-m+fp/hard\libc_nano.a(libc_a-findfp.o)
                0x0000000020001164                __sf
 .bss.__lock___malloc_recursive_mutex
                0x000000002000129c        0x1 D:/STM32CubeIDE_1.13.1/STM32CubeIDE/plugins/com.st.stm32cube.ide.mcu.externaltools.gnu-tools-for-stm32.11.3.rel1.win32_1.1.0.202305231506/tools/bin/../lib/gcc/arm-none-eabi/11.3.1/../../../../arm-none-eabi/lib/thumb/v7e-m+fp/hard\libc_nano.a(libc_a-lock.o)
                0x000000002000129c                __lock___malloc_recursive_mutex
 *fill*         0x000000002000129d        0x3 
 .bss.__malloc_free_list
                0x00000000200012a0        0x4 D:/STM32CubeIDE_1.13.1/STM32CubeIDE/plugins/com.st.stm32cube.ide.mcu.externaltools.gnu-tools-for-stm32.11.3.rel1.win32_1.1.0.202305231506/tools/bin/../lib/gcc/arm-none-eabi/11.3.1/../../../../arm-none-eabi/lib/thumb/v7e-m+fp/hard\libc_nano.a(libc_a-mallocr.o)
                0x00000000200012a0                __malloc_free_list
 *(COMMON)
                0x00000000200012a4                . = ALIGN (0x4)
                0x00000000200012a4                _ebss = .
                0x00000000200012a4                __bss_end__ = _ebss

._user_heap_stack
                0x00000000200012a4      0x604 load address 0x0000000008006950
                0x00000000200012a8                . = ALIGN (0x8)
 *fill*         0x00000000200012a4        0x4 
                [!provide]                        PROVIDE (end = .)
                0x00000000200012a8                PROVIDE (_end = .)
                0x00000000200014a8                . = (. + _Min_Heap_Size)
 *fill*         0x00000000200012a8      0x200 
                0x00000000200018a8                . = (. + _Min_Stack_Size)
 *fill*         0x00000000200014a8      0x400 
                0x00000000200018a8                . = ALIGN (0x8)

/DISCARD/
 libc.a(*)
 libm.a(*)
 libgcc.a(*)

.ARM.attributes
                0x0000000000000000       0x30
 *(.ARM.attributes)
 .ARM.attributes
                0x0000000000000000       0x1e D:/STM32CubeIDE_1.13.1/STM32CubeIDE/plugins/com.st.stm32cube.ide.mcu.externaltools.gnu-tools-for-stm32.11.3.rel1.win32_1.1.0.202305231506/tools/bin/../lib/gcc/arm-none-eabi/11.3.1/thumb/v7e-m+fp/hard/crti.o
 .ARM.attributes
                0x000000000000001e       0x34 D:/STM32CubeIDE_1.13.1/STM32CubeIDE/plugins/com.st.stm32cube.ide.mcu.externaltools.gnu-tools-for-stm32.11.3.rel1.win32_1.1.0.202305231506/tools/bin/../lib/gcc/arm-none-eabi/11.3.1/thumb/v7e-m+fp/hard/crtbegin.o
 .ARM.attributes
                0x0000000000000052       0x34 ./Core/Src/BMP180.o
 .ARM.attributes
                0x0000000000000086       0x34 ./Core/Src/BUZZER.o
 .ARM.attributes
                0x00000000000000ba       0x34 ./Core/Src/LED.o
 .ARM.attributes
                0x00000000000000ee       0x34 ./Core/Src/MPU6050.o
 .ARM.attributes
                0x0000000000000122       0x34 ./Core/Src/freertos.o
 .ARM.attributes
                0x0000000000000156       0x34 ./Core/Src/main.o
 .ARM.attributes
                0x000000000000018a       0x34 ./Core/Src/stm32l4xx_hal_msp.o
 .ARM.attributes
                0x00000000000001be       0x34 ./Core/Src/stm32l4xx_it.o
 .ARM.attributes
                0x00000000000001f2       0x34 ./Core/Src/system_stm32l4xx.o
 .ARM.attributes
                0x0000000000000226       0x21 ./Core/Startup/startup_stm32l432kcux.o
 .ARM.attributes
                0x0000000000000247       0x34 ./Drivers/STM32L4xx_HAL_Driver/Src/stm32l4xx_hal.o
 .ARM.attributes
                0x000000000000027b       0x34 ./Drivers/STM32L4xx_HAL_Driver/Src/stm32l4xx_hal_cortex.o
 .ARM.attributes
                0x00000000000002af       0x34 ./Drivers/STM32L4xx_HAL_Driver/Src/stm32l4xx_hal_gpio.o
 .ARM.attributes
                0x00000000000002e3       0x34 ./Drivers/STM32L4xx_HAL_Driver/Src/stm32l4xx_hal_i2c.o
 .ARM.attributes
                0x0000000000000317       0x34 ./Drivers/STM32L4xx_HAL_Driver/Src/stm32l4xx_hal_i2c_ex.o
 .ARM.attributes
                0x000000000000034b       0x34 ./Drivers/STM32L4xx_HAL_Driver/Src/stm32l4xx_hal_pwr.o
 .ARM.attributes
                0x000000000000037f       0x34 ./Drivers/STM32L4xx_HAL_Driver/Src/stm32l4xx_hal_pwr_ex.o
 .ARM.attributes
                0x00000000000003b3       0x34 ./Drivers/STM32L4xx_HAL_Driver/Src/stm32l4xx_hal_rcc.o
 .ARM.attributes
                0x00000000000003e7       0x34 ./Drivers/STM32L4xx_HAL_Driver/Src/stm32l4xx_hal_rcc_ex.o
 .ARM.attributes
                0x000000000000041b       0x34 ./Middlewares/Third_Party/FreeRTOS/Source/CMSIS_RTOS/cmsis_os.o
 .ARM.attributes
                0x000000000000044f       0x34 ./Middlewares/Third_Party/FreeRTOS/Source/list.o
 .ARM.attributes
                0x0000000000000483       0x34 ./Middlewares/Third_Party/FreeRTOS/Source/tasks.o
 .ARM.attributes
                0x00000000000004b7       0x34 ./Middlewares/Third_Party/FreeRTOS/Source/portable/GCC/ARM_CM4F/port.o
 .ARM.attributes
                0x00000000000004eb       0x34 ./Middlewares/Third_Party/FreeRTOS/Source/portable/MemMang/heap_4.o
 .ARM.attributes
                0x000000000000051f       0x34 D:/STM32CubeIDE_1.13.1/STM32CubeIDE/plugins/com.st.stm32cube.ide.mcu.externaltools.gnu-tools-for-stm32.11.3.rel1.win32_1.1.0.202305231506/tools/bin/../lib/gcc/arm-none-eabi/11.3.1/../../../../arm-none-eabi/lib/thumb/v7e-m+fp/hard\libc_nano.a(libc_a-findfp.o)
 .ARM.attributes
                0x0000000000000553       0x34 D:/STM32CubeIDE_1.13.1/STM32CubeIDE/plugins/com.st.stm32cube.ide.mcu.externaltools.gnu-tools-for-stm32.11.3.rel1.win32_1.1.0.202305231506/tools/bin/../lib/gcc/arm-none-eabi/11.3.1/../../../../arm-none-eabi/lib/thumb/v7e-m+fp/hard\libc_nano.a(libc_a-memset.o)
 .ARM.attributes
                0x0000000000000587       0x34 D:/STM32CubeIDE_1.13.1/STM32CubeIDE/plugins/com.st.stm32cube.ide.mcu.externaltools.gnu-tools-for-stm32.11.3.rel1.win32_1.1.0.202305231506/tools/bin/../lib/gcc/arm-none-eabi/11.3.1/../../../../arm-none-eabi/lib/thumb/v7e-m+fp/hard\libc_nano.a(libc_a-reent.o)
 .ARM.attributes
                0x00000000000005bb       0x34 D:/STM32CubeIDE_1.13.1/STM32CubeIDE/plugins/com.st.stm32cube.ide.mcu.externaltools.gnu-tools-for-stm32.11.3.rel1.win32_1.1.0.202305231506/tools/bin/../lib/gcc/arm-none-eabi/11.3.1/../../../../arm-none-eabi/lib/thumb/v7e-m+fp/hard\libc_nano.a(libc_a-impure.o)
 .ARM.attributes
                0x00000000000005ef       0x34 D:/STM32CubeIDE_1.13.1/STM32CubeIDE/plugins/com.st.stm32cube.ide.mcu.externaltools.gnu-tools-for-stm32.11.3.rel1.win32_1.1.0.202305231506/tools/bin/../lib/gcc/arm-none-eabi/11.3.1/../../../../arm-none-eabi/lib/thumb/v7e-m+fp/hard\libc_nano.a(libc_a-errno.o)
 .ARM.attributes
                0x0000000000000623       0x34 D:/STM32CubeIDE_1.13.1/STM32CubeIDE/plugins/com.st.stm32cube.ide.mcu.externaltools.gnu-tools-for-stm32.11.3.rel1.win32_1.1.0.202305231506/tools/bin/../lib/gcc/arm-none-eabi/11.3.1/../../../../arm-none-eabi/lib/thumb/v7e-m+fp/hard\libc_nano.a(libc_a-init.o)
 .ARM.attributes
                0x0000000000000657       0x34 D:/STM32CubeIDE_1.13.1/STM32CubeIDE/plugins/com.st.stm32cube.ide.mcu.externaltools.gnu-tools-for-stm32.11.3.rel1.win32_1.1.0.202305231506/tools/bin/../lib/gcc/arm-none-eabi/11.3.1/../../../../arm-none-eabi/lib/thumb/v7e-m+fp/hard\libc_nano.a(libc_a-lock.o)
 .ARM.attributes
                0x000000000000068b       0x34 D:/STM32CubeIDE_1.13.1/STM32CubeIDE/plugins/com.st.stm32cube.ide.mcu.externaltools.gnu-tools-for-stm32.11.3.rel1.win32_1.1.0.202305231506/tools/bin/../lib/gcc/arm-none-eabi/11.3.1/../../../../arm-none-eabi/lib/thumb/v7e-m+fp/hard\libc_nano.a(libc_a-freer.o)
 .ARM.attributes
                0x00000000000006bf       0x34 D:/STM32CubeIDE_1.13.1/STM32CubeIDE/plugins/com.st.stm32cube.ide.mcu.externaltools.gnu-tools-for-stm32.11.3.rel1.win32_1.1.0.202305231506/tools/bin/../lib/gcc/arm-none-eabi/11.3.1/../../../../arm-none-eabi/lib/thumb/v7e-m+fp/hard\libc_nano.a(libc_a-mallocr.o)
 .ARM.attributes
                0x00000000000006f3       0x34 D:/STM32CubeIDE_1.13.1/STM32CubeIDE/plugins/com.st.stm32cube.ide.mcu.externaltools.gnu-tools-for-stm32.11.3.rel1.win32_1.1.0.202305231506/tools/bin/../lib/gcc/arm-none-eabi/11.3.1/../../../../arm-none-eabi/lib/thumb/v7e-m+fp/hard\libc_nano.a(libc_a-mlock.o)
 .ARM.attributes
                0x0000000000000727       0x34 D:/STM32CubeIDE_1.13.1/STM32CubeIDE/plugins/com.st.stm32cube.ide.mcu.externaltools.gnu-tools-for-stm32.11.3.rel1.win32_1.1.0.202305231506/tools/bin/../lib/gcc/arm-none-eabi/11.3.1/../../../../arm-none-eabi/lib/thumb/v7e-m+fp/hard\libm.a(libm_a-w_pow.o)
 .ARM.attributes
                0x000000000000075b       0x34 D:/STM32CubeIDE_1.13.1/STM32CubeIDE/plugins/com.st.stm32cube.ide.mcu.externaltools.gnu-tools-for-stm32.11.3.rel1.win32_1.1.0.202305231506/tools/bin/../lib/gcc/arm-none-eabi/11.3.1/../../../../arm-none-eabi/lib/thumb/v7e-m+fp/hard\libm.a(libm_a-s_fabs.o)
 .ARM.attributes
                0x000000000000078f       0x34 D:/STM32CubeIDE_1.13.1/STM32CubeIDE/plugins/com.st.stm32cube.ide.mcu.externaltools.gnu-tools-for-stm32.11.3.rel1.win32_1.1.0.202305231506/tools/bin/../lib/gcc/arm-none-eabi/11.3.1/../../../../arm-none-eabi/lib/thumb/v7e-m+fp/hard\libm.a(libm_a-s_finite.o)
 .ARM.attributes
                0x00000000000007c3       0x34 D:/STM32CubeIDE_1.13.1/STM32CubeIDE/plugins/com.st.stm32cube.ide.mcu.externaltools.gnu-tools-for-stm32.11.3.rel1.win32_1.1.0.202305231506/tools/bin/../lib/gcc/arm-none-eabi/11.3.1/../../../../arm-none-eabi/lib/thumb/v7e-m+fp/hard\libm.a(libm_a-e_sqrt.o)
 .ARM.attributes
                0x00000000000007f7       0x34 D:/STM32CubeIDE_1.13.1/STM32CubeIDE/plugins/com.st.stm32cube.ide.mcu.externaltools.gnu-tools-for-stm32.11.3.rel1.win32_1.1.0.202305231506/tools/bin/../lib/gcc/arm-none-eabi/11.3.1/../../../../arm-none-eabi/lib/thumb/v7e-m+fp/hard\libm.a(libm_a-e_pow.o)
 .ARM.attributes
                0x000000000000082b       0x34 D:/STM32CubeIDE_1.13.1/STM32CubeIDE/plugins/com.st.stm32cube.ide.mcu.externaltools.gnu-tools-for-stm32.11.3.rel1.win32_1.1.0.202305231506/tools/bin/../lib/gcc/arm-none-eabi/11.3.1/../../../../arm-none-eabi/lib/thumb/v7e-m+fp/hard\libm.a(libm_a-s_scalbn.o)
 .ARM.attributes
                0x000000000000085f       0x34 D:/STM32CubeIDE_1.13.1/STM32CubeIDE/plugins/com.st.stm32cube.ide.mcu.externaltools.gnu-tools-for-stm32.11.3.rel1.win32_1.1.0.202305231506/tools/bin/../lib/gcc/arm-none-eabi/11.3.1/../../../../arm-none-eabi/lib/thumb/v7e-m+fp/hard\libm.a(libm_a-math_err.o)
 .ARM.attributes
                0x0000000000000893       0x1e D:/STM32CubeIDE_1.13.1/STM32CubeIDE/plugins/com.st.stm32cube.ide.mcu.externaltools.gnu-tools-for-stm32.11.3.rel1.win32_1.1.0.202305231506/tools/bin/../lib/gcc/arm-none-eabi/11.3.1/thumb/v7e-m+fp/hard\libgcc.a(_arm_addsubdf3.o)
 .ARM.attributes
                0x00000000000008b1       0x1e D:/STM32CubeIDE_1.13.1/STM32CubeIDE/plugins/com.st.stm32cube.ide.mcu.externaltools.gnu-tools-for-stm32.11.3.rel1.win32_1.1.0.202305231506/tools/bin/../lib/gcc/arm-none-eabi/11.3.1/thumb/v7e-m+fp/hard\libgcc.a(_arm_muldivdf3.o)
 .ARM.attributes
                0x00000000000008cf       0x1e D:/STM32CubeIDE_1.13.1/STM32CubeIDE/plugins/com.st.stm32cube.ide.mcu.externaltools.gnu-tools-for-stm32.11.3.rel1.win32_1.1.0.202305231506/tools/bin/../lib/gcc/arm-none-eabi/11.3.1/thumb/v7e-m+fp/hard\libgcc.a(_arm_cmpdf2.o)
 .ARM.attributes
                0x00000000000008ed       0x1e D:/STM32CubeIDE_1.13.1/STM32CubeIDE/plugins/com.st.stm32cube.ide.mcu.externaltools.gnu-tools-for-stm32.11.3.rel1.win32_1.1.0.202305231506/tools/bin/../lib/gcc/arm-none-eabi/11.3.1/thumb/v7e-m+fp/hard\libgcc.a(_arm_unorddf2.o)
 .ARM.attributes
                0x000000000000090b       0x1e D:/STM32CubeIDE_1.13.1/STM32CubeIDE/plugins/com.st.stm32cube.ide.mcu.externaltools.gnu-tools-for-stm32.11.3.rel1.win32_1.1.0.202305231506/tools/bin/../lib/gcc/arm-none-eabi/11.3.1/thumb/v7e-m+fp/hard\libgcc.a(_arm_fixdfsi.o)
 .ARM.attributes
                0x0000000000000929       0x1e D:/STM32CubeIDE_1.13.1/STM32CubeIDE/plugins/com.st.stm32cube.ide.mcu.externaltools.gnu-tools-for-stm32.11.3.rel1.win32_1.1.0.202305231506/tools/bin/../lib/gcc/arm-none-eabi/11.3.1/thumb/v7e-m+fp/hard\libgcc.a(_arm_fixunsdfsi.o)
 .ARM.attributes
                0x0000000000000947       0x1e D:/STM32CubeIDE_1.13.1/STM32CubeIDE/plugins/com.st.stm32cube.ide.mcu.externaltools.gnu-tools-for-stm32.11.3.rel1.win32_1.1.0.202305231506/tools/bin/../lib/gcc/arm-none-eabi/11.3.1/thumb/v7e-m+fp/hard\libgcc.a(_arm_truncdfsf2.o)
 .ARM.attributes
                0x0000000000000965       0x1e D:/STM32CubeIDE_1.13.1/STM32CubeIDE/plugins/com.st.stm32cube.ide.mcu.externaltools.gnu-tools-for-stm32.11.3.rel1.win32_1.1.0.202305231506/tools/bin/../lib/gcc/arm-none-eabi/11.3.1/thumb/v7e-m+fp/hard/crtn.o
OUTPUT(full_project.elf elf32-littlearm)
LOAD linker stubs
LOAD D:/STM32CubeIDE_1.13.1/STM32CubeIDE/plugins/com.st.stm32cube.ide.mcu.externaltools.gnu-tools-for-stm32.11.3.rel1.win32_1.1.0.202305231506/tools/bin/../lib/gcc/arm-none-eabi/11.3.1/../../../../arm-none-eabi/lib/thumb/v7e-m+fp/hard\libc.a
LOAD D:/STM32CubeIDE_1.13.1/STM32CubeIDE/plugins/com.st.stm32cube.ide.mcu.externaltools.gnu-tools-for-stm32.11.3.rel1.win32_1.1.0.202305231506/tools/bin/../lib/gcc/arm-none-eabi/11.3.1/../../../../arm-none-eabi/lib/thumb/v7e-m+fp/hard\libm.a
LOAD D:/STM32CubeIDE_1.13.1/STM32CubeIDE/plugins/com.st.stm32cube.ide.mcu.externaltools.gnu-tools-for-stm32.11.3.rel1.win32_1.1.0.202305231506/tools/bin/../lib/gcc/arm-none-eabi/11.3.1/thumb/v7e-m+fp/hard\libgcc.a

.comment        0x0000000000000000       0x43
 .comment       0x0000000000000000       0x43 D:/STM32CubeIDE_1.13.1/STM32CubeIDE/plugins/com.st.stm32cube.ide.mcu.externaltools.gnu-tools-for-stm32.11.3.rel1.win32_1.1.0.202305231506/tools/bin/../lib/gcc/arm-none-eabi/11.3.1/thumb/v7e-m+fp/hard/crtbegin.o
                                         0x44 (size before relaxing)
 .comment       0x0000000000000043       0x44 ./Core/Src/BMP180.o
 .comment       0x0000000000000043       0x44 ./Core/Src/BUZZER.o
 .comment       0x0000000000000043       0x44 ./Core/Src/LED.o
 .comment       0x0000000000000043       0x44 ./Core/Src/MPU6050.o
 .comment       0x0000000000000043       0x44 ./Core/Src/freertos.o
 .comment       0x0000000000000043       0x44 ./Core/Src/main.o
 .comment       0x0000000000000043       0x44 ./Core/Src/stm32l4xx_hal_msp.o
 .comment       0x0000000000000043       0x44 ./Core/Src/stm32l4xx_it.o
 .comment       0x0000000000000043       0x44 ./Core/Src/system_stm32l4xx.o
 .comment       0x0000000000000043       0x44 ./Drivers/STM32L4xx_HAL_Driver/Src/stm32l4xx_hal.o
 .comment       0x0000000000000043       0x44 ./Drivers/STM32L4xx_HAL_Driver/Src/stm32l4xx_hal_cortex.o
 .comment       0x0000000000000043       0x44 ./Drivers/STM32L4xx_HAL_Driver/Src/stm32l4xx_hal_gpio.o
 .comment       0x0000000000000043       0x44 ./Drivers/STM32L4xx_HAL_Driver/Src/stm32l4xx_hal_i2c.o
 .comment       0x0000000000000043       0x44 ./Drivers/STM32L4xx_HAL_Driver/Src/stm32l4xx_hal_i2c_ex.o
 .comment       0x0000000000000043       0x44 ./Drivers/STM32L4xx_HAL_Driver/Src/stm32l4xx_hal_pwr.o
 .comment       0x0000000000000043       0x44 ./Drivers/STM32L4xx_HAL_Driver/Src/stm32l4xx_hal_pwr_ex.o
 .comment       0x0000000000000043       0x44 ./Drivers/STM32L4xx_HAL_Driver/Src/stm32l4xx_hal_rcc.o
 .comment       0x0000000000000043       0x44 ./Drivers/STM32L4xx_HAL_Driver/Src/stm32l4xx_hal_rcc_ex.o
 .comment       0x0000000000000043       0x44 ./Middlewares/Third_Party/FreeRTOS/Source/CMSIS_RTOS/cmsis_os.o
 .comment       0x0000000000000043       0x44 ./Middlewares/Third_Party/FreeRTOS/Source/list.o
 .comment       0x0000000000000043       0x44 ./Middlewares/Third_Party/FreeRTOS/Source/tasks.o
 .comment       0x0000000000000043       0x44 ./Middlewares/Third_Party/FreeRTOS/Source/portable/GCC/ARM_CM4F/port.o
 .comment       0x0000000000000043       0x44 ./Middlewares/Third_Party/FreeRTOS/Source/portable/MemMang/heap_4.o

.debug_info     0x0000000000000000    0x11731
 .debug_info    0x0000000000000000      0xa34 ./Core/Src/BMP180.o
 .debug_info    0x0000000000000a34      0x1f5 ./Core/Src/BUZZER.o
 .debug_info    0x0000000000000c29      0x1f5 ./Core/Src/LED.o
 .debug_info    0x0000000000000e1e      0xaac ./Core/Src/MPU6050.o
 .debug_info    0x00000000000018ca      0x918 ./Core/Src/freertos.o
 .debug_info    0x00000000000021e2     0x19f9 ./Core/Src/main.o
 .debug_info    0x0000000000003bdb      0xda2 ./Core/Src/stm32l4xx_hal_msp.o
 .debug_info    0x000000000000497d      0x11b ./Core/Src/stm32l4xx_it.o
 .debug_info    0x0000000000004a98      0x5bf ./Core/Src/system_stm32l4xx.o
 .debug_info    0x0000000000005057       0x23 ./Core/Startup/startup_stm32l432kcux.o
 .debug_info    0x000000000000507a      0x99e ./Drivers/STM32L4xx_HAL_Driver/Src/stm32l4xx_hal.o
 .debug_info    0x0000000000005a18      0xcce ./Drivers/STM32L4xx_HAL_Driver/Src/stm32l4xx_hal_cortex.o
 .debug_info    0x00000000000066e6      0x757 ./Drivers/STM32L4xx_HAL_Driver/Src/stm32l4xx_hal_gpio.o
 .debug_info    0x0000000000006e3d     0x2093 ./Drivers/STM32L4xx_HAL_Driver/Src/stm32l4xx_hal_i2c.o
 .debug_info    0x0000000000008ed0      0x98d ./Drivers/STM32L4xx_HAL_Driver/Src/stm32l4xx_hal_i2c_ex.o
 .debug_info    0x000000000000985d      0x92c ./Drivers/STM32L4xx_HAL_Driver/Src/stm32l4xx_hal_pwr.o
 .debug_info    0x000000000000a189      0x920 ./Drivers/STM32L4xx_HAL_Driver/Src/stm32l4xx_hal_pwr_ex.o
 .debug_info    0x000000000000aaa9      0xbc3 ./Drivers/STM32L4xx_HAL_Driver/Src/stm32l4xx_hal_rcc.o
 .debug_info    0x000000000000b66c      0xee5 ./Drivers/STM32L4xx_HAL_Driver/Src/stm32l4xx_hal_rcc_ex.o
 .debug_info    0x000000000000c551     0x21e1 ./Middlewares/Third_Party/FreeRTOS/Source/CMSIS_RTOS/cmsis_os.o
 .debug_info    0x000000000000e732      0x2af ./Middlewares/Third_Party/FreeRTOS/Source/list.o
 .debug_info    0x000000000000e9e1     0x239d ./Middlewares/Third_Party/FreeRTOS/Source/tasks.o
 .debug_info    0x0000000000010d7e      0x4de ./Middlewares/Third_Party/FreeRTOS/Source/portable/GCC/ARM_CM4F/port.o
 .debug_info    0x000000000001125c      0x4d5 ./Middlewares/Third_Party/FreeRTOS/Source/portable/MemMang/heap_4.o

.debug_abbrev   0x0000000000000000     0x30a3
 .debug_abbrev  0x0000000000000000      0x20e ./Core/Src/BMP180.o
 .debug_abbrev  0x000000000000020e      0x102 ./Core/Src/BUZZER.o
 .debug_abbrev  0x0000000000000310      0x102 ./Core/Src/LED.o
 .debug_abbrev  0x0000000000000412      0x23f ./Core/Src/MPU6050.o
 .debug_abbrev  0x0000000000000651      0x16f ./Core/Src/freertos.o
 .debug_abbrev  0x00000000000007c0      0x359 ./Core/Src/main.o
 .debug_abbrev  0x0000000000000b19      0x1dc ./Core/Src/stm32l4xx_hal_msp.o
 .debug_abbrev  0x0000000000000cf5       0xaa ./Core/Src/stm32l4xx_it.o
 .debug_abbrev  0x0000000000000d9f      0x11a ./Core/Src/system_stm32l4xx.o
 .debug_abbrev  0x0000000000000eb9       0x12 ./Core/Startup/startup_stm32l432kcux.o
 .debug_abbrev  0x0000000000000ecb      0x225 ./Drivers/STM32L4xx_HAL_Driver/Src/stm32l4xx_hal.o
 .debug_abbrev  0x00000000000010f0      0x327 ./Drivers/STM32L4xx_HAL_Driver/Src/stm32l4xx_hal_cortex.o
 .debug_abbrev  0x0000000000001417      0x1cb ./Drivers/STM32L4xx_HAL_Driver/Src/stm32l4xx_hal_gpio.o
 .debug_abbrev  0x00000000000015e2      0x261 ./Drivers/STM32L4xx_HAL_Driver/Src/stm32l4xx_hal_i2c.o
 .debug_abbrev  0x0000000000001843      0x1c3 ./Drivers/STM32L4xx_HAL_Driver/Src/stm32l4xx_hal_i2c_ex.o
 .debug_abbrev  0x0000000000001a06      0x1d4 ./Drivers/STM32L4xx_HAL_Driver/Src/stm32l4xx_hal_pwr.o
 .debug_abbrev  0x0000000000001bda      0x1f9 ./Drivers/STM32L4xx_HAL_Driver/Src/stm32l4xx_hal_pwr_ex.o
 .debug_abbrev  0x0000000000001dd3      0x2cb ./Drivers/STM32L4xx_HAL_Driver/Src/stm32l4xx_hal_rcc.o
 .debug_abbrev  0x000000000000209e      0x2a1 ./Drivers/STM32L4xx_HAL_Driver/Src/stm32l4xx_hal_rcc_ex.o
 .debug_abbrev  0x000000000000233f      0x426 ./Middlewares/Third_Party/FreeRTOS/Source/CMSIS_RTOS/cmsis_os.o
 .debug_abbrev  0x0000000000002765       0xf5 ./Middlewares/Third_Party/FreeRTOS/Source/list.o
 .debug_abbrev  0x000000000000285a      0x3d0 ./Middlewares/Third_Party/FreeRTOS/Source/tasks.o
 .debug_abbrev  0x0000000000002c2a      0x25c ./Middlewares/Third_Party/FreeRTOS/Source/portable/GCC/ARM_CM4F/port.o
 .debug_abbrev  0x0000000000002e86      0x21d ./Middlewares/Third_Party/FreeRTOS/Source/portable/MemMang/heap_4.o

.debug_aranges  0x0000000000000000      0xf98
 .debug_aranges
                0x0000000000000000       0x58 ./Core/Src/BMP180.o
 .debug_aranges
                0x0000000000000058       0x30 ./Core/Src/BUZZER.o
 .debug_aranges
                0x0000000000000088       0x30 ./Core/Src/LED.o
 .debug_aranges
                0x00000000000000b8       0x48 ./Core/Src/MPU6050.o
 .debug_aranges
                0x0000000000000100       0x20 ./Core/Src/freertos.o
 .debug_aranges
                0x0000000000000120       0x60 ./Core/Src/main.o
 .debug_aranges
                0x0000000000000180       0x30 ./Core/Src/stm32l4xx_hal_msp.o
 .debug_aranges
                0x00000000000001b0       0x50 ./Core/Src/stm32l4xx_it.o
 .debug_aranges
                0x0000000000000200       0x28 ./Core/Src/system_stm32l4xx.o
 .debug_aranges
                0x0000000000000228       0x28 ./Core/Startup/startup_stm32l432kcux.o
 .debug_aranges
                0x0000000000000250      0x108 ./Drivers/STM32L4xx_HAL_Driver/Src/stm32l4xx_hal.o
 .debug_aranges
                0x0000000000000358      0x118 ./Drivers/STM32L4xx_HAL_Driver/Src/stm32l4xx_hal_cortex.o
 .debug_aranges
                0x0000000000000470       0x58 ./Drivers/STM32L4xx_HAL_Driver/Src/stm32l4xx_hal_gpio.o
 .debug_aranges
                0x00000000000004c8      0x2a0 ./Drivers/STM32L4xx_HAL_Driver/Src/stm32l4xx_hal_i2c.o
 .debug_aranges
                0x0000000000000768       0x48 ./Drivers/STM32L4xx_HAL_Driver/Src/stm32l4xx_hal_i2c_ex.o
 .debug_aranges
                0x00000000000007b0       0x98 ./Drivers/STM32L4xx_HAL_Driver/Src/stm32l4xx_hal_pwr.o
 .debug_aranges
                0x0000000000000848      0x128 ./Drivers/STM32L4xx_HAL_Driver/Src/stm32l4xx_hal_pwr_ex.o
 .debug_aranges
                0x0000000000000970       0x90 ./Drivers/STM32L4xx_HAL_Driver/Src/stm32l4xx_hal_rcc.o
 .debug_aranges
                0x0000000000000a00       0xf0 ./Drivers/STM32L4xx_HAL_Driver/Src/stm32l4xx_hal_rcc_ex.o
 .debug_aranges
                0x0000000000000af0      0x1d8 ./Middlewares/Third_Party/FreeRTOS/Source/CMSIS_RTOS/cmsis_os.o
 .debug_aranges
                0x0000000000000cc8       0x40 ./Middlewares/Third_Party/FreeRTOS/Source/list.o
 .debug_aranges
                0x0000000000000d08      0x1b8 ./Middlewares/Third_Party/FreeRTOS/Source/tasks.o
 .debug_aranges
                0x0000000000000ec0       0x80 ./Middlewares/Third_Party/FreeRTOS/Source/portable/GCC/ARM_CM4F/port.o
 .debug_aranges
                0x0000000000000f40       0x58 ./Middlewares/Third_Party/FreeRTOS/Source/portable/MemMang/heap_4.o

.debug_rnglists
                0x0000000000000000      0xbcb
 .debug_rnglists
                0x0000000000000000       0x42 ./Core/Src/BMP180.o
 .debug_rnglists
                0x0000000000000042       0x1f ./Core/Src/BUZZER.o
 .debug_rnglists
                0x0000000000000061       0x1f ./Core/Src/LED.o
 .debug_rnglists
                0x0000000000000080       0x36 ./Core/Src/MPU6050.o
 .debug_rnglists
                0x00000000000000b6       0x13 ./Core/Src/freertos.o
 .debug_rnglists
                0x00000000000000c9       0x46 ./Core/Src/main.o
 .debug_rnglists
                0x000000000000010f       0x20 ./Core/Src/stm32l4xx_hal_msp.o
 .debug_rnglists
                0x000000000000012f       0x37 ./Core/Src/stm32l4xx_it.o
 .debug_rnglists
                0x0000000000000166       0x1a ./Core/Src/system_stm32l4xx.o
 .debug_rnglists
                0x0000000000000180       0x19 ./Core/Startup/startup_stm32l432kcux.o
 .debug_rnglists
                0x0000000000000199       0xc1 ./Drivers/STM32L4xx_HAL_Driver/Src/stm32l4xx_hal.o
 .debug_rnglists
                0x000000000000025a       0xce ./Drivers/STM32L4xx_HAL_Driver/Src/stm32l4xx_hal_cortex.o
 .debug_rnglists
                0x0000000000000328       0x3f ./Drivers/STM32L4xx_HAL_Driver/Src/stm32l4xx_hal_gpio.o
 .debug_rnglists
                0x0000000000000367      0x228 ./Drivers/STM32L4xx_HAL_Driver/Src/stm32l4xx_hal_i2c.o
 .debug_rnglists
                0x000000000000058f       0x35 ./Drivers/STM32L4xx_HAL_Driver/Src/stm32l4xx_hal_i2c_ex.o
 .debug_rnglists
                0x00000000000005c4       0x6e ./Drivers/STM32L4xx_HAL_Driver/Src/stm32l4xx_hal_pwr.o
 .debug_rnglists
                0x0000000000000632       0xdf ./Drivers/STM32L4xx_HAL_Driver/Src/stm32l4xx_hal_pwr_ex.o
 .debug_rnglists
                0x0000000000000711       0x6d ./Drivers/STM32L4xx_HAL_Driver/Src/stm32l4xx_hal_rcc.o
 .debug_rnglists
                0x000000000000077e       0xba ./Drivers/STM32L4xx_HAL_Driver/Src/stm32l4xx_hal_rcc_ex.o
 .debug_rnglists
                0x0000000000000838      0x16a ./Middlewares/Third_Party/FreeRTOS/Source/CMSIS_RTOS/cmsis_os.o
 .debug_rnglists
                0x00000000000009a2       0x2b ./Middlewares/Third_Party/FreeRTOS/Source/list.o
 .debug_rnglists
                0x00000000000009cd      0x15f ./Middlewares/Third_Party/FreeRTOS/Source/tasks.o
 .debug_rnglists
                0x0000000000000b2c       0x5d ./Middlewares/Third_Party/FreeRTOS/Source/portable/GCC/ARM_CM4F/port.o
 .debug_rnglists
                0x0000000000000b89       0x42 ./Middlewares/Third_Party/FreeRTOS/Source/portable/MemMang/heap_4.o

.debug_macro    0x0000000000000000    0x21f2b
 .debug_macro   0x0000000000000000      0x287 ./Core/Src/BMP180.o
 .debug_macro   0x0000000000000287      0xaa8 ./Core/Src/BMP180.o
 .debug_macro   0x0000000000000d2f      0x1a1 ./Core/Src/BMP180.o
 .debug_macro   0x0000000000000ed0       0x2e ./Core/Src/BMP180.o
 .debug_macro   0x0000000000000efe       0x28 ./Core/Src/BMP180.o
 .debug_macro   0x0000000000000f26       0x22 ./Core/Src/BMP180.o
 .debug_macro   0x0000000000000f48       0x8e ./Core/Src/BMP180.o
 .debug_macro   0x0000000000000fd6       0x51 ./Core/Src/BMP180.o
 .debug_macro   0x0000000000001027      0x103 ./Core/Src/BMP180.o
 .debug_macro   0x000000000000112a       0x6a ./Core/Src/BMP180.o
 .debug_macro   0x0000000000001194      0x1df ./Core/Src/BMP180.o
 .debug_macro   0x0000000000001373       0x1c ./Core/Src/BMP180.o
 .debug_macro   0x000000000000138f       0x22 ./Core/Src/BMP180.o
 .debug_macro   0x00000000000013b1       0xfb ./Core/Src/BMP180.o
 .debug_macro   0x00000000000014ac     0x1011 ./Core/Src/BMP180.o
 .debug_macro   0x00000000000024bd      0x11f ./Core/Src/BMP180.o
 .debug_macro   0x00000000000025dc    0x147a6 ./Core/Src/BMP180.o
 .debug_macro   0x0000000000016d82       0x6d ./Core/Src/BMP180.o
 .debug_macro   0x0000000000016def     0x38e6 ./Core/Src/BMP180.o
 .debug_macro   0x000000000001a6d5      0x174 ./Core/Src/BMP180.o
 .debug_macro   0x000000000001a849       0x5c ./Core/Src/BMP180.o
 .debug_macro   0x000000000001a8a5     0x11ca ./Core/Src/BMP180.o
 .debug_macro   0x000000000001ba6f      0x53c ./Core/Src/BMP180.o
 .debug_macro   0x000000000001bfab      0x1b9 ./Core/Src/BMP180.o
 .debug_macro   0x000000000001c164      0x122 ./Core/Src/BMP180.o
 .debug_macro   0x000000000001c286      0x26b ./Core/Src/BMP180.o
 .debug_macro   0x000000000001c4f1      0x23d ./Core/Src/BMP180.o
 .debug_macro   0x000000000001c72e      0x241 ./Core/Src/BMP180.o
 .debug_macro   0x000000000001c96f      0x375 ./Core/Src/BMP180.o
 .debug_macro   0x000000000001cce4       0xd6 ./Core/Src/BMP180.o
 .debug_macro   0x000000000001cdba      0x22c ./Core/Src/BMP180.o
 .debug_macro   0x000000000001cfe6       0x61 ./Core/Src/BMP180.o
 .debug_macro   0x000000000001d047       0xa5 ./Core/Src/BMP180.o
 .debug_macro   0x000000000001d0ec      0x122 ./Core/Src/BMP180.o
 .debug_macro   0x000000000001d20e      0x356 ./Core/Src/BMP180.o
 .debug_macro   0x000000000001d564      0x220 ./Core/Src/BMP180.o
 .debug_macro   0x000000000001d784       0x34 ./Core/Src/BMP180.o
 .debug_macro   0x000000000001d7b8       0x61 ./Core/Src/BMP180.o
 .debug_macro   0x000000000001d819       0x2a ./Core/Src/BMP180.o
 .debug_macro   0x000000000001d843       0x43 ./Core/Src/BMP180.o
 .debug_macro   0x000000000001d886       0x34 ./Core/Src/BMP180.o
 .debug_macro   0x000000000001d8ba       0x16 ./Core/Src/BMP180.o
 .debug_macro   0x000000000001d8d0       0x43 ./Core/Src/BMP180.o
 .debug_macro   0x000000000001d913       0x34 ./Core/Src/BMP180.o
 .debug_macro   0x000000000001d947       0x10 ./Core/Src/BMP180.o
 .debug_macro   0x000000000001d957       0x58 ./Core/Src/BMP180.o
 .debug_macro   0x000000000001d9af       0x8e ./Core/Src/BMP180.o
 .debug_macro   0x000000000001da3d       0x1c ./Core/Src/BMP180.o
 .debug_macro   0x000000000001da59      0x177 ./Core/Src/BMP180.o
 .debug_macro   0x000000000001dbd0      0x369 ./Core/Src/BMP180.o
 .debug_macro   0x000000000001df39      0x19b ./Core/Src/BMP180.o
 .debug_macro   0x000000000001e0d4      0x1e2 ./Core/Src/BUZZER.o
 .debug_macro   0x000000000001e2b6      0x1e2 ./Core/Src/LED.o
 .debug_macro   0x000000000001e498      0x2b1 ./Core/Src/MPU6050.o
 .debug_macro   0x000000000001e749       0x5b ./Core/Src/MPU6050.o
 .debug_macro   0x000000000001e7a4       0x94 ./Core/Src/MPU6050.o
 .debug_macro   0x000000000001e838       0x57 ./Core/Src/MPU6050.o
 .debug_macro   0x000000000001e88f       0x56 ./Core/Src/MPU6050.o
 .debug_macro   0x000000000001e8e5      0x2c5 ./Core/Src/freertos.o
 .debug_macro   0x000000000001ebaa       0xea ./Core/Src/freertos.o
 .debug_macro   0x000000000001ec94      0x15a ./Core/Src/freertos.o
 .debug_macro   0x000000000001edee       0xde ./Core/Src/freertos.o
 .debug_macro   0x000000000001eecc       0x1c ./Core/Src/freertos.o
 .debug_macro   0x000000000001eee8       0x26 ./Core/Src/freertos.o
 .debug_macro   0x000000000001ef0e       0x10 ./Core/Src/freertos.o
 .debug_macro   0x000000000001ef1e       0x35 ./Core/Src/freertos.o
 .debug_macro   0x000000000001ef53      0x4fe ./Core/Src/freertos.o
 .debug_macro   0x000000000001f451       0xb5 ./Core/Src/freertos.o
 .debug_macro   0x000000000001f506       0xaa ./Core/Src/freertos.o
 .debug_macro   0x000000000001f5b0      0x33c ./Core/Src/main.o
 .debug_macro   0x000000000001f8ec       0xea ./Core/Src/main.o
 .debug_macro   0x000000000001f9d6       0x91 ./Core/Src/main.o
 .debug_macro   0x000000000001fa67       0x8d ./Core/Src/main.o
 .debug_macro   0x000000000001faf4       0x7e ./Core/Src/main.o
 .debug_macro   0x000000000001fb72       0x19 ./Core/Src/main.o
 .debug_macro   0x000000000001fb8b       0xf2 ./Core/Src/main.o
 .debug_macro   0x000000000001fc7d      0x1c0 ./Core/Src/stm32l4xx_hal_msp.o
 .debug_macro   0x000000000001fe3d      0x2cf ./Core/Src/stm32l4xx_it.o
 .debug_macro   0x000000000002010c      0x1b1 ./Core/Src/system_stm32l4xx.o
 .debug_macro   0x00000000000202bd      0x1f9 ./Drivers/STM32L4xx_HAL_Driver/Src/stm32l4xx_hal.o
 .debug_macro   0x00000000000204b6      0x1b1 ./Drivers/STM32L4xx_HAL_Driver/Src/stm32l4xx_hal_cortex.o
 .debug_macro   0x0000000000020667      0x1b8 ./Drivers/STM32L4xx_HAL_Driver/Src/stm32l4xx_hal_gpio.o
 .debug_macro   0x000000000002081f      0x27d ./Drivers/STM32L4xx_HAL_Driver/Src/stm32l4xx_hal_i2c.o
 .debug_macro   0x0000000000020a9c      0x1b1 ./Drivers/STM32L4xx_HAL_Driver/Src/stm32l4xx_hal_i2c_ex.o
 .debug_macro   0x0000000000020c4d      0x1c9 ./Drivers/STM32L4xx_HAL_Driver/Src/stm32l4xx_hal_pwr.o
 .debug_macro   0x0000000000020e16      0x1d5 ./Drivers/STM32L4xx_HAL_Driver/Src/stm32l4xx_hal_pwr_ex.o
 .debug_macro   0x0000000000020feb      0x1f3 ./Drivers/STM32L4xx_HAL_Driver/Src/stm32l4xx_hal_rcc.o
 .debug_macro   0x00000000000211de      0x1e7 ./Drivers/STM32L4xx_HAL_Driver/Src/stm32l4xx_hal_rcc_ex.o
 .debug_macro   0x00000000000213c5      0x210 ./Middlewares/Third_Party/FreeRTOS/Source/CMSIS_RTOS/cmsis_os.o
 .debug_macro   0x00000000000215d5       0x10 ./Middlewares/Third_Party/FreeRTOS/Source/CMSIS_RTOS/cmsis_os.o
 .debug_macro   0x00000000000215e5       0x20 ./Middlewares/Third_Party/FreeRTOS/Source/CMSIS_RTOS/cmsis_os.o
 .debug_macro   0x0000000000021605       0x16 ./Middlewares/Third_Party/FreeRTOS/Source/CMSIS_RTOS/cmsis_os.o
 .debug_macro   0x000000000002161b       0xe9 ./Middlewares/Third_Party/FreeRTOS/Source/CMSIS_RTOS/cmsis_os.o
 .debug_macro   0x0000000000021704      0x199 ./Middlewares/Third_Party/FreeRTOS/Source/list.o
 .debug_macro   0x000000000002189d      0x28b ./Middlewares/Third_Party/FreeRTOS/Source/tasks.o
 .debug_macro   0x0000000000021b28       0x10 ./Middlewares/Third_Party/FreeRTOS/Source/tasks.o
 .debug_macro   0x0000000000021b38      0x233 ./Middlewares/Third_Party/FreeRTOS/Source/portable/GCC/ARM_CM4F/port.o
 .debug_macro   0x0000000000021d6b      0x1c0 ./Middlewares/Third_Party/FreeRTOS/Source/portable/MemMang/heap_4.o

.debug_line     0x0000000000000000    0x13572
 .debug_line    0x0000000000000000      0xb2e ./Core/Src/BMP180.o
 .debug_line    0x0000000000000b2e      0x734 ./Core/Src/BUZZER.o
 .debug_line    0x0000000000001262      0x72e ./Core/Src/LED.o
 .debug_line    0x0000000000001990      0xba1 ./Core/Src/MPU6050.o
 .debug_line    0x0000000000002531      0x933 ./Core/Src/freertos.o
 .debug_line    0x0000000000002e64      0xbbd ./Core/Src/main.o
 .debug_line    0x0000000000003a21      0x76c ./Core/Src/stm32l4xx_hal_msp.o
 .debug_line    0x000000000000418d      0x9dd ./Core/Src/stm32l4xx_it.o
 .debug_line    0x0000000000004b6a      0x7a0 ./Core/Src/system_stm32l4xx.o
 .debug_line    0x000000000000530a       0x7a ./Core/Startup/startup_stm32l432kcux.o
 .debug_line    0x0000000000005384      0xa65 ./Drivers/STM32L4xx_HAL_Driver/Src/stm32l4xx_hal.o
 .debug_line    0x0000000000005de9      0xc9f ./Drivers/STM32L4xx_HAL_Driver/Src/stm32l4xx_hal_cortex.o